

================================================================
== Vitis HLS Report for 'sin_gen_varAmp_3phi_x64'
================================================================
* Date:           Wed Apr 29 12:44:11 2026

* Version:        2020.2 (Build 3064766 on Wed Nov 18 09:12:45 MST 2020)
* Project:        sin_gen_varAmp_3phi_x64
* Solution:       solution1 (Vivado IP Flow Target)
* Product family: artix7
* Target device:  xc7a200t-fbg676-2


================================================================
== Performance Estimates
================================================================
+ Timing: 
    * Summary: 
    +--------+----------+----------+------------+
    |  Clock |  Target  | Estimated| Uncertainty|
    +--------+----------+----------+------------+
    |ap_clk  |  10.00 ns|  7.002 ns|     2.70 ns|
    +--------+----------+----------+------------+

+ Latency: 
    * Summary: 
    +---------+---------+----------+----------+-----+-----+---------+
    |  Latency (cycles) |  Latency (absolute) |  Interval | Pipeline|
    |   min   |   max   |    min   |    max   | min | max |   Type  |
    +---------+---------+----------+----------+-----+-----+---------+
    |        ?|        ?|         ?|         ?|    ?|    ?|     none|
    +---------+---------+----------+----------+-----+-----+---------+

    + Detail: 
        * Instance: 
        +---------------------+----------+---------+---------+----------+----------+-----+-----+---------+
        |                     |          |  Latency (cycles) |  Latency (absolute) |  Interval | Pipeline|
        |       Instance      |  Module  |   min   |   max   |    min   |    max   | min | max |   Type  |
        +---------------------+----------+---------+---------+----------+----------+-----+-----+---------+
        |grp_sin_2000_fu_218  |sin_2000  |        ?|        ?|         ?|         ?|    ?|    ?|     none|
        |grp_sin_2000_fu_225  |sin_2000  |        ?|        ?|         ?|         ?|    ?|    ?|     none|
        |grp_sin_2000_fu_232  |sin_2000  |        ?|        ?|         ?|         ?|    ?|    ?|     none|
        |grp_sin_2000_fu_239  |sin_2000  |        ?|        ?|         ?|         ?|    ?|    ?|     none|
        +---------------------+----------+---------+---------+----------+----------+-----+-----+---------+

        * Loop: 
        N/A



================================================================
== Utilization Estimates
================================================================
* Summary: 
+-----------------+---------+-----+--------+--------+-----+
|       Name      | BRAM_18K| DSP |   FF   |   LUT  | URAM|
+-----------------+---------+-----+--------+--------+-----+
|DSP              |        -|    -|       -|       -|    -|
|Expression       |        -|    -|       0|    2722|    -|
|FIFO             |        -|    -|       -|       -|    -|
|Instance         |       24|   42|    9541|    8448|    -|
|Memory           |        -|    -|       -|       -|    -|
|Multiplexer      |        -|    -|       -|     199|    -|
|Register         |        -|    -|    3598|       -|    -|
+-----------------+---------+-----+--------+--------+-----+
|Total            |       24|   42|   13139|   11369|    0|
+-----------------+---------+-----+--------+--------+-----+
|Available        |      730|  740|  269200|  134600|    0|
+-----------------+---------+-----+--------+--------+-----+
|Utilization (%)  |        3|    5|       4|       8|    0|
+-----------------+---------+-----+--------+--------+-----+

+ Detail: 
    * Instance: 
    +-------------------------+---------------------+---------+----+-----+------+-----+
    |         Instance        |        Module       | BRAM_18K| DSP|  FF |  LUT | URAM|
    +-------------------------+---------------------+---------+----+-----+------+-----+
    |mul_50s_64s_112_5_1_U6   |mul_50s_64s_112_5_1  |        0|   2|  441|   256|    0|
    |mul_50s_64s_112_5_1_U7   |mul_50s_64s_112_5_1  |        0|   2|  441|   256|    0|
    |mul_50s_64s_112_5_1_U8   |mul_50s_64s_112_5_1  |        0|   2|  441|   256|    0|
    |mul_50s_64s_112_5_1_U9   |mul_50s_64s_112_5_1  |        0|   2|  441|   256|    0|
    |mul_50s_64s_112_5_1_U10  |mul_50s_64s_112_5_1  |        0|   2|  441|   256|    0|
    |mul_50s_64s_112_5_1_U11  |mul_50s_64s_112_5_1  |        0|   2|  441|   256|    0|
    |mul_50s_64s_112_5_1_U12  |mul_50s_64s_112_5_1  |        0|   2|  441|   256|    0|
    |mul_50s_64s_112_5_1_U13  |mul_50s_64s_112_5_1  |        0|   2|  441|   256|    0|
    |mul_50s_64s_112_5_1_U14  |mul_50s_64s_112_5_1  |        0|   2|  441|   256|    0|
    |mul_50s_64s_112_5_1_U15  |mul_50s_64s_112_5_1  |        0|   2|  441|   256|    0|
    |mul_50s_64s_112_5_1_U16  |mul_50s_64s_112_5_1  |        0|   2|  441|   256|    0|
    |mul_50s_64s_112_5_1_U17  |mul_50s_64s_112_5_1  |        0|   2|  441|   256|    0|
    |mul_64s_31ns_94_5_1_U5   |mul_64s_31ns_94_5_1  |        0|   2|  441|   256|    0|
    |grp_sin_2000_fu_218      |sin_2000             |        6|   4|  952|  1280|    0|
    |grp_sin_2000_fu_225      |sin_2000             |        6|   4|  952|  1280|    0|
    |grp_sin_2000_fu_232      |sin_2000             |        6|   4|  952|  1280|    0|
    |grp_sin_2000_fu_239      |sin_2000             |        6|   4|  952|  1280|    0|
    +-------------------------+---------------------+---------+----+-----+------+-----+
    |Total                    |                     |       24|  42| 9541|  8448|    0|
    +-------------------------+---------------------+---------+----+-----+------+-----+

    * DSP: 
    N/A

    * Memory: 
    N/A

    * FIFO: 
    N/A

    * Expression: 
    +----------------------------------+----------+----+---+-----+------------+------------+
    |           Variable Name          | Operation| DSP| FF| LUT | Bitwidth P0| Bitwidth P1|
    +----------------------------------+----------+----+---+-----+------------+------------+
    |add_ln1192_2_fu_355_p2            |         +|   0|  0|   71|          64|          64|
    |add_ln1192_4_fu_365_p2            |         +|   0|  0|   71|          64|          64|
    |add_ln1192_7_fu_409_p2            |         +|   0|  0|   71|          64|          64|
    |add_ln1192_fu_333_p2              |         +|   0|  0|   71|          64|          64|
    |add_ln703_10_fu_370_p2            |         +|   0|  0|   71|          64|          50|
    |add_ln703_11_fu_376_p2            |         +|   0|  0|   71|          64|          51|
    |add_ln703_12_fu_414_p2            |         +|   0|  0|   71|          64|          50|
    |add_ln703_13_fu_420_p2            |         +|   0|  0|   71|          64|          51|
    |add_ln703_14_fu_484_p2            |         +|   0|  0|   71|          64|          50|
    |add_ln703_15_fu_490_p2            |         +|   0|  0|   71|          64|          51|
    |add_ln703_1_fu_328_p2             |         +|   0|  0|   71|          64|          64|
    |add_ln703_2_fu_338_p2             |         +|   0|  0|   71|          64|          51|
    |add_ln703_3_fu_344_p2             |         +|   0|  0|   71|          64|          50|
    |add_ln703_4_fu_360_p2             |         +|   0|  0|   71|          64|          64|
    |add_ln703_5_fu_382_p2             |         +|   0|  0|   71|          64|          51|
    |add_ln703_6_fu_388_p2             |         +|   0|  0|   71|          64|          50|
    |add_ln703_7_fu_404_p2             |         +|   0|  0|   71|          64|          64|
    |add_ln703_8_fu_452_p2             |         +|   0|  0|   71|          64|          51|
    |add_ln703_9_fu_458_p2             |         +|   0|  0|   71|          64|          50|
    |add_ln703_fu_310_p2               |         +|   0|  0|   71|          64|          64|
    |ret_V_10_fu_588_p2                |         +|   0|  0|  119|         112|         112|
    |ret_V_11_fu_596_p2                |         +|   0|  0|  112|         112|         112|
    |ret_V_12_fu_592_p2                |         +|   0|  0|  119|         112|         112|
    |ret_V_13_fu_605_p2                |         +|   0|  0|  112|         112|         112|
    |ret_V_3_fu_614_p2                 |         +|   0|  0|  112|         112|         112|
    |ret_V_4_fu_618_p2                 |         +|   0|  0|  112|         112|         112|
    |ret_V_7_fu_609_p2                 |         +|   0|  0|  112|         112|         112|
    |ret_V_8_fu_645_p2                 |         +|   0|  0|  112|         112|         112|
    |ret_V_9_fu_649_p2                 |         +|   0|  0|  112|         112|         112|
    |ret_V_fu_600_p2                   |         +|   0|  0|  112|         112|         112|
    |sub_ln1192_fu_399_p2              |         -|   0|  0|   71|          64|          64|
    |icmp_ln1495_fu_282_p2             |      icmp|   0|  0|   29|          64|          51|
    |ap_block_state10_on_subcall_done  |        or|   0|  0|    2|           1|           1|
    |select_ln38_fu_315_p3             |    select|   0|  0|   64|           1|          64|
    |xor_ln870_fu_266_p2               |       xor|   0|  0|    2|           1|           1|
    +----------------------------------+----------+----+---+-----+------------+------------+
    |Total                             |          |   0|  0| 2722|        2531|        2419|
    +----------------------------------+----------+----+---+-----+------------+------------+

    * Multiplexer: 
    +-------------------------------------+----+-----------+-----+-----------+
    |                 Name                | LUT| Input Size| Bits| Total Bits|
    +-------------------------------------+----+-----------+-----+-----------+
    |ap_NS_fsm                            |  86|         18|    1|         18|
    |ap_phi_mux_wt_V_loc_0_phi_fu_211_p4  |   9|          2|   64|        128|
    |ap_sig_allocacmp_va_V_load           |   9|          2|   64|        128|
    |ap_sig_allocacmp_vb_V_load           |   9|          2|   64|        128|
    |ap_sig_allocacmp_vc_V_load           |   9|          2|   64|        128|
    |grp_sin_2000_fu_218_theta_in         |  17|          4|   64|        256|
    |grp_sin_2000_fu_225_theta_in         |  17|          4|   64|        256|
    |grp_sin_2000_fu_232_theta_in         |  17|          4|   64|        256|
    |grp_sin_2000_fu_239_theta_in         |  17|          4|   64|        256|
    |wt_V_loc_0_reg_208                   |   9|          2|   64|        128|
    +-------------------------------------+----+-----------+-----+-----------+
    |Total                                | 199|         44|  577|       1682|
    +-------------------------------------+----+-----------+-----+-----------+

    * Register: 
    +----------------------------------+-----+----+-----+-----------+
    |               Name               |  FF | LUT| Bits| Const Bits|
    +----------------------------------+-----+----+-----+-----------+
    |add_ln1192_4_reg_811              |   64|   0|   64|          0|
    |add_ln1192_7_reg_843              |   64|   0|   64|          0|
    |add_ln1192_reg_789                |   64|   0|   64|          0|
    |add_ln703_10_reg_817              |   64|   0|   64|          0|
    |add_ln703_11_reg_822              |   64|   0|   64|          0|
    |add_ln703_12_reg_849              |   64|   0|   64|          0|
    |add_ln703_13_reg_854              |   64|   0|   64|          0|
    |add_ln703_14_reg_901              |   64|   0|   64|          0|
    |add_ln703_15_reg_906              |   64|   0|   64|          0|
    |add_ln703_1_reg_783               |   64|   0|   64|          0|
    |add_ln703_2_reg_795               |   64|   0|   64|          0|
    |add_ln703_3_reg_800               |   64|   0|   64|          0|
    |add_ln703_4_reg_805               |   64|   0|   64|          0|
    |add_ln703_5_reg_827               |   64|   0|   64|          0|
    |add_ln703_6_reg_832               |   64|   0|   64|          0|
    |add_ln703_7_reg_837               |   64|   0|   64|          0|
    |add_ln703_8_reg_881               |   64|   0|   64|          0|
    |add_ln703_9_reg_886               |   64|   0|   64|          0|
    |ap_CS_fsm                         |   17|   0|   17|          0|
    |aux_sinc_V                        |    1|   0|    1|          0|
    |grp_sin_2000_fu_218_ap_start_reg  |    1|   0|    1|          0|
    |grp_sin_2000_fu_225_ap_start_reg  |    1|   0|    1|          0|
    |grp_sin_2000_fu_232_ap_start_reg  |    1|   0|    1|          0|
    |grp_sin_2000_fu_239_ap_start_reg  |    1|   0|    1|          0|
    |icmp_ln1495_reg_759               |    1|   0|    1|          0|
    |r_V_11_reg_1045                   |  112|   0|  112|          0|
    |r_V_12_reg_1050                   |  112|   0|  112|          0|
    |r_V_13_reg_975                    |  112|   0|  112|          0|
    |r_V_14_reg_980                    |  112|   0|  112|          0|
    |r_V_15_reg_1000                   |  112|   0|  112|          0|
    |r_V_16_reg_1005                   |  112|   0|  112|          0|
    |r_V_17_reg_985                    |  112|   0|  112|          0|
    |r_V_18_reg_990                    |  112|   0|  112|          0|
    |r_V_19_reg_1015                   |  112|   0|  112|          0|
    |r_V_20_reg_1020                   |  112|   0|  112|          0|
    |r_V_5_reg_1030                    |  112|   0|  112|          0|
    |r_V_6_reg_1035                    |  112|   0|  112|          0|
    |reg_246                           |   50|   0|   50|          0|
    |reg_250                           |   50|   0|   50|          0|
    |reg_254                           |   50|   0|   50|          0|
    |reg_258                           |   50|   0|   50|          0|
    |ret_V_10_reg_995                  |  112|   0|  112|          0|
    |ret_V_12_reg_1010                 |  112|   0|  112|          0|
    |ret_V_7_reg_1040                  |  112|   0|  112|          0|
    |ret_V_reg_1025                    |  112|   0|  112|          0|
    |select_ln38_reg_774               |   64|   0|   64|          0|
    |trunc_ln_reg_769                  |   46|   0|   46|          0|
    |va_V                              |   64|   0|   64|          0|
    |vb_V                              |   64|   0|   64|          0|
    |vc_V                              |   64|   0|   64|          0|
    |wt_V                              |   64|   0|   64|          0|
    |wt_V_loc_0_reg_208                |   64|   0|   64|          0|
    |xor_ln870_reg_750                 |    1|   0|    1|          0|
    +----------------------------------+-----+----+-----+-----------+
    |Total                             | 3598|   0| 3598|          0|
    +----------------------------------+-----+----+-----+-----------+



================================================================
== Interface
================================================================
* Summary: 
+---------------+-----+-----+------------+-------------------------+--------------+
|   RTL Ports   | Dir | Bits|  Protocol  |      Source Object      |    C Type    |
+---------------+-----+-----+------------+-------------------------+--------------+
|ap_clk         |   in|    1|  ap_ctrl_hs|  sin_gen_varAmp_3phi_x64|  return value|
|ap_rst         |   in|    1|  ap_ctrl_hs|  sin_gen_varAmp_3phi_x64|  return value|
|ap_start       |   in|    1|  ap_ctrl_hs|  sin_gen_varAmp_3phi_x64|  return value|
|ap_done        |  out|    1|  ap_ctrl_hs|  sin_gen_varAmp_3phi_x64|  return value|
|ap_idle        |  out|    1|  ap_ctrl_hs|  sin_gen_varAmp_3phi_x64|  return value|
|ap_ready       |  out|    1|  ap_ctrl_hs|  sin_gen_varAmp_3phi_x64|  return value|
|sinc           |   in|    1|     ap_none|                     sinc|        scalar|
|opt            |   in|    1|     ap_none|                      opt|        scalar|
|f              |   in|   64|     ap_none|                        f|        scalar|
|A_1p           |   in|   64|     ap_none|                     A_1p|        scalar|
|Ang_1p         |   in|   64|     ap_none|                   Ang_1p|        scalar|
|A_1n           |   in|   64|     ap_none|                     A_1n|        scalar|
|Ang_1n         |   in|   64|     ap_none|                   Ang_1n|        scalar|
|A_5p           |   in|   64|     ap_none|                     A_5p|        scalar|
|Ang_5p         |   in|   64|     ap_none|                   Ang_5p|        scalar|
|A_5n           |   in|   64|     ap_none|                     A_5n|        scalar|
|Ang_5n         |   in|   64|     ap_none|                   Ang_5n|        scalar|
|A_7p           |   in|   64|     ap_none|                     A_7p|        scalar|
|Ang_7p         |   in|   64|     ap_none|                   Ang_7p|        scalar|
|A_7n           |   in|   64|     ap_none|                     A_7n|        scalar|
|Ang_7n         |   in|   64|     ap_none|                   Ang_7n|        scalar|
|vout_a         |  out|   64|      ap_vld|                   vout_a|       pointer|
|vout_a_ap_vld  |  out|    1|      ap_vld|                   vout_a|       pointer|
|vout_b         |  out|   64|      ap_vld|                   vout_b|       pointer|
|vout_b_ap_vld  |  out|    1|      ap_vld|                   vout_b|       pointer|
|vout_c         |  out|   64|      ap_vld|                   vout_c|       pointer|
|vout_c_ap_vld  |  out|    1|      ap_vld|                   vout_c|       pointer|
|wtout          |  out|   64|      ap_vld|                    wtout|       pointer|
|wtout_ap_vld   |  out|    1|      ap_vld|                    wtout|       pointer|
+---------------+-----+-----+------------+-------------------------+--------------+

