

================================================================
== Synthesis Summary Report of 'PLL2026_x64'
================================================================
+ General Information: 
    * Date:           Fri Jul 10 13:31:17 2026
    * Version:        2020.2 (Build 3064766 on Wed Nov 18 09:12:45 MST 2020)
    * Project:        PLL2026
    * Solution:       solution1 (Vivado IP Flow Target)
    * Product family: artix7
    * Target device:  xc7a200t-fbg676-2
    

+ Performance & Resource Estimates: 
    
    PS: '+' for module; 'o' for loop; '*' for dataflow
    +-------------------------------+--------+-------+---------+---------+----------+---------+------+----------+---------+-----------+------------+-------------+-----+
    |            Modules            |  Issue |       | Latency | Latency | Iteration|         | Trip |          |         |           |            |             |     |
    |            & Loops            |  Type  | Slack | (cycles)|   (ns)  |  Latency | Interval| Count| Pipelined|  BRAM   |    DSP    |     FF     |     LUT     | URAM|
    +-------------------------------+--------+-------+---------+---------+----------+---------+------+----------+---------+-----------+------------+-------------+-----+
    |+ PLL2026_x64                  |  Timing|   0.00|        -|        -|         -|        -|     -|        no|  42 (5%)|  100 (13%)|  25347 (9%)|  24651 (18%)|    -|
    | + grp_ATAN2_LUT_fu_769        |       -|  -0.13|        -|        -|         -|        -|     -|        no|  6 (~0%)|    2 (~0%)|  1506 (~0%)|    2061 (1%)|    -|
    |  + grp_INV_LUT_fu_88          |       -|  -0.17|        -|        -|         -|        -|     -|        no|  6 (~0%)|    4 (~0%)|   908 (~0%)|    686 (~0%)|    -|
    |   o VITIS_LOOP_1018_1         |      II|  -7.30|        -|        -|         2|        2|     -|       yes|        -|          -|           -|            -|    -|
    |  + grp_ATAN_LUT_fu_99         |       -|  -0.17|        -|        -|         -|        -|     -|        no|  6 (~0%)|    2 (~0%)|   757 (~0%)|    630 (~0%)|    -|
    |   o VITIS_LOOP_1018_1         |      II|  -7.30|        -|        -|         2|        2|     -|       yes|        -|          -|           -|            -|    -|
    | + grp_cos_2000_fu_787         |       -|  -0.15|       12|  120.000|         -|       12|     -|        no|  6 (~0%)|    4 (~0%)|  1016 (~0%)|    3495 (2%)|    -|
    | + grp_cos_2000_fu_794         |       -|  -0.15|       12|  120.000|         -|       12|     -|        no|  6 (~0%)|    4 (~0%)|  1016 (~0%)|    3495 (2%)|    -|
    | + grp_ATAN_LUT_signed_fu_801  |       -|  -0.17|        -|        -|         -|        -|     -|        no|  6 (~0%)|          -|   788 (~0%)|    968 (~0%)|    -|
    |  o VITIS_LOOP_1018_1          |      II|  -7.30|        -|        -|         2|        2|     -|       yes|        -|          -|           -|            -|    -|
    |  o VITIS_LOOP_1018_1          |      II|  -7.30|        -|        -|         2|        2|     -|       yes|        -|          -|           -|            -|    -|
    | + grp_sin_2000_fu_812         |       -|  -0.15|       11|  110.000|         -|       11|     -|        no|  6 (~0%)|    4 (~0%)|   885 (~0%)|    2151 (1%)|    -|
    | + grp_INV_LUT_fu_819          |       -|  -0.17|        -|        -|         -|        -|     -|        no|  6 (~0%)|    4 (~0%)|   908 (~0%)|    686 (~0%)|    -|
    |  o VITIS_LOOP_1018_1          |      II|  -7.30|        -|        -|         2|        2|     -|       yes|        -|          -|           -|            -|    -|
    | o VITIS_LOOP_1018_1           |      II|  -7.30|        -|        -|         2|        2|     -|       yes|        -|          -|           -|            -|    -|
    | o VITIS_LOOP_1018_1           |      II|  -7.30|        -|        -|         2|        2|     -|       yes|        -|          -|           -|            -|    -|
    +-------------------------------+--------+-------+---------+---------+----------+---------+------+----------+---------+-----------+------------+-------------+-----+

