

================================================================
== Synthesis Summary Report of 'PLL2026_x64'
================================================================
+ General Information: 
    * Date:           Fri Jul  3 13:57:44 2026
    * Version:        2020.2 (Build 3064766 on Wed Nov 18 09:12:45 MST 2020)
    * Project:        PLL2026
    * Solution:       solution1 (Vivado IP Flow Target)
    * Product family: artix7
    * Target device:  xc7a200t-fbg676-2
    

+ Performance & Resource Estimates: 
    
    PS: '+' for module; 'o' for loop; '*' for dataflow
    +-------------------------------+--------+-------+---------+---------+----------+---------+------+----------+---------+----------+------------+-------------+-----+
    |            Modules            |  Issue |       | Latency | Latency | Iteration|         | Trip |          |         |          |            |             |     |
    |            & Loops            |  Type  | Slack | (cycles)|   (ns)  |  Latency | Interval| Count| Pipelined|  BRAM   |    DSP   |     FF     |     LUT     | URAM|
    +-------------------------------+--------+-------+---------+---------+----------+---------+------+----------+---------+----------+------------+-------------+-----+
    |+ PLL2026_x64                  |  Timing|   0.00|        -|        -|         -|        -|     -|        no|  36 (4%)|  86 (11%)|  22045 (8%)|  21292 (15%)|    -|
    | + grp_cos_2000_fu_581         |       -|  -0.15|       12|  120.000|         -|       12|     -|        no|  6 (~0%)|   4 (~0%)|  1016 (~0%)|    3495 (2%)|    -|
    | + grp_cos_2000_fu_588         |       -|  -0.15|       12|  120.000|         -|       12|     -|        no|  6 (~0%)|   4 (~0%)|  1016 (~0%)|    3495 (2%)|    -|
    | + grp_ATAN_LUT_signed_fu_595  |       -|  -0.17|        -|        -|         -|        -|     -|        no|  6 (~0%)|   4 (~0%)|  1673 (~0%)|    1482 (1%)|    -|
    |  o VITIS_LOOP_1007_1          |      II|  -7.30|        -|        -|         2|        2|     -|       yes|        -|         -|           -|            -|    -|
    |  o VITIS_LOOP_1007_1          |      II|  -7.30|        -|        -|         2|        2|     -|       yes|        -|         -|           -|            -|    -|
    | + grp_sin_2000_fu_606         |       -|  -0.15|       10|  100.000|         -|       10|     -|        no|  6 (~0%)|   4 (~0%)|   885 (~0%)|    2151 (1%)|    -|
    | + grp_INV_LUT_fu_613          |       -|  -0.17|        -|        -|         -|        -|     -|        no|  6 (~0%)|   4 (~0%)|   908 (~0%)|    686 (~0%)|    -|
    |  o VITIS_LOOP_1007_1          |      II|  -7.30|        -|        -|         2|        2|     -|       yes|        -|         -|           -|            -|    -|
    | + grp_SQRT_LUT_fu_624         |       -|  -0.17|        -|        -|         -|        -|     -|        no|  6 (~0%)|   2 (~0%)|   893 (~0%)|    657 (~0%)|    -|
    |  o VITIS_LOOP_1007_1          |      II|  -7.30|        -|        -|         2|        2|     -|       yes|        -|         -|           -|            -|    -|
    +-------------------------------+--------+-------+---------+---------+----------+---------+------+----------+---------+----------+------------+-------------+-----+

