

================================================================
== Synthesis Summary Report of 'PLL2026_x64'
================================================================
+ General Information: 
    * Date:           Wed Jun 17 15:54:46 2026
    * Version:        2020.2 (Build 3064766 on Wed Nov 18 09:12:45 MST 2020)
    * Project:        PLL2026
    * Solution:       solution1 (Vivado IP Flow Target)
    * Product family: artix7
    * Target device:  xc7a200t-fbg676-2
    

+ Performance & Resource Estimates: 
    
    PS: '+' for module; 'o' for loop; '*' for dataflow
    +------------------------+--------+-------+---------+---------+----------+---------+------+----------+---------+----------+------------+-------------+-----+
    |         Modules        |  Issue |       | Latency | Latency | Iteration|         | Trip |          |         |          |            |             |     |
    |         & Loops        |  Type  | Slack | (cycles)|   (ns)  |  Latency | Interval| Count| Pipelined|  BRAM   |    DSP   |     FF     |     LUT     | URAM|
    +------------------------+--------+-------+---------+---------+----------+---------+------+----------+---------+----------+------------+-------------+-----+
    |+ PLL2026_x64           |  Timing|   0.00|        -|        -|         -|        -|     -|        no|  40 (5%)|  96 (12%)|  21469 (7%)|  26447 (19%)|    -|
    | + grp_INV_LUT_fu_476   |       -|  -0.24|        -|        -|         -|        -|     -|        no|   8 (1%)|         -|  1385 (~0%)|    3535 (2%)|    -|
    |  o VITIS_LOOP_838_1    |      II|  -7.30|        -|        -|        24|       24|     -|       yes|        -|         -|           -|            -|    -|
    | + grp_cos_2000_fu_489  |       -|  -0.15|       12|  120.000|         -|       12|     -|        no|  6 (~0%)|   4 (~0%)|  1016 (~0%)|    3495 (2%)|    -|
    | + grp_cos_2000_fu_496  |       -|  -0.15|       12|  120.000|         -|       12|     -|        no|  6 (~0%)|   4 (~0%)|  1016 (~0%)|    3495 (2%)|    -|
    | + grp_sin_2000_fu_503  |       -|  -0.15|       10|  100.000|         -|       10|     -|        no|  6 (~0%)|   4 (~0%)|   885 (~0%)|    2151 (1%)|    -|
    | o VITIS_LOOP_838_1     |      II|  -7.30|        -|        -|        24|       24|     -|       yes|        -|         -|           -|            -|    -|
    | o VITIS_LOOP_838_1     |      II|  -7.30|        -|        -|        24|       24|     -|       yes|        -|         -|           -|            -|    -|
    +------------------------+--------+-------+---------+---------+----------+---------+------+----------+---------+----------+------------+-------------+-----+

