

================================================================
== Vitis HLS Report for 'PLL2026_x64'
================================================================
* Date:           Wed Jun 17 15:54:45 2026

* Version:        2020.2 (Build 3064766 on Wed Nov 18 09:12:45 MST 2020)
* Project:        PLL2026
* Solution:       solution1 (Vivado IP Flow Target)
* Product family: artix7
* Target device:  xc7a200t-fbg676-2


================================================================
== Performance Estimates
================================================================
+ Timing: 
    * Summary: 
    +--------+----------+----------+------------+
    |  Clock |  Target  | Estimated| Uncertainty|
    +--------+----------+----------+------------+
    |ap_clk  |  10.00 ns|  7.300 ns|     2.70 ns|
    +--------+----------+----------+------------+

+ Latency: 
    * Summary: 
    +---------+---------+----------+----------+-----+-----+---------+
    |  Latency (cycles) |  Latency (absolute) |  Interval | Pipeline|
    |   min   |   max   |    min   |    max   | min | max |   Type  |
    +---------+---------+----------+----------+-----+-----+---------+
    |        ?|        ?|         ?|         ?|    ?|    ?|     none|
    +---------+---------+----------+----------+-----+-----+---------+

    + Detail: 
        * Instance: 
        +---------------------+----------+---------+---------+----------+----------+-----+-----+---------+
        |                     |          |  Latency (cycles) |  Latency (absolute) |  Interval | Pipeline|
        |       Instance      |  Module  |   min   |   max   |    min   |    max   | min | max |   Type  |
        +---------------------+----------+---------+---------+----------+----------+-----+-----+---------+
        |grp_INV_LUT_fu_476   |INV_LUT   |        ?|        ?|         ?|         ?|    ?|    ?|     none|
        |grp_cos_2000_fu_489  |cos_2000  |       12|       12|  0.120 us|  0.120 us|   12|   12|     none|
        |grp_cos_2000_fu_496  |cos_2000  |       12|       12|  0.120 us|  0.120 us|   12|   12|     none|
        |grp_sin_2000_fu_503  |sin_2000  |       10|       10|  0.100 us|  0.100 us|   10|   10|     none|
        +---------------------+----------+---------+---------+----------+----------+-----+-----+---------+

        * Loop: 
        +--------------------+---------+---------+----------+-----------+-----------+------+----------+
        |                    |  Latency (cycles) | Iteration|  Initiation Interval  | Trip |          |
        |      Loop Name     |   min   |   max   |  Latency |  achieved |   target  | Count| Pipelined|
        +--------------------+---------+---------+----------+-----------+-----------+------+----------+
        |- VITIS_LOOP_838_1  |        ?|        ?|        24|         24|          1|     ?|       yes|
        |- VITIS_LOOP_838_1  |        ?|        ?|        24|         24|          1|     ?|       yes|
        +--------------------+---------+---------+----------+-----------+-----------+------+----------+



================================================================
== Utilization Estimates
================================================================
* Summary: 
+-----------------+---------+-----+--------+--------+-----+
|       Name      | BRAM_18K| DSP |   FF   |   LUT  | URAM|
+-----------------+---------+-----+--------+--------+-----+
|DSP              |        -|    -|       -|       -|    -|
|Expression       |        -|    -|       0|    6166|    -|
|FIFO             |        -|    -|       -|       -|    -|
|Instance         |       26|   96|   15207|   19549|    -|
|Memory           |       14|    -|       0|       0|    -|
|Multiplexer      |        -|    -|       -|     732|    -|
|Register         |        -|    -|    6262|       -|    -|
+-----------------+---------+-----+--------+--------+-----+
|Total            |       40|   96|   21469|   26447|    0|
+-----------------+---------+-----+--------+--------+-----+
|Available        |      730|  740|  269200|  134600|    0|
+-----------------+---------+-----+--------+--------+-----+
|Utilization (%)  |        5|   12|       7|      19|    0|
+-----------------+---------+-----+--------+--------+-----+

+ Detail: 
    * Instance: 
    +------------------------------------+--------------------------------+---------+----+------+------+-----+
    |              Instance              |             Module             | BRAM_18K| DSP|  FF  |  LUT | URAM|
    +------------------------------------+--------------------------------+---------+----+------+------+-----+
    |grp_INV_LUT_fu_476                  |INV_LUT                         |        8|   0|  1385|  3535|    0|
    |grp_cos_2000_fu_489                 |cos_2000                        |        6|   4|  1016|  3495|    0|
    |grp_cos_2000_fu_496                 |cos_2000                        |        6|   4|  1016|  3495|    0|
    |dadd_64ns_64ns_64_5_full_dsp_1_U22  |dadd_64ns_64ns_64_5_full_dsp_1  |        0|   3|   445|   788|    0|
    |dmul_64ns_64ns_64_6_max_dsp_1_U23   |dmul_64ns_64ns_64_6_max_dsp_1   |        0|  11|   317|   197|    0|
    |mul_113s_49ns_160_5_1_U25           |mul_113s_49ns_160_5_1           |        0|   4|   441|   256|    0|
    |mul_48ns_64s_112_5_1_U39            |mul_48ns_64s_112_5_1            |        0|   2|   441|   256|    0|
    |mul_49ns_64s_112_5_1_U42            |mul_49ns_64s_112_5_1            |        0|   2|   441|   256|    0|
    |mul_50s_64s_112_5_1_U27             |mul_50s_64s_112_5_1             |        0|   2|   441|   256|    0|
    |mul_50s_64s_112_5_1_U28             |mul_50s_64s_112_5_1             |        0|   2|   441|   256|    0|
    |mul_50s_64s_112_5_1_U29             |mul_50s_64s_112_5_1             |        0|   2|   441|   256|    0|
    |mul_50s_64s_112_5_1_U30             |mul_50s_64s_112_5_1             |        0|   2|   441|   256|    0|
    |mul_63s_64s_112_5_1_U47             |mul_63s_64s_112_5_1             |        0|   4|   441|   256|    0|
    |mul_64s_29ns_92_5_1_U35             |mul_64s_29ns_92_5_1             |        0|   2|   441|   256|    0|
    |mul_64s_50s_112_5_1_U31             |mul_64s_50s_112_5_1             |        0|   2|   441|   256|    0|
    |mul_64s_50s_112_5_1_U34             |mul_64s_50s_112_5_1             |        0|   2|   441|   256|    0|
    |mul_64s_50s_112_5_1_U40             |mul_64s_50s_112_5_1             |        0|   2|   441|   256|    0|
    |mul_64s_50s_112_5_1_U41             |mul_64s_50s_112_5_1             |        0|   2|   441|   256|    0|
    |mul_64s_50s_112_5_1_U45             |mul_64s_50s_112_5_1             |        0|   2|   441|   256|    0|
    |mul_64s_50s_112_5_1_U46             |mul_64s_50s_112_5_1             |        0|   2|   441|   256|    0|
    |mul_64s_54ns_112_5_1_U33            |mul_64s_54ns_112_5_1            |        0|   4|   441|   256|    0|
    |mul_64s_64s_112_5_1_U36             |mul_64s_64s_112_5_1             |        0|   4|   441|   256|    0|
    |mul_64s_64s_112_5_1_U37             |mul_64s_64s_112_5_1             |        0|   4|   441|   256|    0|
    |mul_64s_64s_112_5_1_U38             |mul_64s_64s_112_5_1             |        0|   4|   441|   256|    0|
    |mul_64s_87ns_150_5_1_U32            |mul_64s_87ns_150_5_1            |        0|   6|   441|   256|    0|
    |mul_65s_49ns_112_5_1_U26            |mul_65s_49ns_112_5_1            |        0|   2|   441|   256|    0|
    |mul_65s_87ns_151_5_1_U43            |mul_65s_87ns_151_5_1            |        0|   6|   441|   256|    0|
    |mul_65s_89ns_153_5_1_U44            |mul_65s_89ns_153_5_1            |        0|   6|   441|   256|    0|
    |grp_sin_2000_fu_503                 |sin_2000                        |        6|   4|   885|  2151|    0|
    |sitodp_32ns_64_6_no_dsp_1_U24       |sitodp_32ns_64_6_no_dsp_1       |        0|   0|     0|     0|    0|
    +------------------------------------+--------------------------------+---------+----+------+------+-----+
    |Total                               |                                |       26|  96| 15207| 19549|    0|
    +------------------------------------+--------------------------------+---------+----+------+------+-----+

    * DSP: 
    N/A

    * Memory: 
    +----------------+--------------------+---------+---+----+-----+------+-----+------+-------------+
    |     Memory     |       Module       | BRAM_18K| FF| LUT| URAM| Words| Bits| Banks| W*Bits*Banks|
    +----------------+--------------------+---------+---+----+-----+------+-----+------+-------------+
    |mask_table_U    |INV_LUT_mask_table  |        2|  0|   0|    0|    64|   52|     1|         3328|
    |table_m_2_U     |table_m_2           |        2|  0|   0|    0|    31|   48|     1|         1488|
    |table_m_5_U     |table_m_5           |        2|  0|   0|    0|    63|   49|     1|         3087|
    |table_mark_1_U  |table_mark_1        |        2|  0|   0|    0|    32|   59|     1|         1888|
    |table_mark_4_U  |table_mark_4        |        2|  0|   0|    0|    64|   63|     1|         4032|
    |table_n_3_U     |table_n_3           |        2|  0|   0|    0|    31|   49|     1|         1519|
    |table_n_6_U     |table_n_6           |        2|  0|   0|    0|    63|   55|     1|         3465|
    +----------------+--------------------+---------+---+----+-----+------+-----+------+-------------+
    |Total           |                    |       14|  0|   0|    0|   348|  375|     7|        18807|
    +----------------+--------------------+---------+---+----+-----+------+-----+------+-------------+

    * FIFO: 
    N/A

    * Expression: 
    +----------------------------------+----------+----+---+-----+------------+------------+
    |           Variable Name          | Operation| DSP| FF| LUT | Bitwidth P0| Bitwidth P1|
    +----------------------------------+----------+----+---+-----+------------+------------+
    |add_ln510_1_fu_1722_p2            |         +|   0|  0|   19|          12|          11|
    |add_ln510_fu_1291_p2              |         +|   0|  0|   19|          12|          11|
    |add_ln703_1_fu_2056_p2            |         +|   0|  0|   71|          64|          64|
    |data_V_1_fu_1106_p2               |         +|   0|  0|   71|          64|          64|
    |data_V_4_fu_1537_p2               |         +|   0|  0|   71|          64|          64|
    |r_V_34_fu_1003_p2                 |         +|   0|  0|   71|          64|          64|
    |ret_V_10_fu_758_p2                |         +|   0|  0|  119|         112|         112|
    |ret_V_12_fu_799_p2                |         +|   0|  0|  119|         112|         112|
    |ret_V_13_fu_856_p2                |         +|   0|  0|  167|         160|         160|
    |ret_V_15_fu_891_p2                |         +|   0|  0|  119|         112|         112|
    |ret_V_16_fu_970_p2                |         +|   0|  0|  119|         112|         112|
    |ret_V_18_fu_1435_p2               |         +|   0|  0|  119|         112|         112|
    |ret_V_19_fu_1987_p2               |         +|   0|  0|  119|         112|         112|
    |ret_V_21_fu_2034_p2               |         +|   0|  0|  167|         160|         160|
    |ret_V_23_fu_2070_p2               |         +|   0|  0|  167|         160|         160|
    |ret_V_24_fu_878_p2                |         +|   0|  0|   71|          64|          57|
    |ret_V_25_fu_1918_p2               |         +|   0|  0|  119|         112|         112|
    |ret_V_7_fu_726_p2                 |         +|   0|  0|  119|         112|         112|
    |ret_V_fu_590_p2                   |         +|   0|  0|   72|          65|          65|
    |r_V_36_fu_1946_p2                 |         -|   0|  0|  119|           1|         112|
    |result_V_2_fu_1373_p2             |         -|   0|  0|   39|           1|          32|
    |result_V_6_fu_1804_p2             |         -|   0|  0|   39|           1|          32|
    |ret_V_11_fu_933_p2                |         -|   0|  0|  119|         112|         112|
    |ret_V_20_fu_1940_p2               |         -|   0|  0|   72|          65|          65|
    |ret_V_22_fu_2009_p2               |         -|   0|  0|   72|          65|          65|
    |ret_V_5_fu_620_p2                 |         -|   0|  0|  120|         113|         113|
    |ret_V_6_fu_626_p2                 |         -|   0|  0|   72|          65|          65|
    |ret_V_8_fu_740_p2                 |         -|   0|  0|  119|         112|         112|
    |ret_V_9_fu_754_p2                 |         -|   0|  0|  119|         112|         112|
    |sub_ln1311_1_fu_1736_p2           |         -|   0|  0|   18|          10|          11|
    |sub_ln1311_fu_1305_p2             |         -|   0|  0|   18|          10|          11|
    |sub_ln703_fu_766_p2               |         -|   0|  0|   71|          64|          64|
    |sub_ln838_1_fu_1449_p2            |         -|   0|  0|   39|          32|          32|
    |sub_ln838_fu_1018_p2              |         -|   0|  0|   39|          32|          32|
    |and_ln19_1_fu_1194_p2             |       and|   0|  0|    2|           1|           1|
    |and_ln19_2_fu_1620_p2             |       and|   0|  0|    2|           1|           1|
    |and_ln19_3_fu_1625_p2             |       and|   0|  0|    2|           1|           1|
    |and_ln19_fu_1189_p2               |       and|   0|  0|    2|           1|           1|
    |and_ln840_1_fu_1665_p2            |       and|   0|  0|    2|           1|           1|
    |and_ln840_fu_1234_p2              |       and|   0|  0|    2|           1|           1|
    |xs_sig_V_10_fu_1588_p2            |       and|   0|  0|   52|          52|          52|
    |xs_sig_V_fu_1157_p2               |       and|   0|  0|   52|          52|          52|
    |xs_sign_V_10_fu_1577_p2           |       and|   0|  0|    2|           1|           1|
    |xs_sign_V_9_fu_1146_p2            |       and|   0|  0|    2|           1|           1|
    |icmp_ln1494_10_fu_1824_p2         |      icmp|   0|  0|   29|          64|          64|
    |icmp_ln1494_fu_1397_p2            |      icmp|   0|  0|   29|          64|          64|
    |icmp_ln1496_fu_912_p2             |      icmp|   0|  0|   29|          64|          51|
    |icmp_ln19_1_fu_1178_p2            |      icmp|   0|  0|   11|          11|           1|
    |icmp_ln19_2_fu_1604_p2            |      icmp|   0|  0|   24|          52|           1|
    |icmp_ln19_3_fu_1609_p2            |      icmp|   0|  0|   11|          11|           1|
    |icmp_ln19_fu_1173_p2              |      icmp|   0|  0|   24|          52|           1|
    |icmp_ln838_1_fu_1465_p2           |      icmp|   0|  0|   17|          31|           1|
    |icmp_ln838_fu_1034_p2             |      icmp|   0|  0|   17|          31|           1|
    |icmp_ln840_1_fu_1090_p2           |      icmp|   0|  0|   11|          11|          11|
    |icmp_ln840_2_fu_1516_p2           |      icmp|   0|  0|   11|          11|          10|
    |icmp_ln840_3_fu_1521_p2           |      icmp|   0|  0|   11|          11|          11|
    |icmp_ln840_fu_1085_p2             |      icmp|   0|  0|   11|          11|          10|
    |r_V_18_fu_1331_p2                 |      lshr|   0|  0|  460|         137|         137|
    |r_V_25_fu_1762_p2                 |      lshr|   0|  0|  460|         137|         137|
    |ap_block_state15_on_subcall_done  |        or|   0|  0|    2|           1|           1|
    |ap_block_state6_on_subcall_done   |        or|   0|  0|    2|           1|           1|
    |ap_block_state95_on_subcall_done  |        or|   0|  0|    2|           1|           1|
    |or_ln19_1_fu_1614_p2              |        or|   0|  0|    2|           1|           1|
    |or_ln19_fu_1183_p2                |        or|   0|  0|    2|           1|           1|
    |or_ln840_1_fu_1638_p2             |        or|   0|  0|    2|           1|           1|
    |or_ln840_fu_1207_p2               |        or|   0|  0|    2|           1|           1|
    |intervalo_begin_1_fu_1402_p3      |    select|   0|  0|   32|           1|          32|
    |intervalo_begin_2_fu_1829_p3      |    select|   0|  0|   32|           1|          32|
    |intervalo_end_1_fu_1409_p3        |    select|   0|  0|   32|           1|          32|
    |intervalo_end_3_fu_1836_p3        |    select|   0|  0|   32|           1|          32|
    |result_V_7_fu_1809_p3             |    select|   0|  0|   32|           1|          32|
    |result_V_fu_1378_p3               |    select|   0|  0|   32|           1|          32|
    |select_ln1496_fu_986_p3           |    select|   0|  0|   64|           1|          64|
    |select_ln19_1_fu_1653_p3          |    select|   0|  0|   64|           1|          64|
    |select_ln19_fu_1222_p3            |    select|   0|  0|   64|           1|          64|
    |select_ln840_1_fu_1239_p3         |    select|   0|  0|   64|           1|          64|
    |select_ln840_2_fu_1642_p3         |    select|   0|  0|   64|           1|          64|
    |select_ln840_3_fu_1670_p3         |    select|   0|  0|   64|           1|          64|
    |select_ln840_fu_1211_p3           |    select|   0|  0|   64|           1|          64|
    |ush_1_fu_1746_p3                  |    select|   0|  0|   12|           1|          12|
    |ush_fu_1315_p3                    |    select|   0|  0|   12|           1|          12|
    |val_1_fu_1796_p3                  |    select|   0|  0|   32|           1|          32|
    |val_fu_1365_p3                    |    select|   0|  0|   32|           1|          32|
    |xs_exp_V_7_fu_1140_p3             |    select|   0|  0|   11|           1|          11|
    |xs_exp_V_8_fu_1571_p3             |    select|   0|  0|   11|           1|          11|
    |xs_sig_V_3_fu_1134_p3             |    select|   0|  0|   52|           1|          52|
    |xs_sig_V_9_fu_1565_p3             |    select|   0|  0|   52|           1|          52|
    |r_V_19_fu_1337_p2                 |       shl|   0|  0|  460|         137|         137|
    |r_V_26_fu_1768_p2                 |       shl|   0|  0|  460|         137|         137|
    |xor_ln1302_1_fu_1582_p2           |       xor|   0|  0|   52|          52|           2|
    |xor_ln1302_fu_1151_p2             |       xor|   0|  0|   52|          52|           2|
    |xor_ln840_1_fu_1660_p2            |       xor|   0|  0|    2|           1|           2|
    |xor_ln840_fu_1229_p2              |       xor|   0|  0|    2|           1|           2|
    |xor_ln870_fu_554_p2               |       xor|   0|  0|    2|           1|           1|
    +----------------------------------+----------+----+---+-----+------------+------------+
    |Total                             |          |   0|  0| 6166|        3799|        4503|
    +----------------------------------+----------+----+---+-----+------------+------------+

    * Multiplexer: 
    +------------------------------+-----+-----------+-----+-----------+
    |             Name             | LUT | Input Size| Bits| Total Bits|
    +------------------------------+-----+-----------+-----+-----------+
    |Amp_vneg_V_loc_0_reg_456      |    9|          2|   64|        128|
    |amp_vPos_V_loc_0_reg_466      |    9|          2|   64|        128|
    |ap_NS_fsm                     |  508|        102|    1|        102|
    |delta_V_loc_0_reg_446         |    9|          2|   64|        128|
    |grp_cos_2000_fu_489_theta_in  |   13|          3|   64|        192|
    |grp_fu_2782_ce                |    9|          2|    1|          2|
    |grp_fu_510_ce                 |    9|          2|    1|          2|
    |grp_fu_510_p0                 |    9|          2|   64|        128|
    |grp_fu_510_p1                 |   17|          4|   64|        256|
    |grp_fu_514_ce                 |    9|          2|    1|          2|
    |grp_fu_514_p0                 |    9|          2|   64|        128|
    |grp_fu_514_p1                 |    9|          2|   64|        128|
    |grp_fu_519_ce                 |    9|          2|    1|          2|
    |grp_fu_519_p0                 |   25|          6|   32|        192|
    |grp_sin_2000_fu_503_theta_in  |   17|          4|   64|        256|
    |intervalo_begin_3_reg_412     |    9|          2|   32|         64|
    |intervalo_begin_reg_388       |    9|          2|   32|         64|
    |intervalo_end_2_reg_424       |    9|          2|   32|         64|
    |intervalo_end_reg_400         |    9|          2|   32|         64|
    |mask_table_address0           |   17|          4|    6|         24|
    |theta1_V_loc_0_reg_436        |    9|          2|   64|        128|
    +------------------------------+-----+-----------+-----+-----------+
    |Total                         |  732|        153|  811|       2182|
    +------------------------------+-----+-----------+-----+-----------+

    * Register: 
    +----------------------------------+-----+----+-----+-----------+
    |               Name               |  FF | LUT| Bits| Const Bits|
    +----------------------------------+-----+----+-----+-----------+
    |Amp_vneg_V                        |   64|   0|   64|          0|
    |Amp_vneg_V_loc_0_reg_456          |   64|   0|   64|          0|
    |add_ln703_1_reg_2749              |   64|   0|   64|          0|
    |amp_vPos_V                        |   64|   0|   64|          0|
    |amp_vPos_V_loc_0_reg_466          |   64|   0|   64|          0|
    |and_ln19_1_reg_2473               |    1|   0|    1|          0|
    |and_ln19_3_reg_2615               |    1|   0|    1|          0|
    |ap_CS_fsm                         |  101|   0|  101|          0|
    |aux_sinc_V                        |    1|   0|    1|          0|
    |delta_V                           |   64|   0|   64|          0|
    |delta_V_loc_0_reg_446             |   64|   0|   64|          0|
    |grp_INV_LUT_fu_476_ap_start_reg   |    1|   0|    1|          0|
    |grp_cos_2000_fu_489_ap_start_reg  |    1|   0|    1|          0|
    |grp_cos_2000_fu_496_ap_start_reg  |    1|   0|    1|          0|
    |grp_sin_2000_fu_503_ap_start_reg  |    1|   0|    1|          0|
    |icmp_ln1496_reg_2360              |    1|   0|    1|          0|
    |icmp_ln840_1_reg_2462             |    1|   0|    1|          0|
    |icmp_ln840_2_reg_2598             |    1|   0|    1|          0|
    |icmp_ln840_3_reg_2604             |    1|   0|    1|          0|
    |icmp_ln840_reg_2456               |    1|   0|    1|          0|
    |intervalo_begin_3_reg_412         |   32|   0|   32|          0|
    |intervalo_begin_reg_388           |   32|   0|   32|          0|
    |intervalo_end_2_reg_424           |   32|   0|   32|          0|
    |intervalo_end_reg_400             |   32|   0|   32|          0|
    |mul_ln1118_reg_2708               |  112|   0|  112|          0|
    |p_Result_12_reg_2468              |   64|   0|   64|          0|
    |p_Result_13_reg_2483              |    1|   0|    1|          0|
    |p_Result_14_reg_2565              |    1|   0|    1|          0|
    |p_Result_18_reg_2610              |   64|   0|   64|          0|
    |p_Result_19_reg_2625              |    1|   0|    1|          0|
    |p_Result_s_reg_2423               |    1|   0|    1|          0|
    |pll_alfa_V                        |   64|   0|   64|          0|
    |pll_beta_V                        |   64|   0|   64|          0|
    |r_V_11_reg_2365                   |  112|   0|  112|          0|
    |r_V_12_reg_2222                   |   50|   0|   50|          0|
    |r_V_13_reg_2304                   |  112|   0|  112|          0|
    |r_V_14_reg_2340                   |  150|   0|  150|          0|
    |r_V_15_reg_2350                   |  112|   0|  112|          0|
    |r_V_16_reg_2392                   |   92|   0|   92|          0|
    |r_V_1_reg_2375                    |   64|   0|   64|          0|
    |r_V_20_reg_2541                   |   48|   0|   48|          0|
    |r_V_22_reg_2531                   |  112|   0|  112|          0|
    |r_V_23_reg_2314                   |   64|   0|   64|          0|
    |r_V_24_reg_2536                   |  112|   0|  112|          0|
    |r_V_27_reg_2683                   |   49|   0|   49|          0|
    |r_V_28_reg_2723                   |  112|   0|  112|          0|
    |r_V_29_reg_2738                   |  151|   0|  151|          0|
    |r_V_30_reg_2755                   |  153|   0|  153|          0|
    |r_V_31_reg_2760                   |   64|   0|   64|          0|
    |r_V_34_reg_2402                   |   64|   0|   64|          0|
    |r_V_38_reg_2264                   |  112|   0|  112|          0|
    |r_V_39_reg_2270                   |  112|   0|  112|          0|
    |r_V_40_reg_2276                   |  112|   0|  112|          0|
    |r_V_41_reg_2282                   |  112|   0|  112|          0|
    |r_V_42_reg_2703                   |  112|   0|  112|          0|
    |ref_tmp4_reg_2330                 |   64|   0|   64|          0|
    |reg_524                           |   50|   0|   50|          0|
    |reg_528                           |   50|   0|   50|          0|
    |reg_532                           |   64|   0|   64|          0|
    |reg_537                           |   64|   0|   64|          0|
    |reg_542                           |   64|   0|   64|          0|
    |reg_546                           |   64|   0|   64|          0|
    |result_V_7_reg_2636               |   32|   0|   32|          0|
    |result_V_reg_2494                 |   32|   0|   32|          0|
    |ret_V_20_reg_2713                 |   65|   0|   65|          0|
    |ret_V_22_reg_2728                 |   65|   0|   65|          0|
    |ret_V_5_reg_2185                  |   66|   0|  113|         47|
    |ret_V_6_reg_2190                  |   65|   0|   65|          0|
    |rhs_3_reg_2345                    |   64|   0|   64|          0|
    |rhs_5_reg_2546                    |   49|   0|   49|          0|
    |rhs_6_reg_2688                    |   55|   0|   55|          0|
    |select_ln1496_reg_2397            |   64|   0|   64|          0|
    |select_ln840_1_reg_2478           |   64|   0|   64|          0|
    |select_ln840_3_reg_2620           |   64|   0|   64|          0|
    |sext_ln1115_1_reg_2240            |  112|   0|  112|          0|
    |sext_ln1115_4_reg_2380            |  112|   0|  112|          0|
    |sext_ln1115_reg_2227              |  112|   0|  112|          0|
    |sext_ln1118_4_reg_2253            |  112|   0|  112|          0|
    |shl_ln703_reg_2205                |   63|   0|   64|          1|
    |sub_ln703_reg_2293                |   64|   0|   64|          0|
    |sub_ln838_1_reg_2557              |   32|   0|   32|          0|
    |sub_ln838_reg_2415                |   32|   0|   32|          0|
    |theta1_V                          |   64|   0|   64|          0|
    |theta1_V_loc_0_reg_436            |   64|   0|   64|          0|
    |tmp_2_reg_2299                    |   64|   0|   64|          0|
    |tmp_37_reg_2432                   |   11|   0|   11|          0|
    |tmp_38_reg_2440                   |   52|   0|   52|          0|
    |tmp_3_reg_2309                    |   64|   0|   64|          0|
    |tmp_43_reg_2574                   |   11|   0|   11|          0|
    |tmp_44_reg_2582                   |   52|   0|   52|          0|
    |trunc_ln368_1_reg_2593            |   63|   0|   63|          0|
    |trunc_ln368_reg_2451              |   63|   0|   63|          0|
    |trunc_ln708_1_reg_2217            |   64|   0|   64|          0|
    |trunc_ln708_3_reg_2288            |   64|   0|   64|          0|
    |trunc_ln708_4_reg_2743            |   64|   0|   64|          0|
    |trunc_ln708_9_reg_2355            |   64|   0|   64|          0|
    |trunc_ln_reg_2212                 |   64|   0|   64|          0|
    |v1_d_comp_V                       |   64|   0|   64|          0|
    |v1_q_comp_V                       |   64|   0|   64|          0|
    |val_1_reg_2630                    |   32|   0|   32|          0|
    |val_reg_2488                      |   32|   0|   32|          0|
    |w_V                               |   64|   0|   64|          0|
    |wi_V                              |   64|   0|   64|          0|
    |x_V_1_reg_2551                    |   64|   0|   64|          0|
    |x_V_reg_2409                      |   64|   0|   64|          0|
    +----------------------------------+-----+----+-----+-----------+
    |Total                             | 6262|   0| 6310|         48|
    +----------------------------------+-----+----+-----+-----------+



================================================================
== Interface
================================================================
* Summary: 
+----------------------+-----+-----+------------+---------------+--------------+
|       RTL Ports      | Dir | Bits|  Protocol  | Source Object |    C Type    |
+----------------------+-----+-----+------------+---------------+--------------+
|ap_clk                |   in|    1|  ap_ctrl_hs|    PLL2026_x64|  return value|
|ap_rst                |   in|    1|  ap_ctrl_hs|    PLL2026_x64|  return value|
|ap_start              |   in|    1|  ap_ctrl_hs|    PLL2026_x64|  return value|
|ap_done               |  out|    1|  ap_ctrl_hs|    PLL2026_x64|  return value|
|ap_idle               |  out|    1|  ap_ctrl_hs|    PLL2026_x64|  return value|
|ap_ready              |  out|    1|  ap_ctrl_hs|    PLL2026_x64|  return value|
|sinc                  |   in|    1|     ap_none|           sinc|        scalar|
|vin_a                 |   in|   64|     ap_none|          vin_a|        scalar|
|vin_b                 |   in|   64|     ap_none|          vin_b|        scalar|
|vin_c                 |   in|   64|     ap_none|          vin_c|        scalar|
|w_out                 |  out|   64|      ap_vld|          w_out|       pointer|
|w_out_ap_vld          |  out|    1|      ap_vld|          w_out|       pointer|
|theta_out             |  out|   64|      ap_vld|      theta_out|       pointer|
|theta_out_ap_vld      |  out|    1|      ap_vld|      theta_out|       pointer|
|pll_alpha_out         |  out|   64|      ap_vld|  pll_alpha_out|       pointer|
|pll_alpha_out_ap_vld  |  out|    1|      ap_vld|  pll_alpha_out|       pointer|
|pll_beta_out          |  out|   64|      ap_vld|   pll_beta_out|       pointer|
|pll_beta_out_ap_vld   |  out|    1|      ap_vld|   pll_beta_out|       pointer|
|amp_vPos_out          |  out|   64|      ap_vld|   amp_vPos_out|       pointer|
|amp_vPos_out_ap_vld   |  out|    1|      ap_vld|   amp_vPos_out|       pointer|
|Amp_vneg_out          |  out|   64|      ap_vld|   Amp_vneg_out|       pointer|
|Amp_vneg_out_ap_vld   |  out|    1|      ap_vld|   Amp_vneg_out|       pointer|
|delta_out             |  out|   64|      ap_vld|      delta_out|       pointer|
|delta_out_ap_vld      |  out|    1|      ap_vld|      delta_out|       pointer|
+----------------------+-----+-----+------------+---------------+--------------+

