

================================================================
== Vitis HLS Report for 'sin_2000'
================================================================
* Date:           Wed Jul 22 15:27:27 2026

* Version:        2020.2 (Build 3064766 on Wed Nov 18 09:12:45 MST 2020)
* Project:        PLL2026
* Solution:       solution1 (Vivado IP Flow Target)
* Product family: artix7
* Target device:  xc7a200t-fbg676-2


================================================================
== Performance Estimates
================================================================
+ Timing: 
    * Summary: 
    +--------+----------+----------+------------+
    |  Clock |  Target  | Estimated| Uncertainty|
    +--------+----------+----------+------------+
    |ap_clk  |  10.00 ns|  7.153 ns|     2.70 ns|
    +--------+----------+----------+------------+

+ Latency: 
    * Summary: 
    +---------+---------+----------+----------+-----+-----+---------+
    |  Latency (cycles) |  Latency (absolute) |  Interval | Pipeline|
    |   min   |   max   |    min   |    max   | min | max |   Type  |
    +---------+---------+----------+----------+-----+-----+---------+
    |       11|       11|  0.110 us|  0.110 us|   11|   11|     none|
    +---------+---------+----------+----------+-----+-----+---------+

    + Detail: 
        * Instance: 
        N/A

        * Loop: 
        N/A



================================================================
== Utilization Estimates
================================================================
* Summary: 
+-----------------+---------+-----+--------+--------+-----+
|       Name      | BRAM_18K| DSP |   FF   |   LUT  | URAM|
+-----------------+---------+-----+--------+--------+-----+
|DSP              |        -|    -|       -|       -|    -|
|Expression       |        -|    -|       0|    1833|    -|
|FIFO             |        -|    -|       -|       -|    -|
|Instance         |        -|    4|     441|     256|    -|
|Memory           |        6|    -|       0|       0|    -|
|Multiplexer      |        -|    -|       -|      62|    -|
|Register         |        -|    -|     444|       -|    -|
+-----------------+---------+-----+--------+--------+-----+
|Total            |        6|    4|     885|    2151|    0|
+-----------------+---------+-----+--------+--------+-----+
|Available        |      730|  740|  269200|  134600|    0|
+-----------------+---------+-----+--------+--------+-----+
|Utilization (%)  |       ~0|   ~0|      ~0|       1|    0|
+-----------------+---------+-----+--------+--------+-----+

+ Detail: 
    * Instance: 
    +-------------------------+----------------------+---------+----+-----+-----+-----+
    |         Instance        |        Module        | BRAM_18K| DSP|  FF | LUT | URAM|
    +-------------------------+----------------------+---------+----+-----+-----+-----+
    |mul_64s_58ns_121_5_1_U1  |mul_64s_58ns_121_5_1  |        0|   4|  441|  256|    0|
    +-------------------------+----------------------+---------+----+-----+-----+-----+
    |Total                    |                      |        0|   4|  441|  256|    0|
    +-------------------------+----------------------+---------+----+-----+-----+-----+

    * DSP: 
    N/A

    * Memory: 
    +-----------+------------------+---------+---+----+-----+------+-----+------+-------------+
    |   Memory  |      Module      | BRAM_18K| FF| LUT| URAM| Words| Bits| Banks| W*Bits*Banks|
    +-----------+------------------+---------+---+----+-----+------+-----+------+-------------+
    |table_V_U  |sin_2000_table_V  |        6|  0|   0|    0|   500|   49|     1|        24500|
    +-----------+------------------+---------+---+----+-----+------+-----+------+-------------+
    |Total      |                  |        6|  0|   0|    0|   500|   49|     1|        24500|
    +-----------+------------------+---------+---+----+-----+------+-----+------+-------------+

    * FIFO: 
    N/A

    * Expression: 
    +-------------------------+----------+----+---+----+------------+------------+
    |      Variable Name      | Operation| DSP| FF| LUT| Bitwidth P0| Bitwidth P1|
    +-------------------------+----------+----+---+----+------------+------------+
    |add_ln691_fu_414_p2      |         +|   0|  0|  33|          26|           1|
    |angulo_V_1_fu_117_p2     |         +|   0|  0|  71|          64|          54|
    |angulo_V_2_fu_141_p2     |         +|   0|  0|  71|          64|          53|
    |angulo_V_3_fu_165_p2     |         +|   0|  0|  71|          64|          52|
    |angulo_V_4_fu_191_p2     |         +|   0|  0|  71|          64|          51|
    |angulo_V_5_fu_209_p2     |         +|   0|  0|  71|          64|          52|
    |angulo_V_6_fu_221_p2     |         +|   0|  0|  71|          64|          53|
    |n_aux_fu_472_p2          |         +|   0|  0|  16|           9|           5|
    |out_sin_V_2_fu_500_p2    |         -|   0|  0|  56|           1|          49|
    |out_sin_V_3_fu_510_p2    |         -|   0|  0|  56|           1|          49|
    |p_Val2_s_fu_355_p2       |         -|   0|  0|  71|           1|          64|
    |sub_ln703_fu_563_p2      |         -|   0|  0|  57|           1|          50|
    |sub_ln989_fu_462_p2      |         -|   0|  0|  16|           6|           9|
    |sub_ln997_fu_482_p2      |         -|   0|  0|  16|           7|           9|
    |and_ln405_1_fu_249_p2    |       and|   0|  0|   2|           1|           1|
    |and_ln405_fu_135_p2      |       and|   0|  0|   2|           1|           1|
    |and_ln408_1_fu_275_p2    |       and|   0|  0|   2|           1|           1|
    |and_ln408_fu_159_p2      |       and|   0|  0|   2|           1|           1|
    |and_ln411_1_fu_301_p2    |       and|   0|  0|   2|           1|           1|
    |and_ln411_fu_185_p2      |       and|   0|  0|   2|           1|           1|
    |and_ln414_1_fu_333_p2    |       and|   0|  0|   2|           1|           1|
    |and_ln414_fu_327_p2      |       and|   0|  0|   2|           1|           1|
    |and_ln987_fu_532_p2      |       and|   0|  0|   2|           1|           1|
    |and_ln991_fu_550_p2      |       and|   0|  0|   2|           1|           1|
    |icmp_ln1494_1_fu_123_p2  |      icmp|   0|  0|  29|          64|          52|
    |icmp_ln1494_2_fu_147_p2  |      icmp|   0|  0|  29|          64|          51|
    |icmp_ln1494_3_fu_171_p2  |      icmp|   0|  0|  29|          64|          52|
    |icmp_ln1494_4_fu_197_p2  |      icmp|   0|  0|  29|          64|          53|
    |icmp_ln1494_fu_111_p2    |      icmp|   0|  0|  29|          64|          53|
    |icmp_ln1495_1_fu_153_p2  |      icmp|   0|  0|  29|          64|          52|
    |icmp_ln1495_2_fu_203_p2  |      icmp|   0|  0|  29|          64|          52|
    |icmp_ln1495_3_fu_215_p2  |      icmp|   0|  0|  29|          64|          53|
    |icmp_ln1495_fu_129_p2    |      icmp|   0|  0|  29|          64|          53|
    |icmp_ln851_fu_409_p2     |      icmp|   0|  0|  39|          96|           1|
    |icmp_ln984_fu_440_p2     |      icmp|   0|  0|  16|          26|           9|
    |icmp_ln987_fu_446_p2     |      icmp|   0|  0|  16|          26|          10|
    |icmp_ln991_fu_452_p2     |      icmp|   0|  0|  16|          26|          11|
    |or_ln405_fu_263_p2       |        or|   0|  0|   2|           1|           1|
    |or_ln408_fu_289_p2       |        or|   0|  0|   2|           1|           1|
    |or_ln411_fu_315_p2       |        or|   0|  0|   2|           1|           1|
    |angulo_V_10_fu_307_p3    |    select|   0|  0|  64|           1|          64|
    |angulo_V_7_fu_235_p3     |    select|   0|  0|  64|           1|          64|
    |angulo_V_8_fu_255_p3     |    select|   0|  0|  64|           1|          64|
    |angulo_V_9_fu_281_p3     |    select|   0|  0|  64|           1|          64|
    |angulo_V_fu_339_p3       |    select|   0|  0|  64|           1|          64|
    |ap_return                |    select|   0|  0|  50|           1|          50|
    |out_sin_V_4_fu_520_p3    |    select|   0|  0|  50|           1|          50|
    |out_sin_V_5_fu_537_p3    |    select|   0|  0|  50|           1|          50|
    |out_sin_V_6_fu_555_p3    |    select|   0|  0|  50|           1|          50|
    |ret_V_2_fu_428_p3        |    select|   0|  0|  26|           1|          26|
    |select_ln417_fu_227_p3   |    select|   0|  0|  64|           1|          64|
    |select_ln850_fu_420_p3   |    select|   0|  0|  26|           1|          26|
    |theta_abs_V_fu_370_p3    |    select|   0|  0|  64|           1|          64|
    |xor_ln1494_fu_243_p2     |       xor|   0|  0|   2|           1|           2|
    |xor_ln405_fu_269_p2      |       xor|   0|  0|   2|           1|           2|
    |xor_ln408_fu_295_p2      |       xor|   0|  0|   2|           1|           2|
    |xor_ln411_fu_321_p2      |       xor|   0|  0|   2|           1|           2|
    |xor_ln984_fu_527_p2      |       xor|   0|  0|   2|           1|           2|
    |xor_ln987_fu_545_p2      |       xor|   0|  0|   2|           1|           2|
    +-------------------------+----------+----+---+----+------------+------------+
    |Total                    |          |   0|  0|1833|        1218|        1778|
    +-------------------------+----------+----+---+----+------------+------------+

    * Multiplexer: 
    +------------------+----+-----------+-----+-----------+
    |       Name       | LUT| Input Size| Bits| Total Bits|
    +------------------+----+-----------+-----+-----------+
    |ap_NS_fsm         |  49|         12|    1|         12|
    |table_V_address0  |  13|          3|    9|         27|
    +------------------+----+-----------+-----+-----------+
    |Total             |  62|         15|   10|         39|
    +------------------+----+-----------+-----+-----------+

    * Register: 
    +---------------------+-----+----+-----+-----------+
    |         Name        |  FF | LUT| Bits| Const Bits|
    +---------------------+-----+----+-----+-----------+
    |angulo_V_reg_574     |   64|   0|   64|          0|
    |ap_CS_fsm            |   11|   0|   11|          0|
    |icmp_ln984_reg_619   |    1|   0|    1|          0|
    |icmp_ln987_reg_625   |    1|   0|    1|          0|
    |icmp_ln991_reg_631   |    1|   0|    1|          0|
    |out_sin_V_6_reg_656  |   50|   0|   50|          0|
    |p_Result_s_reg_580   |    1|   0|    1|          0|
    |r_V_reg_596          |  121|   0|  121|          0|
    |ret_V_reg_601        |   25|   0|   25|          0|
    |theta_abs_V_reg_586  |   64|   0|   64|          0|
    |trunc_ln831_reg_611  |    9|   0|    9|          0|
    |trunc_ln851_reg_606  |   96|   0|   96|          0|
    +---------------------+-----+----+-----+-----------+
    |Total                |  444|   0|  444|          0|
    +---------------------+-----+----+-----+-----------+



================================================================
== Interface
================================================================
* Summary: 
+-----------+-----+-----+------------+--------------+--------------+
| RTL Ports | Dir | Bits|  Protocol  | Source Object|    C Type    |
+-----------+-----+-----+------------+--------------+--------------+
|ap_clk     |   in|    1|  ap_ctrl_hs|      sin_2000|  return value|
|ap_rst     |   in|    1|  ap_ctrl_hs|      sin_2000|  return value|
|ap_start   |   in|    1|  ap_ctrl_hs|      sin_2000|  return value|
|ap_done    |  out|    1|  ap_ctrl_hs|      sin_2000|  return value|
|ap_idle    |  out|    1|  ap_ctrl_hs|      sin_2000|  return value|
|ap_ready   |  out|    1|  ap_ctrl_hs|      sin_2000|  return value|
|ap_return  |  out|   50|  ap_ctrl_hs|      sin_2000|  return value|
|theta_in   |   in|   64|     ap_none|      theta_in|        scalar|
+-----------+-----+-----+------------+--------------+--------------+

