

================================================================
== Vitis HLS Report for 'SQRT_LUT'
================================================================
* Date:           Fri Jul  3 13:57:40 2026

* Version:        2020.2 (Build 3064766 on Wed Nov 18 09:12:45 MST 2020)
* Project:        PLL2026
* Solution:       solution1 (Vivado IP Flow Target)
* Product family: artix7
* Target device:  xc7a200t-fbg676-2


================================================================
== Performance Estimates
================================================================
+ Timing: 
    * Summary: 
    +--------+----------+----------+------------+
    |  Clock |  Target  | Estimated| Uncertainty|
    +--------+----------+----------+------------+
    |ap_clk  |  10.00 ns|  7.132 ns|     2.70 ns|
    +--------+----------+----------+------------+

+ Latency: 
    * Summary: 
    +---------+---------+----------+----------+-----+-----+---------+
    |  Latency (cycles) |  Latency (absolute) |  Interval | Pipeline|
    |   min   |   max   |    min   |    max   | min | max |   Type  |
    +---------+---------+----------+----------+-----+-----+---------+
    |        ?|        ?|         ?|         ?|    ?|    ?|     none|
    +---------+---------+----------+----------+-----+-----+---------+

    + Detail: 
        * Instance: 
        N/A

        * Loop: 
        +---------------------+---------+---------+----------+-----------+-----------+------+----------+
        |                     |  Latency (cycles) | Iteration|  Initiation Interval  | Trip |          |
        |      Loop Name      |   min   |   max   |  Latency |  achieved |   target  | Count| Pipelined|
        +---------------------+---------+---------+----------+-----------+-----------+------+----------+
        |- VITIS_LOOP_1007_1  |        ?|        ?|         2|          2|          1|     ?|       yes|
        +---------------------+---------+---------+----------+-----------+-----------+------+----------+



================================================================
== Utilization Estimates
================================================================
* Summary: 
+-----------------+---------+-----+--------+--------+-----+
|       Name      | BRAM_18K| DSP |   FF   |   LUT  | URAM|
+-----------------+---------+-----+--------+--------+-----+
|DSP              |        -|    -|       -|       -|    -|
|Expression       |        -|    -|       0|     307|    -|
|FIFO             |        -|    -|       -|       -|    -|
|Instance         |        -|    2|     441|     256|    -|
|Memory           |        6|    -|       0|       0|    -|
|Multiplexer      |        -|    -|       -|      94|    -|
|Register         |        -|    -|     452|       -|    -|
+-----------------+---------+-----+--------+--------+-----+
|Total            |        6|    2|     893|     657|    0|
+-----------------+---------+-----+--------+--------+-----+
|Available        |      730|  740|  269200|  134600|    0|
+-----------------+---------+-----+--------+--------+-----+
|Utilization (%)  |       ~0|   ~0|      ~0|      ~0|    0|
+-----------------+---------+-----+--------+--------+-----+

+ Detail: 
    * Instance: 
    +---------------------------+-----------------------+---------+----+-----+-----+-----+
    |          Instance         |         Module        | BRAM_18K| DSP|  FF | LUT | URAM|
    +---------------------------+-----------------------+---------+----+-----+-----+-----+
    |mul_49ns_64ns_112_5_1_U21  |mul_49ns_64ns_112_5_1  |        0|   2|  441|  256|    0|
    +---------------------------+-----------------------+---------+----+-----+-----+-----+
    |Total                      |                       |        0|   2|  441|  256|    0|
    +---------------------------+-----------------------+---------+----+-----+-----+-----+

    * DSP: 
    N/A

    * Memory: 
    +----------------+-----------------------+---------+---+----+-----+------+-----+------+-------------+
    |     Memory     |         Module        | BRAM_18K| FF| LUT| URAM| Words| Bits| Banks| W*Bits*Banks|
    +----------------+-----------------------+---------+---+----+-----+------+-----+------+-------------+
    |table_m_V_U     |SQRT_LUT_table_m_V     |        2|  0|   0|    0|    63|   49|     1|         3087|
    |table_mark_V_U  |SQRT_LUT_table_mark_V  |        2|  0|   0|    0|    64|   63|     1|         4032|
    |table_n_V_U     |SQRT_LUT_table_n_V     |        2|  0|   0|    0|    63|   55|     1|         3465|
    +----------------+-----------------------+---------+---+----+-----+------+-----+------+-------------+
    |Total           |                       |        6|  0|   0|    0|   190|  167|     3|        10584|
    +----------------+-----------------------+---------+---+----+-----+------+-----+------+-------------+

    * FIFO: 
    N/A

    * Expression: 
    +-----------------------------+----------+----+---+-----+------------+------------+
    |        Variable Name        | Operation| DSP| FF| LUT | Bitwidth P0| Bitwidth P1|
    +-----------------------------+----------+----+---+-----+------------+------------+
    |half_list_fu_170_p2          |         +|   0|  0|   39|          32|          32|
    |ret_V_fu_233_p2              |         +|   0|  0|  119|         112|         112|
    |sub_ln1007_fu_134_p2         |         -|   0|  0|   39|          32|          32|
    |icmp_ln1007_fu_150_p2        |      icmp|   0|  0|   17|          31|           1|
    |icmp_ln1494_fu_185_p2        |      icmp|   0|  0|   29|          64|          64|
    |intervalo_begin_1_fu_190_p3  |    select|   0|  0|   32|           1|          32|
    |intervalo_end_1_fu_197_p3    |    select|   0|  0|   32|           1|          32|
    +-----------------------------+----------+----+---+-----+------------+------------+
    |Total                        |          |   0|  0|  307|         273|         305|
    +-----------------------------+----------+----+---+-----+------------+------------+

    * Multiplexer: 
    +------------------------------+----+-----------+-----+-----------+
    |             Name             | LUT| Input Size| Bits| Total Bits|
    +------------------------------+----+-----------+-----+-----------+
    |ap_NS_fsm                     |  49|         12|    1|         12|
    |ap_phi_mux_y_V_phi_fu_119_p4  |   9|          2|   64|        128|
    |ap_return                     |   9|          2|   64|        128|
    |intervalo_begin_reg_91        |   9|          2|   32|         64|
    |intervalo_end_reg_103         |   9|          2|   32|         64|
    |y_V_reg_115                   |   9|          2|   64|        128|
    +------------------------------+----+-----------+-----+-----------+
    |Total                         |  94|         22|  257|        524|
    +------------------------------+----+-----------+-----+-----------+

    * Register: 
    +------------------------+-----+----+-----+-----------+
    |          Name          |  FF | LUT| Bits| Const Bits|
    +------------------------+-----+----+-----+-----------+
    |ap_CS_fsm               |   11|   0|   11|          0|
    |ap_return_preg          |   64|   0|   64|          0|
    |half_list_reg_262       |   32|   0|   32|          0|
    |intervalo_begin_reg_91  |   32|   0|   32|          0|
    |intervalo_end_reg_103   |   32|   0|   32|          0|
    |r_V_1_reg_313           |  112|   0|  112|          0|
    |r_V_reg_293             |   49|   0|   49|          0|
    |rhs_reg_298             |   55|   0|   55|          0|
    |tmp_reg_255             |    1|   0|    1|          0|
    |y_V_reg_115             |   64|   0|   64|          0|
    +------------------------+-----+----+-----+-----------+
    |Total                   |  452|   0|  452|          0|
    +------------------------+-----+----+-----+-----------+



================================================================
== Interface
================================================================
* Summary: 
+-----------+-----+-----+------------+--------------+--------------+
| RTL Ports | Dir | Bits|  Protocol  | Source Object|    C Type    |
+-----------+-----+-----+------------+--------------+--------------+
|ap_clk     |   in|    1|  ap_ctrl_hs|      SQRT_LUT|  return value|
|ap_rst     |   in|    1|  ap_ctrl_hs|      SQRT_LUT|  return value|
|ap_start   |   in|    1|  ap_ctrl_hs|      SQRT_LUT|  return value|
|ap_done    |  out|    1|  ap_ctrl_hs|      SQRT_LUT|  return value|
|ap_idle    |  out|    1|  ap_ctrl_hs|      SQRT_LUT|  return value|
|ap_ready   |  out|    1|  ap_ctrl_hs|      SQRT_LUT|  return value|
|ap_return  |  out|   64|  ap_ctrl_hs|      SQRT_LUT|  return value|
|x          |   in|   64|     ap_none|             x|        scalar|
+-----------+-----+-----+------------+--------------+--------------+

