

================================================================
== Vitis HLS Report for 'ATAN2_LUT'
================================================================
* Date:           Wed Jul  8 16:46:14 2026

* Version:        2020.2 (Build 3064766 on Wed Nov 18 09:12:45 MST 2020)
* Project:        PLL2026
* Solution:       solution1 (Vivado IP Flow Target)
* Product family: artix7
* Target device:  xc7a200t-fbg676-2


================================================================
== Performance Estimates
================================================================
+ Timing: 
    * Summary: 
    +--------+----------+----------+------------+
    |  Clock |  Target  | Estimated| Uncertainty|
    +--------+----------+----------+------------+
    |ap_clk  |  10.00 ns|  7.171 ns|     2.70 ns|
    +--------+----------+----------+------------+

+ Latency: 
    * Summary: 
    +---------+---------+----------+----------+-----+-----+---------+
    |  Latency (cycles) |  Latency (absolute) |  Interval | Pipeline|
    |   min   |   max   |    min   |    max   | min | max |   Type  |
    +---------+---------+----------+----------+-----+-----+---------+
    |        ?|        ?|         ?|         ?|    ?|    ?|     none|
    +---------+---------+----------+----------+-----+-----+---------+

    + Detail: 
        * Instance: 
        N/A

        * Loop: 
        N/A

============================================================
+ Verbose Summary: Synthesis Manager
============================================================
InlineROM: 1
ExposeGlobal: 0
============================================================
+ Verbose Summary: CDFG Model
============================================================
IsTopModel: 0
ResetActiveHigh: 1
IsCombinational: 0
IsDatapathOnly: 0
HasWiredReturn: 1
HasMFsm: 0
HasVarLatency: 1
IsPipeline: 0
IsRtlPipelined: 0
IsInstanceOverlapped: 0
IsDontTouch: 0
HasImplIP: 0
IsGatedGlobalClock: 0


============================================================
+ Verbose Summary: Schedule
============================================================
* Number of FSM states : 35
* Pipeline : 0
* Dataflow Pipeline: 0

* FSM state transitions: 
1 --> 2 11 19 27 
2 --> 3 
3 --> 4 
4 --> 5 
5 --> 6 
6 --> 7 
7 --> 8 
8 --> 9 
9 --> 10 
10 --> 35 
11 --> 12 
12 --> 13 
13 --> 14 
14 --> 15 
15 --> 16 
16 --> 17 
17 --> 18 
18 --> 10 
19 --> 20 
20 --> 21 
21 --> 22 
22 --> 23 
23 --> 24 
24 --> 25 
25 --> 26 
26 --> 10 
27 --> 28 
28 --> 29 
29 --> 30 
30 --> 31 
31 --> 32 
32 --> 33 
33 --> 34 
34 --> 10 
35 --> 

* FSM state operations: 

State 1 <SV = 0> <Delay = 3.14>
ST_1 : Operation 36 [1/1] (0.00ns)   --->   "%xq_read = read i64 @_ssdm_op_Read.ap_auto.i64, i64 %xq"   --->   Operation 36 'read' 'xq_read' <Predicate = true> <Delay = 0.00>
ST_1 : Operation 37 [1/1] (0.00ns)   --->   "%xd_read = read i64 @_ssdm_op_Read.ap_auto.i64, i64 %xd"   --->   Operation 37 'read' 'xd_read' <Predicate = true> <Delay = 0.00>
ST_1 : Operation 38 [1/1] (2.34ns)   --->   "%icmp_ln1494 = icmp_sgt  i64 %xd_read, i64 0"   --->   Operation 38 'icmp' 'icmp_ln1494' <Predicate = true> <Delay = 2.34> <CoreInst = "Cmp">   --->   Core 9 'Cmp' <Latency = 0> <II = 1> <Delay = 2.34> <FuncUnit> <Opcode : 'icmp'> <InPorts = 2> <OutPorts = 1>
ST_1 : Operation 39 [1/1] (2.34ns)   --->   "%icmp_ln1494_15 = icmp_sgt  i64 %xq_read, i64 0"   --->   Operation 39 'icmp' 'icmp_ln1494_15' <Predicate = true> <Delay = 2.34> <CoreInst = "Cmp">   --->   Core 9 'Cmp' <Latency = 0> <II = 1> <Delay = 2.34> <FuncUnit> <Opcode : 'icmp'> <InPorts = 2> <OutPorts = 1>
ST_1 : Operation 40 [1/1] (0.00ns)   --->   "%br_ln1409 = br i1 %icmp_ln1494, void %_ZN8ap_fixedILi64ELi16EL9ap_q_mode5EL9ap_o_mode3ELi0EEC2Ei.exit215, void %_ZN8ap_fixedILi64ELi16EL9ap_q_mode5EL9ap_o_mode3ELi0EEC2Ei.exit30" [../../C-Codes/Fixed_x64/PLL2026_x64.cpp:1409]   --->   Operation 40 'br' 'br_ln1409' <Predicate = true> <Delay = 0.00>
ST_1 : Operation 41 [1/1] (2.99ns)   --->   "%xd_aux_V = sub i64 0, i64 %xd_read"   --->   Operation 41 'sub' 'xd_aux_V' <Predicate = (!icmp_ln1494)> <Delay = 2.99> <CoreInst = "Adder">   --->   Core 1 'Adder' <Latency = 0> <II = 1> <Delay = 2.99> <FuncUnit> <Opcode : 'add' 'sub'> <InPorts = 2> <OutPorts = 1>
ST_1 : Operation 42 [1/1] (0.00ns)   --->   "%br_ln1432 = br i1 %icmp_ln1494_15, void %_ZNK13ap_fixed_baseILi64ELi16ELb1EL9ap_q_mode5EL9ap_o_mode3ELi0EEngEv.exit93, void %_ZNK13ap_fixed_baseILi64ELi16ELb1EL9ap_q_mode5EL9ap_o_mode3ELi0EEngEv.exit199" [../../C-Codes/Fixed_x64/PLL2026_x64.cpp:1432]   --->   Operation 42 'br' 'br_ln1432' <Predicate = (!icmp_ln1494)> <Delay = 0.00>
ST_1 : Operation 43 [1/1] (0.00ns)   --->   "%br_ln1411 = br i1 %icmp_ln1494_15, void %_ZNK13ap_fixed_baseILi64ELi16ELb1EL9ap_q_mode5EL9ap_o_mode3ELi0EEngEv.exit150, void %_ZN8ap_fixedILi64ELi16EL9ap_q_mode5EL9ap_o_mode3ELi0EEC2ILi128ELi32ELb1ELS0_5ELS1_3ELi0EEERK13ap_fixed_baseIXT_EXT0_EXT1_EXT2_EXT3_EXT4_EE.exit137" [../../C-Codes/Fixed_x64/PLL2026_x64.cpp:1411]   --->   Operation 43 'br' 'br_ln1411' <Predicate = (icmp_ln1494)> <Delay = 0.00>
ST_1 : Operation 44 [1/1] (2.99ns)   --->   "%xq_aux_V = sub i64 0, i64 %xq_read"   --->   Operation 44 'sub' 'xq_aux_V' <Predicate = (icmp_ln1494 & !icmp_ln1494_15)> <Delay = 2.99> <CoreInst = "Adder">   --->   Core 1 'Adder' <Latency = 0> <II = 1> <Delay = 2.99> <FuncUnit> <Opcode : 'add' 'sub'> <InPorts = 2> <OutPorts = 1>

State 2 <SV = 1> <Delay = 5.03>
ST_2 : Operation 45 [2/2] (5.03ns)   --->   "%xd_inv_V_2 = call i64 @INV_LUT, i64 %xd_aux_V, i58 %table_mark_V_1, i63 %table_m_V_1, i56 %table_n_V_1" [../../C-Codes/Fixed_x64/PLL2026_x64.cpp:1445]   --->   Operation 45 'call' 'xd_inv_V_2' <Predicate = true> <Delay = 5.03> <CoreType = "Generic">   --->   Core 0 '' <Latency = 0> <II = 1> <Delay = 1.00> <Generic> <Opcode : >

State 3 <SV = 2> <Delay = 5.49>
ST_3 : Operation 46 [1/1] (2.99ns)   --->   "%xq_aux_V_1 = sub i64 0, i64 %xq_read"   --->   Operation 46 'sub' 'xq_aux_V_1' <Predicate = true> <Delay = 2.99> <CoreInst = "Adder">   --->   Core 1 'Adder' <Latency = 0> <II = 1> <Delay = 2.99> <FuncUnit> <Opcode : 'add' 'sub'> <InPorts = 2> <OutPorts = 1>
ST_3 : Operation 47 [1/2] (5.49ns)   --->   "%xd_inv_V_2 = call i64 @INV_LUT, i64 %xd_aux_V, i58 %table_mark_V_1, i63 %table_m_V_1, i56 %table_n_V_1" [../../C-Codes/Fixed_x64/PLL2026_x64.cpp:1445]   --->   Operation 47 'call' 'xd_inv_V_2' <Predicate = true> <Delay = 5.49> <CoreType = "Generic">   --->   Core 0 '' <Latency = 0> <II = 1> <Delay = 1.00> <Generic> <Opcode : >

State 4 <SV = 3> <Delay = 5.71>
ST_4 : Operation 48 [1/1] (0.00ns)   --->   "%sext_ln1115_9 = sext i64 %xd_inv_V_2"   --->   Operation 48 'sext' 'sext_ln1115_9' <Predicate = true> <Delay = 0.00>
ST_4 : Operation 49 [1/1] (0.00ns)   --->   "%sext_ln1118_13 = sext i64 %xq_aux_V_1"   --->   Operation 49 'sext' 'sext_ln1118_13' <Predicate = true> <Delay = 0.00>
ST_4 : Operation 50 [5/5] (5.71ns)   --->   "%r_V_47 = mul i112 %sext_ln1115_9, i112 %sext_ln1118_13"   --->   Operation 50 'mul' 'r_V_47' <Predicate = true> <Delay = 5.71> <CoreInst = "Multiplier">   --->   Core 3 'Multiplier' <Latency = 4> <II = 1> <Delay = 5.71> <FuncUnit> <Opcode : 'mul'> <InPorts = 2> <OutPorts = 1>

State 5 <SV = 4> <Delay = 5.71>
ST_5 : Operation 51 [4/5] (5.71ns)   --->   "%r_V_47 = mul i112 %sext_ln1115_9, i112 %sext_ln1118_13"   --->   Operation 51 'mul' 'r_V_47' <Predicate = true> <Delay = 5.71> <CoreInst = "Multiplier">   --->   Core 3 'Multiplier' <Latency = 4> <II = 1> <Delay = 5.71> <FuncUnit> <Opcode : 'mul'> <InPorts = 2> <OutPorts = 1>

State 6 <SV = 5> <Delay = 5.71>
ST_6 : Operation 52 [3/5] (5.71ns)   --->   "%r_V_47 = mul i112 %sext_ln1115_9, i112 %sext_ln1118_13"   --->   Operation 52 'mul' 'r_V_47' <Predicate = true> <Delay = 5.71> <CoreInst = "Multiplier">   --->   Core 3 'Multiplier' <Latency = 4> <II = 1> <Delay = 5.71> <FuncUnit> <Opcode : 'mul'> <InPorts = 2> <OutPorts = 1>

State 7 <SV = 6> <Delay = 5.71>
ST_7 : Operation 53 [2/5] (5.71ns)   --->   "%r_V_47 = mul i112 %sext_ln1115_9, i112 %sext_ln1118_13"   --->   Operation 53 'mul' 'r_V_47' <Predicate = true> <Delay = 5.71> <CoreInst = "Multiplier">   --->   Core 3 'Multiplier' <Latency = 4> <II = 1> <Delay = 5.71> <FuncUnit> <Opcode : 'mul'> <InPorts = 2> <OutPorts = 1>

State 8 <SV = 7> <Delay = 7.09>
ST_8 : Operation 54 [1/5] (5.71ns)   --->   "%r_V_47 = mul i112 %sext_ln1115_9, i112 %sext_ln1118_13"   --->   Operation 54 'mul' 'r_V_47' <Predicate = true> <Delay = 5.71> <CoreInst = "Multiplier">   --->   Core 3 'Multiplier' <Latency = 4> <II = 1> <Delay = 5.71> <FuncUnit> <Opcode : 'mul'> <InPorts = 2> <OutPorts = 1>
ST_8 : Operation 55 [1/1] (0.00ns)   --->   "%trunc_ln708_1 = partselect i64 @_ssdm_op_PartSelect.i64.i112.i32.i32, i112 %r_V_47, i32 48, i32 111"   --->   Operation 55 'partselect' 'trunc_ln708_1' <Predicate = true> <Delay = 0.00>
ST_8 : Operation 56 [2/2] (1.37ns)   --->   "%y_aux_V_2 = call i64 @ATAN_LUT, i64 %trunc_ln708_1, i59 %table_mark_V_2, i48 %table_m_V_2, i49 %table_n_V_2" [../../C-Codes/Fixed_x64/PLL2026_x64.cpp:1447]   --->   Operation 56 'call' 'y_aux_V_2' <Predicate = true> <Delay = 1.37> <CoreType = "Generic">   --->   Core 0 '' <Latency = 0> <II = 1> <Delay = 1.00> <Generic> <Opcode : >

State 9 <SV = 8> <Delay = 7.17>
ST_9 : Operation 57 [1/2] (4.17ns)   --->   "%y_aux_V_2 = call i64 @ATAN_LUT, i64 %trunc_ln708_1, i59 %table_mark_V_2, i48 %table_m_V_2, i49 %table_n_V_2" [../../C-Codes/Fixed_x64/PLL2026_x64.cpp:1447]   --->   Operation 57 'call' 'y_aux_V_2' <Predicate = true> <Delay = 4.17> <CoreType = "Generic">   --->   Core 0 '' <Latency = 0> <II = 1> <Delay = 1.00> <Generic> <Opcode : >
ST_9 : Operation 58 [1/1] (2.99ns)   --->   "%add_ln703_6 = add i64 %y_aux_V_2, i64 884279719003555"   --->   Operation 58 'add' 'add_ln703_6' <Predicate = true> <Delay = 2.99> <CoreInst = "Adder">   --->   Core 1 'Adder' <Latency = 0> <II = 1> <Delay = 2.99> <FuncUnit> <Opcode : 'add' 'sub'> <InPorts = 2> <OutPorts = 1>

State 10 <SV = 9> <Delay = 4.51>
ST_10 : Operation 59 [1/1] (1.37ns)   --->   "%br_ln0 = br void %ap_fixed_base.exit334_ifconv"   --->   Operation 59 'br' 'br_ln0' <Predicate = (!icmp_ln1494 & !icmp_ln1494_15)> <Delay = 1.37>
ST_10 : Operation 60 [1/1] (1.37ns)   --->   "%br_ln1440 = br void %ap_fixed_base.exit334_ifconv" [../../C-Codes/Fixed_x64/PLL2026_x64.cpp:1440]   --->   Operation 60 'br' 'br_ln1440' <Predicate = (!icmp_ln1494 & icmp_ln1494_15)> <Delay = 1.37>
ST_10 : Operation 61 [1/1] (1.37ns)   --->   "%br_ln0 = br void %ap_fixed_base.exit334_ifconv"   --->   Operation 61 'br' 'br_ln0' <Predicate = (icmp_ln1494 & !icmp_ln1494_15)> <Delay = 1.37>
ST_10 : Operation 62 [1/1] (0.00ns)   --->   "%y = phi i64 %ref_tmp6, void %_ZN8ap_fixedILi64ELi16EL9ap_q_mode5EL9ap_o_mode3ELi0EEC2ILi128ELi32ELb1ELS0_5ELS1_3ELi0EEERK13ap_fixed_baseIXT_EXT0_EXT1_EXT2_EXT3_EXT4_EE.exit137, i64 %add_ln703, void %_ZNK13ap_fixed_baseILi64ELi16ELb1EL9ap_q_mode5EL9ap_o_mode3ELi0EEngEv.exit150, i64 %add_ln703_5, void %_ZNK13ap_fixed_baseILi64ELi16ELb1EL9ap_q_mode5EL9ap_o_mode3ELi0EEngEv.exit199, i64 %add_ln703_6, void %_ZNK13ap_fixed_baseILi64ELi16ELb1EL9ap_q_mode5EL9ap_o_mode3ELi0EEngEv.exit93" [../../C-Codes/Fixed_x64/PLL2026_x64.cpp:1416]   --->   Operation 62 'phi' 'y' <Predicate = true> <Delay = 0.00>
ST_10 : Operation 63 [1/1] (2.34ns)   --->   "%icmp_ln1494_16 = icmp_sgt  i64 %y, i64 5305678314021330"   --->   Operation 63 'icmp' 'icmp_ln1494_16' <Predicate = true> <Delay = 2.34> <CoreInst = "Cmp">   --->   Core 9 'Cmp' <Latency = 0> <II = 1> <Delay = 2.34> <FuncUnit> <Opcode : 'icmp'> <InPorts = 2> <OutPorts = 1>
ST_10 : Operation 64 [1/1] (2.34ns)   --->   "%icmp_ln1494_17 = icmp_sgt  i64 %y, i64 3537118876014220"   --->   Operation 64 'icmp' 'icmp_ln1494_17' <Predicate = true> <Delay = 2.34> <CoreInst = "Cmp">   --->   Core 9 'Cmp' <Latency = 0> <II = 1> <Delay = 2.34> <FuncUnit> <Opcode : 'icmp'> <InPorts = 2> <OutPorts = 1>
ST_10 : Operation 65 [1/1] (2.34ns)   --->   "%icmp_ln1495 = icmp_slt  i64 %y, i64 5305678314021330"   --->   Operation 65 'icmp' 'icmp_ln1495' <Predicate = true> <Delay = 2.34> <CoreInst = "Cmp">   --->   Core 9 'Cmp' <Latency = 0> <II = 1> <Delay = 2.34> <FuncUnit> <Opcode : 'icmp'> <InPorts = 2> <OutPorts = 1>
ST_10 : Operation 66 [1/1] (0.80ns)   --->   "%and_ln367 = and i1 %icmp_ln1494_17, i1 %icmp_ln1495" [../../C-Codes/Fixed_x64/PLL2026_x64.cpp:367]   --->   Operation 66 'and' 'and_ln367' <Predicate = true> <Delay = 0.80> <CoreInst = "LogicGate">   --->   Core 74 'LogicGate' <Latency = 0> <II = 1> <Delay = 0.80> <FuncUnit> <Opcode : 'and' 'or' 'xor'> <InPorts = 2> <OutPorts = 1>
ST_10 : Operation 67 [1/1] (2.34ns)   --->   "%icmp_ln1494_18 = icmp_sgt  i64 %y, i64 1768559438007110"   --->   Operation 67 'icmp' 'icmp_ln1494_18' <Predicate = true> <Delay = 2.34> <CoreInst = "Cmp">   --->   Core 9 'Cmp' <Latency = 0> <II = 1> <Delay = 2.34> <FuncUnit> <Opcode : 'icmp'> <InPorts = 2> <OutPorts = 1>
ST_10 : Operation 68 [1/1] (2.34ns)   --->   "%icmp_ln1495_11 = icmp_slt  i64 %y, i64 3537118876014220"   --->   Operation 68 'icmp' 'icmp_ln1495_11' <Predicate = true> <Delay = 2.34> <CoreInst = "Cmp">   --->   Core 9 'Cmp' <Latency = 0> <II = 1> <Delay = 2.34> <FuncUnit> <Opcode : 'icmp'> <InPorts = 2> <OutPorts = 1>
ST_10 : Operation 69 [1/1] (0.80ns)   --->   "%and_ln370 = and i1 %icmp_ln1494_18, i1 %icmp_ln1495_11" [../../C-Codes/Fixed_x64/PLL2026_x64.cpp:370]   --->   Operation 69 'and' 'and_ln370' <Predicate = true> <Delay = 0.80> <CoreInst = "LogicGate">   --->   Core 74 'LogicGate' <Latency = 0> <II = 1> <Delay = 0.80> <FuncUnit> <Opcode : 'and' 'or' 'xor'> <InPorts = 2> <OutPorts = 1>
ST_10 : Operation 70 [1/1] (2.34ns)   --->   "%icmp_ln1494_19 = icmp_sgt  i64 %y, i64 18444975514271544506"   --->   Operation 70 'icmp' 'icmp_ln1494_19' <Predicate = true> <Delay = 2.34> <CoreInst = "Cmp">   --->   Core 9 'Cmp' <Latency = 0> <II = 1> <Delay = 2.34> <FuncUnit> <Opcode : 'icmp'> <InPorts = 2> <OutPorts = 1>
ST_10 : Operation 71 [1/1] (0.00ns)   --->   "%tmp = bitselect i1 @_ssdm_op_BitSelect.i1.i64.i32, i64 %y, i32 63"   --->   Operation 71 'bitselect' 'tmp' <Predicate = true> <Delay = 0.00>
ST_10 : Operation 72 [1/1] (0.80ns)   --->   "%and_ln373 = and i1 %icmp_ln1494_19, i1 %tmp" [../../C-Codes/Fixed_x64/PLL2026_x64.cpp:373]   --->   Operation 72 'and' 'and_ln373' <Predicate = true> <Delay = 0.80> <CoreInst = "LogicGate">   --->   Core 74 'LogicGate' <Latency = 0> <II = 1> <Delay = 0.80> <FuncUnit> <Opcode : 'and' 'or' 'xor'> <InPorts = 2> <OutPorts = 1>
ST_10 : Operation 73 [1/1] (2.34ns)   --->   "%icmp_ln1494_20 = icmp_sgt  i64 %y, i64 18443206954833537396"   --->   Operation 73 'icmp' 'icmp_ln1494_20' <Predicate = true> <Delay = 2.34> <CoreInst = "Cmp">   --->   Core 9 'Cmp' <Latency = 0> <II = 1> <Delay = 2.34> <FuncUnit> <Opcode : 'icmp'> <InPorts = 2> <OutPorts = 1>
ST_10 : Operation 74 [1/1] (2.34ns)   --->   "%icmp_ln1495_12 = icmp_slt  i64 %y, i64 18444975514271544506"   --->   Operation 74 'icmp' 'icmp_ln1495_12' <Predicate = true> <Delay = 2.34> <CoreInst = "Cmp">   --->   Core 9 'Cmp' <Latency = 0> <II = 1> <Delay = 2.34> <FuncUnit> <Opcode : 'icmp'> <InPorts = 2> <OutPorts = 1>

State 11 <SV = 1> <Delay = 5.03>
ST_11 : Operation 75 [2/2] (5.03ns)   --->   "%xq_inv_V = call i64 @INV_LUT, i64 %xq_read, i58 %table_mark_V_1, i63 %table_m_V_1, i56 %table_n_V_1" [../../C-Codes/Fixed_x64/PLL2026_x64.cpp:1435]   --->   Operation 75 'call' 'xq_inv_V' <Predicate = true> <Delay = 5.03> <CoreType = "Generic">   --->   Core 0 '' <Latency = 0> <II = 1> <Delay = 1.00> <Generic> <Opcode : >

State 12 <SV = 2> <Delay = 5.49>
ST_12 : Operation 76 [1/2] (5.49ns)   --->   "%xq_inv_V = call i64 @INV_LUT, i64 %xq_read, i58 %table_mark_V_1, i63 %table_m_V_1, i56 %table_n_V_1" [../../C-Codes/Fixed_x64/PLL2026_x64.cpp:1435]   --->   Operation 76 'call' 'xq_inv_V' <Predicate = true> <Delay = 5.49> <CoreType = "Generic">   --->   Core 0 '' <Latency = 0> <II = 1> <Delay = 1.00> <Generic> <Opcode : >

State 13 <SV = 3> <Delay = 5.71>
ST_13 : Operation 77 [1/1] (0.00ns)   --->   "%sext_ln1115_8 = sext i64 %xd_aux_V"   --->   Operation 77 'sext' 'sext_ln1115_8' <Predicate = true> <Delay = 0.00>
ST_13 : Operation 78 [1/1] (0.00ns)   --->   "%sext_ln1118_12 = sext i64 %xq_inv_V"   --->   Operation 78 'sext' 'sext_ln1118_12' <Predicate = true> <Delay = 0.00>
ST_13 : Operation 79 [5/5] (5.71ns)   --->   "%r_V_45 = mul i112 %sext_ln1118_12, i112 %sext_ln1115_8"   --->   Operation 79 'mul' 'r_V_45' <Predicate = true> <Delay = 5.71> <CoreInst = "Multiplier">   --->   Core 3 'Multiplier' <Latency = 4> <II = 1> <Delay = 5.71> <FuncUnit> <Opcode : 'mul'> <InPorts = 2> <OutPorts = 1>

State 14 <SV = 4> <Delay = 5.71>
ST_14 : Operation 80 [4/5] (5.71ns)   --->   "%r_V_45 = mul i112 %sext_ln1118_12, i112 %sext_ln1115_8"   --->   Operation 80 'mul' 'r_V_45' <Predicate = true> <Delay = 5.71> <CoreInst = "Multiplier">   --->   Core 3 'Multiplier' <Latency = 4> <II = 1> <Delay = 5.71> <FuncUnit> <Opcode : 'mul'> <InPorts = 2> <OutPorts = 1>

State 15 <SV = 5> <Delay = 5.71>
ST_15 : Operation 81 [3/5] (5.71ns)   --->   "%r_V_45 = mul i112 %sext_ln1118_12, i112 %sext_ln1115_8"   --->   Operation 81 'mul' 'r_V_45' <Predicate = true> <Delay = 5.71> <CoreInst = "Multiplier">   --->   Core 3 'Multiplier' <Latency = 4> <II = 1> <Delay = 5.71> <FuncUnit> <Opcode : 'mul'> <InPorts = 2> <OutPorts = 1>

State 16 <SV = 6> <Delay = 5.71>
ST_16 : Operation 82 [2/5] (5.71ns)   --->   "%r_V_45 = mul i112 %sext_ln1118_12, i112 %sext_ln1115_8"   --->   Operation 82 'mul' 'r_V_45' <Predicate = true> <Delay = 5.71> <CoreInst = "Multiplier">   --->   Core 3 'Multiplier' <Latency = 4> <II = 1> <Delay = 5.71> <FuncUnit> <Opcode : 'mul'> <InPorts = 2> <OutPorts = 1>

State 17 <SV = 7> <Delay = 7.09>
ST_17 : Operation 83 [1/5] (5.71ns)   --->   "%r_V_45 = mul i112 %sext_ln1118_12, i112 %sext_ln1115_8"   --->   Operation 83 'mul' 'r_V_45' <Predicate = true> <Delay = 5.71> <CoreInst = "Multiplier">   --->   Core 3 'Multiplier' <Latency = 4> <II = 1> <Delay = 5.71> <FuncUnit> <Opcode : 'mul'> <InPorts = 2> <OutPorts = 1>
ST_17 : Operation 84 [1/1] (0.00ns)   --->   "%trunc_ln708_9 = partselect i64 @_ssdm_op_PartSelect.i64.i112.i32.i32, i112 %r_V_45, i32 48, i32 111"   --->   Operation 84 'partselect' 'trunc_ln708_9' <Predicate = true> <Delay = 0.00>
ST_17 : Operation 85 [2/2] (1.37ns)   --->   "%y_aux_V_1 = call i64 @ATAN_LUT, i64 %trunc_ln708_9, i59 %table_mark_V_2, i48 %table_m_V_2, i49 %table_n_V_2" [../../C-Codes/Fixed_x64/PLL2026_x64.cpp:1437]   --->   Operation 85 'call' 'y_aux_V_1' <Predicate = true> <Delay = 1.37> <CoreType = "Generic">   --->   Core 0 '' <Latency = 0> <II = 1> <Delay = 1.00> <Generic> <Opcode : >

State 18 <SV = 8> <Delay = 7.17>
ST_18 : Operation 86 [1/2] (4.17ns)   --->   "%y_aux_V_1 = call i64 @ATAN_LUT, i64 %trunc_ln708_9, i59 %table_mark_V_2, i48 %table_m_V_2, i49 %table_n_V_2" [../../C-Codes/Fixed_x64/PLL2026_x64.cpp:1437]   --->   Operation 86 'call' 'y_aux_V_1' <Predicate = true> <Delay = 4.17> <CoreType = "Generic">   --->   Core 0 '' <Latency = 0> <II = 1> <Delay = 1.00> <Generic> <Opcode : >
ST_18 : Operation 87 [1/1] (2.99ns)   --->   "%add_ln703_5 = add i64 %y_aux_V_1, i64 442139859501777"   --->   Operation 87 'add' 'add_ln703_5' <Predicate = true> <Delay = 2.99> <CoreInst = "Adder">   --->   Core 1 'Adder' <Latency = 0> <II = 1> <Delay = 2.99> <FuncUnit> <Opcode : 'add' 'sub'> <InPorts = 2> <OutPorts = 1>

State 19 <SV = 1> <Delay = 5.03>
ST_19 : Operation 88 [2/2] (5.03ns)   --->   "%xq_inv_V_2 = call i64 @INV_LUT, i64 %xq_aux_V, i58 %table_mark_V_1, i63 %table_m_V_1, i56 %table_n_V_1" [../../C-Codes/Fixed_x64/PLL2026_x64.cpp:1422]   --->   Operation 88 'call' 'xq_inv_V_2' <Predicate = true> <Delay = 5.03> <CoreType = "Generic">   --->   Core 0 '' <Latency = 0> <II = 1> <Delay = 1.00> <Generic> <Opcode : >

State 20 <SV = 2> <Delay = 5.49>
ST_20 : Operation 89 [1/2] (5.49ns)   --->   "%xq_inv_V_2 = call i64 @INV_LUT, i64 %xq_aux_V, i58 %table_mark_V_1, i63 %table_m_V_1, i56 %table_n_V_1" [../../C-Codes/Fixed_x64/PLL2026_x64.cpp:1422]   --->   Operation 89 'call' 'xq_inv_V_2' <Predicate = true> <Delay = 5.49> <CoreType = "Generic">   --->   Core 0 '' <Latency = 0> <II = 1> <Delay = 1.00> <Generic> <Opcode : >

State 21 <SV = 3> <Delay = 5.71>
ST_21 : Operation 90 [1/1] (0.00ns)   --->   "%sext_ln1115 = sext i64 %xq_inv_V_2"   --->   Operation 90 'sext' 'sext_ln1115' <Predicate = true> <Delay = 0.00>
ST_21 : Operation 91 [1/1] (0.00ns)   --->   "%zext_ln1118 = zext i64 %xd_read"   --->   Operation 91 'zext' 'zext_ln1118' <Predicate = true> <Delay = 0.00>
ST_21 : Operation 92 [5/5] (5.71ns)   --->   "%r_V_43 = mul i112 %sext_ln1115, i112 %zext_ln1118"   --->   Operation 92 'mul' 'r_V_43' <Predicate = true> <Delay = 5.71> <CoreInst = "Multiplier">   --->   Core 3 'Multiplier' <Latency = 4> <II = 1> <Delay = 5.71> <FuncUnit> <Opcode : 'mul'> <InPorts = 2> <OutPorts = 1>

State 22 <SV = 4> <Delay = 5.71>
ST_22 : Operation 93 [4/5] (5.71ns)   --->   "%r_V_43 = mul i112 %sext_ln1115, i112 %zext_ln1118"   --->   Operation 93 'mul' 'r_V_43' <Predicate = true> <Delay = 5.71> <CoreInst = "Multiplier">   --->   Core 3 'Multiplier' <Latency = 4> <II = 1> <Delay = 5.71> <FuncUnit> <Opcode : 'mul'> <InPorts = 2> <OutPorts = 1>

State 23 <SV = 5> <Delay = 5.71>
ST_23 : Operation 94 [3/5] (5.71ns)   --->   "%r_V_43 = mul i112 %sext_ln1115, i112 %zext_ln1118"   --->   Operation 94 'mul' 'r_V_43' <Predicate = true> <Delay = 5.71> <CoreInst = "Multiplier">   --->   Core 3 'Multiplier' <Latency = 4> <II = 1> <Delay = 5.71> <FuncUnit> <Opcode : 'mul'> <InPorts = 2> <OutPorts = 1>

State 24 <SV = 6> <Delay = 5.71>
ST_24 : Operation 95 [2/5] (5.71ns)   --->   "%r_V_43 = mul i112 %sext_ln1115, i112 %zext_ln1118"   --->   Operation 95 'mul' 'r_V_43' <Predicate = true> <Delay = 5.71> <CoreInst = "Multiplier">   --->   Core 3 'Multiplier' <Latency = 4> <II = 1> <Delay = 5.71> <FuncUnit> <Opcode : 'mul'> <InPorts = 2> <OutPorts = 1>

State 25 <SV = 7> <Delay = 7.09>
ST_25 : Operation 96 [1/5] (5.71ns)   --->   "%r_V_43 = mul i112 %sext_ln1115, i112 %zext_ln1118"   --->   Operation 96 'mul' 'r_V_43' <Predicate = true> <Delay = 5.71> <CoreInst = "Multiplier">   --->   Core 3 'Multiplier' <Latency = 4> <II = 1> <Delay = 5.71> <FuncUnit> <Opcode : 'mul'> <InPorts = 2> <OutPorts = 1>
ST_25 : Operation 97 [1/1] (0.00ns)   --->   "%trunc_ln708_s = partselect i64 @_ssdm_op_PartSelect.i64.i112.i32.i32, i112 %r_V_43, i32 48, i32 111"   --->   Operation 97 'partselect' 'trunc_ln708_s' <Predicate = true> <Delay = 0.00>
ST_25 : Operation 98 [2/2] (1.37ns)   --->   "%y_aux_V = call i64 @ATAN_LUT, i64 %trunc_ln708_s, i59 %table_mark_V_2, i48 %table_m_V_2, i49 %table_n_V_2" [../../C-Codes/Fixed_x64/PLL2026_x64.cpp:1424]   --->   Operation 98 'call' 'y_aux_V' <Predicate = true> <Delay = 1.37> <CoreType = "Generic">   --->   Core 0 '' <Latency = 0> <II = 1> <Delay = 1.00> <Generic> <Opcode : >

State 26 <SV = 8> <Delay = 7.17>
ST_26 : Operation 99 [1/2] (4.17ns)   --->   "%y_aux_V = call i64 @ATAN_LUT, i64 %trunc_ln708_s, i59 %table_mark_V_2, i48 %table_m_V_2, i49 %table_n_V_2" [../../C-Codes/Fixed_x64/PLL2026_x64.cpp:1424]   --->   Operation 99 'call' 'y_aux_V' <Predicate = true> <Delay = 4.17> <CoreType = "Generic">   --->   Core 0 '' <Latency = 0> <II = 1> <Delay = 1.00> <Generic> <Opcode : >
ST_26 : Operation 100 [1/1] (2.99ns)   --->   "%add_ln703 = add i64 %y_aux_V, i64 1326419578505332"   --->   Operation 100 'add' 'add_ln703' <Predicate = true> <Delay = 2.99> <CoreInst = "Adder">   --->   Core 1 'Adder' <Latency = 0> <II = 1> <Delay = 2.99> <FuncUnit> <Opcode : 'add' 'sub'> <InPorts = 2> <OutPorts = 1>

State 27 <SV = 1> <Delay = 5.03>
ST_27 : Operation 101 [2/2] (5.03ns)   --->   "%xd_inv_V = call i64 @INV_LUT, i64 %xd_read, i58 %table_mark_V_1, i63 %table_m_V_1, i56 %table_n_V_1" [../../C-Codes/Fixed_x64/PLL2026_x64.cpp:1414]   --->   Operation 101 'call' 'xd_inv_V' <Predicate = true> <Delay = 5.03> <CoreType = "Generic">   --->   Core 0 '' <Latency = 0> <II = 1> <Delay = 1.00> <Generic> <Opcode : >

State 28 <SV = 2> <Delay = 5.49>
ST_28 : Operation 102 [1/2] (5.49ns)   --->   "%xd_inv_V = call i64 @INV_LUT, i64 %xd_read, i58 %table_mark_V_1, i63 %table_m_V_1, i56 %table_n_V_1" [../../C-Codes/Fixed_x64/PLL2026_x64.cpp:1414]   --->   Operation 102 'call' 'xd_inv_V' <Predicate = true> <Delay = 5.49> <CoreType = "Generic">   --->   Core 0 '' <Latency = 0> <II = 1> <Delay = 1.00> <Generic> <Opcode : >

State 29 <SV = 3> <Delay = 5.71>
ST_29 : Operation 103 [1/1] (0.00ns)   --->   "%zext_ln1115 = zext i64 %xq_read"   --->   Operation 103 'zext' 'zext_ln1115' <Predicate = true> <Delay = 0.00>
ST_29 : Operation 104 [1/1] (0.00ns)   --->   "%sext_ln1118 = sext i64 %xd_inv_V"   --->   Operation 104 'sext' 'sext_ln1118' <Predicate = true> <Delay = 0.00>
ST_29 : Operation 105 [5/5] (5.71ns)   --->   "%r_V = mul i112 %sext_ln1118, i112 %zext_ln1115"   --->   Operation 105 'mul' 'r_V' <Predicate = true> <Delay = 5.71> <CoreInst = "Multiplier">   --->   Core 3 'Multiplier' <Latency = 4> <II = 1> <Delay = 5.71> <FuncUnit> <Opcode : 'mul'> <InPorts = 2> <OutPorts = 1>

State 30 <SV = 4> <Delay = 5.71>
ST_30 : Operation 106 [4/5] (5.71ns)   --->   "%r_V = mul i112 %sext_ln1118, i112 %zext_ln1115"   --->   Operation 106 'mul' 'r_V' <Predicate = true> <Delay = 5.71> <CoreInst = "Multiplier">   --->   Core 3 'Multiplier' <Latency = 4> <II = 1> <Delay = 5.71> <FuncUnit> <Opcode : 'mul'> <InPorts = 2> <OutPorts = 1>

State 31 <SV = 5> <Delay = 5.71>
ST_31 : Operation 107 [3/5] (5.71ns)   --->   "%r_V = mul i112 %sext_ln1118, i112 %zext_ln1115"   --->   Operation 107 'mul' 'r_V' <Predicate = true> <Delay = 5.71> <CoreInst = "Multiplier">   --->   Core 3 'Multiplier' <Latency = 4> <II = 1> <Delay = 5.71> <FuncUnit> <Opcode : 'mul'> <InPorts = 2> <OutPorts = 1>

State 32 <SV = 6> <Delay = 5.71>
ST_32 : Operation 108 [2/5] (5.71ns)   --->   "%r_V = mul i112 %sext_ln1118, i112 %zext_ln1115"   --->   Operation 108 'mul' 'r_V' <Predicate = true> <Delay = 5.71> <CoreInst = "Multiplier">   --->   Core 3 'Multiplier' <Latency = 4> <II = 1> <Delay = 5.71> <FuncUnit> <Opcode : 'mul'> <InPorts = 2> <OutPorts = 1>

State 33 <SV = 7> <Delay = 7.09>
ST_33 : Operation 109 [1/5] (5.71ns)   --->   "%r_V = mul i112 %sext_ln1118, i112 %zext_ln1115"   --->   Operation 109 'mul' 'r_V' <Predicate = true> <Delay = 5.71> <CoreInst = "Multiplier">   --->   Core 3 'Multiplier' <Latency = 4> <II = 1> <Delay = 5.71> <FuncUnit> <Opcode : 'mul'> <InPorts = 2> <OutPorts = 1>
ST_33 : Operation 110 [1/1] (0.00ns)   --->   "%trunc_ln = partselect i64 @_ssdm_op_PartSelect.i64.i112.i32.i32, i112 %r_V, i32 48, i32 111"   --->   Operation 110 'partselect' 'trunc_ln' <Predicate = true> <Delay = 0.00>
ST_33 : Operation 111 [2/2] (1.37ns)   --->   "%ref_tmp6 = call i64 @ATAN_LUT, i64 %trunc_ln, i59 %table_mark_V_2, i48 %table_m_V_2, i49 %table_n_V_2" [../../C-Codes/Fixed_x64/PLL2026_x64.cpp:1416]   --->   Operation 111 'call' 'ref_tmp6' <Predicate = true> <Delay = 1.37> <CoreType = "Generic">   --->   Core 0 '' <Latency = 0> <II = 1> <Delay = 1.00> <Generic> <Opcode : >

State 34 <SV = 8> <Delay = 4.17>
ST_34 : Operation 112 [1/2] (4.17ns)   --->   "%ref_tmp6 = call i64 @ATAN_LUT, i64 %trunc_ln, i59 %table_mark_V_2, i48 %table_m_V_2, i49 %table_n_V_2" [../../C-Codes/Fixed_x64/PLL2026_x64.cpp:1416]   --->   Operation 112 'call' 'ref_tmp6' <Predicate = true> <Delay = 4.17> <CoreType = "Generic">   --->   Core 0 '' <Latency = 0> <II = 1> <Delay = 1.00> <Generic> <Opcode : >
ST_34 : Operation 113 [1/1] (1.37ns)   --->   "%br_ln1418 = br void %ap_fixed_base.exit334_ifconv" [../../C-Codes/Fixed_x64/PLL2026_x64.cpp:1418]   --->   Operation 113 'br' 'br_ln1418' <Predicate = true> <Delay = 1.37>

State 35 <SV = 10> <Delay = 7.02>
ST_35 : Operation 114 [1/1] (2.34ns)   --->   "%icmp_ln1495_13 = icmp_slt  i64 %y, i64 18443206954833537396"   --->   Operation 114 'icmp' 'icmp_ln1495_13' <Predicate = true> <Delay = 2.34> <CoreInst = "Cmp">   --->   Core 9 'Cmp' <Latency = 0> <II = 1> <Delay = 2.34> <FuncUnit> <Opcode : 'icmp'> <InPorts = 2> <OutPorts = 1>
ST_35 : Operation 115 [1/1] (0.00ns) (grouped into LUT with out node or_ln376_3)   --->   "%xor_ln1494 = xor i1 %icmp_ln1494_16, i1 1"   --->   Operation 115 'xor' 'xor_ln1494' <Predicate = true> <Delay = 0.00> <CoreInst = "LogicGate">   --->   Core 74 'LogicGate' <Latency = 0> <II = 1> <Delay = 0.80> <FuncUnit> <Opcode : 'and' 'or' 'xor'> <InPorts = 2> <OutPorts = 1>
ST_35 : Operation 116 [1/1] (0.00ns) (grouped into LUT with out node or_ln376_3)   --->   "%and_ln367_5 = and i1 %and_ln367, i1 %xor_ln1494" [../../C-Codes/Fixed_x64/PLL2026_x64.cpp:367]   --->   Operation 116 'and' 'and_ln367_5' <Predicate = true> <Delay = 0.00> <CoreInst = "LogicGate">   --->   Core 74 'LogicGate' <Latency = 0> <II = 1> <Delay = 0.80> <FuncUnit> <Opcode : 'and' 'or' 'xor'> <InPorts = 2> <OutPorts = 1>
ST_35 : Operation 117 [1/1] (0.80ns)   --->   "%or_ln367 = or i1 %icmp_ln1494_16, i1 %and_ln367" [../../C-Codes/Fixed_x64/PLL2026_x64.cpp:367]   --->   Operation 117 'or' 'or_ln367' <Predicate = true> <Delay = 0.80> <CoreInst = "LogicGate">   --->   Core 74 'LogicGate' <Latency = 0> <II = 1> <Delay = 0.80> <FuncUnit> <Opcode : 'and' 'or' 'xor'> <InPorts = 2> <OutPorts = 1>
ST_35 : Operation 118 [1/1] (0.00ns) (grouped into LUT with out node and_ln370_5)   --->   "%xor_ln367 = xor i1 %or_ln367, i1 1" [../../C-Codes/Fixed_x64/PLL2026_x64.cpp:367]   --->   Operation 118 'xor' 'xor_ln367' <Predicate = true> <Delay = 0.00> <CoreInst = "LogicGate">   --->   Core 74 'LogicGate' <Latency = 0> <II = 1> <Delay = 0.80> <FuncUnit> <Opcode : 'and' 'or' 'xor'> <InPorts = 2> <OutPorts = 1>
ST_35 : Operation 119 [1/1] (0.80ns) (out node of the LUT)   --->   "%and_ln370_5 = and i1 %and_ln370, i1 %xor_ln367" [../../C-Codes/Fixed_x64/PLL2026_x64.cpp:370]   --->   Operation 119 'and' 'and_ln370_5' <Predicate = true> <Delay = 0.80> <CoreInst = "LogicGate">   --->   Core 74 'LogicGate' <Latency = 0> <II = 1> <Delay = 0.80> <FuncUnit> <Opcode : 'and' 'or' 'xor'> <InPorts = 2> <OutPorts = 1>
ST_35 : Operation 120 [1/1] (0.80ns)   --->   "%or_ln370 = or i1 %or_ln367, i1 %and_ln370" [../../C-Codes/Fixed_x64/PLL2026_x64.cpp:370]   --->   Operation 120 'or' 'or_ln370' <Predicate = true> <Delay = 0.80> <CoreInst = "LogicGate">   --->   Core 74 'LogicGate' <Latency = 0> <II = 1> <Delay = 0.80> <FuncUnit> <Opcode : 'and' 'or' 'xor'> <InPorts = 2> <OutPorts = 1>
ST_35 : Operation 121 [1/1] (0.00ns) (grouped into LUT with out node or_ln376)   --->   "%xor_ln370 = xor i1 %or_ln370, i1 1" [../../C-Codes/Fixed_x64/PLL2026_x64.cpp:370]   --->   Operation 121 'xor' 'xor_ln370' <Predicate = true> <Delay = 0.00> <CoreInst = "LogicGate">   --->   Core 74 'LogicGate' <Latency = 0> <II = 1> <Delay = 0.80> <FuncUnit> <Opcode : 'and' 'or' 'xor'> <InPorts = 2> <OutPorts = 1>
ST_35 : Operation 122 [1/1] (0.00ns) (grouped into LUT with out node or_ln376)   --->   "%and_ln373_5 = and i1 %and_ln373, i1 %xor_ln370" [../../C-Codes/Fixed_x64/PLL2026_x64.cpp:373]   --->   Operation 122 'and' 'and_ln373_5' <Predicate = true> <Delay = 0.00> <CoreInst = "LogicGate">   --->   Core 74 'LogicGate' <Latency = 0> <II = 1> <Delay = 0.80> <FuncUnit> <Opcode : 'and' 'or' 'xor'> <InPorts = 2> <OutPorts = 1>
ST_35 : Operation 123 [1/1] (0.00ns) (grouped into LUT with out node and_ln376_5)   --->   "%or_ln373 = or i1 %or_ln370, i1 %and_ln373" [../../C-Codes/Fixed_x64/PLL2026_x64.cpp:373]   --->   Operation 123 'or' 'or_ln373' <Predicate = true> <Delay = 0.00> <CoreInst = "LogicGate">   --->   Core 74 'LogicGate' <Latency = 0> <II = 1> <Delay = 0.80> <FuncUnit> <Opcode : 'and' 'or' 'xor'> <InPorts = 2> <OutPorts = 1>
ST_35 : Operation 124 [1/1] (0.00ns) (grouped into LUT with out node and_ln376_5)   --->   "%xor_ln373 = xor i1 %or_ln373, i1 1" [../../C-Codes/Fixed_x64/PLL2026_x64.cpp:373]   --->   Operation 124 'xor' 'xor_ln373' <Predicate = true> <Delay = 0.00> <CoreInst = "LogicGate">   --->   Core 74 'LogicGate' <Latency = 0> <II = 1> <Delay = 0.80> <FuncUnit> <Opcode : 'and' 'or' 'xor'> <InPorts = 2> <OutPorts = 1>
ST_35 : Operation 125 [1/1] (0.00ns) (grouped into LUT with out node and_ln376_5)   --->   "%and_ln376 = and i1 %icmp_ln1495_12, i1 %xor_ln373" [../../C-Codes/Fixed_x64/PLL2026_x64.cpp:376]   --->   Operation 125 'and' 'and_ln376' <Predicate = true> <Delay = 0.00> <CoreInst = "LogicGate">   --->   Core 74 'LogicGate' <Latency = 0> <II = 1> <Delay = 0.80> <FuncUnit> <Opcode : 'and' 'or' 'xor'> <InPorts = 2> <OutPorts = 1>
ST_35 : Operation 126 [1/1] (0.80ns) (out node of the LUT)   --->   "%and_ln376_5 = and i1 %and_ln376, i1 %icmp_ln1494_20" [../../C-Codes/Fixed_x64/PLL2026_x64.cpp:376]   --->   Operation 126 'and' 'and_ln376_5' <Predicate = true> <Delay = 0.80> <CoreInst = "LogicGate">   --->   Core 74 'LogicGate' <Latency = 0> <II = 1> <Delay = 0.80> <FuncUnit> <Opcode : 'and' 'or' 'xor'> <InPorts = 2> <OutPorts = 1>
ST_35 : Operation 127 [1/1] (0.00ns) (grouped into LUT with out node add_ln376_1)   --->   "%select_ln376 = select i1 %and_ln376_5, i53 3537118876014220, i53 1768559438007110" [../../C-Codes/Fixed_x64/PLL2026_x64.cpp:376]   --->   Operation 127 'select' 'select_ln376' <Predicate = true> <Delay = 0.00> <CoreInst = "Sel">   --->   Core 73 'Sel' <Latency = 0> <II = 1> <Delay = 0.83> <FuncUnit> <Opcode : 'select'> <InPorts = 3> <OutPorts = 1>
ST_35 : Operation 128 [1/1] (0.80ns) (out node of the LUT)   --->   "%or_ln376 = or i1 %and_ln376_5, i1 %and_ln373_5" [../../C-Codes/Fixed_x64/PLL2026_x64.cpp:376]   --->   Operation 128 'or' 'or_ln376' <Predicate = true> <Delay = 0.80> <CoreInst = "LogicGate">   --->   Core 74 'LogicGate' <Latency = 0> <II = 1> <Delay = 0.80> <FuncUnit> <Opcode : 'and' 'or' 'xor'> <InPorts = 2> <OutPorts = 1>
ST_35 : Operation 129 [1/1] (0.00ns) (grouped into LUT with out node add_ln376_1)   --->   "%select_ln376_1 = select i1 %and_ln370_5, i53 7238639816733882, i53 5470080378726772" [../../C-Codes/Fixed_x64/PLL2026_x64.cpp:376]   --->   Operation 129 'select' 'select_ln376_1' <Predicate = true> <Delay = 0.00> <CoreInst = "Sel">   --->   Core 73 'Sel' <Latency = 0> <II = 1> <Delay = 0.83> <FuncUnit> <Opcode : 'select'> <InPorts = 3> <OutPorts = 1>
ST_35 : Operation 130 [1/1] (0.00ns) (grouped into LUT with out node or_ln376_3)   --->   "%or_ln376_1 = or i1 %and_ln370_5, i1 %and_ln367_5" [../../C-Codes/Fixed_x64/PLL2026_x64.cpp:376]   --->   Operation 130 'or' 'or_ln376_1' <Predicate = true> <Delay = 0.00> <CoreInst = "LogicGate">   --->   Core 74 'LogicGate' <Latency = 0> <II = 1> <Delay = 0.80> <FuncUnit> <Opcode : 'and' 'or' 'xor'> <InPorts = 2> <OutPorts = 1>
ST_35 : Operation 131 [1/1] (0.00ns) (grouped into LUT with out node add_ln376)   --->   "%select_ln376_2 = select i1 %icmp_ln1494_16, i64 18441438395395530286, i64 5305678314021330" [../../C-Codes/Fixed_x64/PLL2026_x64.cpp:376]   --->   Operation 131 'select' 'select_ln376_2' <Predicate = true> <Delay = 0.00> <CoreInst = "Sel">   --->   Core 73 'Sel' <Latency = 0> <II = 1> <Delay = 0.83> <FuncUnit> <Opcode : 'select'> <InPorts = 3> <OutPorts = 1>
ST_35 : Operation 132 [1/1] (2.99ns) (out node of the LUT)   --->   "%add_ln376 = add i64 %y, i64 %select_ln376_2" [../../C-Codes/Fixed_x64/PLL2026_x64.cpp:376]   --->   Operation 132 'add' 'add_ln376' <Predicate = true> <Delay = 2.99> <CoreInst = "Adder">   --->   Core 1 'Adder' <Latency = 0> <II = 1> <Delay = 2.99> <FuncUnit> <Opcode : 'add' 'sub'> <InPorts = 2> <OutPorts = 1>
ST_35 : Operation 133 [1/1] (0.00ns) (grouped into LUT with out node angulo_V)   --->   "%or_ln376_2 = or i1 %icmp_ln1494_16, i1 %icmp_ln1495_13" [../../C-Codes/Fixed_x64/PLL2026_x64.cpp:376]   --->   Operation 133 'or' 'or_ln376_2' <Predicate = true> <Delay = 0.00> <CoreInst = "LogicGate">   --->   Core 74 'LogicGate' <Latency = 0> <II = 1> <Delay = 0.80> <FuncUnit> <Opcode : 'and' 'or' 'xor'> <InPorts = 2> <OutPorts = 1>
ST_35 : Operation 134 [1/1] (0.00ns) (grouped into LUT with out node add_ln376_1)   --->   "%select_ln376_3 = select i1 %or_ln376, i53 %select_ln376, i53 %select_ln376_1" [../../C-Codes/Fixed_x64/PLL2026_x64.cpp:376]   --->   Operation 134 'select' 'select_ln376_3' <Predicate = true> <Delay = 0.00> <CoreInst = "Sel">   --->   Core 73 'Sel' <Latency = 0> <II = 1> <Delay = 0.83> <FuncUnit> <Opcode : 'select'> <InPorts = 3> <OutPorts = 1>
ST_35 : Operation 135 [1/1] (0.00ns) (grouped into LUT with out node add_ln376_1)   --->   "%sext_ln376 = sext i53 %select_ln376_3" [../../C-Codes/Fixed_x64/PLL2026_x64.cpp:376]   --->   Operation 135 'sext' 'sext_ln376' <Predicate = true> <Delay = 0.00>
ST_35 : Operation 136 [1/1] (2.99ns) (out node of the LUT)   --->   "%add_ln376_1 = add i64 %y, i64 %sext_ln376" [../../C-Codes/Fixed_x64/PLL2026_x64.cpp:376]   --->   Operation 136 'add' 'add_ln376_1' <Predicate = true> <Delay = 2.99> <CoreInst = "Adder">   --->   Core 1 'Adder' <Latency = 0> <II = 1> <Delay = 2.99> <FuncUnit> <Opcode : 'add' 'sub'> <InPorts = 2> <OutPorts = 1>
ST_35 : Operation 137 [1/1] (0.80ns) (out node of the LUT)   --->   "%or_ln376_3 = or i1 %or_ln376, i1 %or_ln376_1" [../../C-Codes/Fixed_x64/PLL2026_x64.cpp:376]   --->   Operation 137 'or' 'or_ln376_3' <Predicate = true> <Delay = 0.80> <CoreInst = "LogicGate">   --->   Core 74 'LogicGate' <Latency = 0> <II = 1> <Delay = 0.80> <FuncUnit> <Opcode : 'and' 'or' 'xor'> <InPorts = 2> <OutPorts = 1>
ST_35 : Operation 138 [1/1] (0.00ns) (grouped into LUT with out node angulo_V)   --->   "%select_ln376_4 = select i1 %or_ln376_2, i64 %add_ln376, i64 %y" [../../C-Codes/Fixed_x64/PLL2026_x64.cpp:376]   --->   Operation 138 'select' 'select_ln376_4' <Predicate = true> <Delay = 0.00> <CoreInst = "Sel">   --->   Core 73 'Sel' <Latency = 0> <II = 1> <Delay = 0.83> <FuncUnit> <Opcode : 'select'> <InPorts = 3> <OutPorts = 1>
ST_35 : Operation 139 [1/1] (0.83ns) (out node of the LUT)   --->   "%angulo_V = select i1 %or_ln376_3, i64 %add_ln376_1, i64 %select_ln376_4" [../../C-Codes/Fixed_x64/PLL2026_x64.cpp:376]   --->   Operation 139 'select' 'angulo_V' <Predicate = true> <Delay = 0.83> <CoreInst = "Sel">   --->   Core 73 'Sel' <Latency = 0> <II = 1> <Delay = 0.83> <FuncUnit> <Opcode : 'select'> <InPorts = 3> <OutPorts = 1>
ST_35 : Operation 140 [1/1] (0.00ns)   --->   "%ret_ln1458 = ret i64 %angulo_V" [../../C-Codes/Fixed_x64/PLL2026_x64.cpp:1458]   --->   Operation 140 'ret' 'ret_ln1458' <Predicate = true> <Delay = 0.00>


============================================================
+ Verbose Summary: Timing violations
============================================================
Target clock period: 10ns, clock uncertainty: 2.7ns.

 <State 1>: 3.14ns
The critical path consists of the following:
	wire read on port 'xd' [16]  (0 ns)
	'sub' operation ('xd_aux.V') [21]  (3 ns)
	blocking operation 0.143 ns on control path)

 <State 2>: 5.04ns
The critical path consists of the following:
	'call' operation ('xd_inv.V', ../../C-Codes/Fixed_x64/PLL2026_x64.cpp:1445) to 'INV_LUT' [25]  (5.04 ns)

 <State 3>: 5.5ns
The critical path consists of the following:
	'call' operation ('xd_inv.V', ../../C-Codes/Fixed_x64/PLL2026_x64.cpp:1445) to 'INV_LUT' [25]  (5.5 ns)

 <State 4>: 5.72ns
The critical path consists of the following:
	'mul' operation ('r.V') [28]  (5.72 ns)

 <State 5>: 5.72ns
The critical path consists of the following:
	'mul' operation ('r.V') [28]  (5.72 ns)

 <State 6>: 5.72ns
The critical path consists of the following:
	'mul' operation ('r.V') [28]  (5.72 ns)

 <State 7>: 5.72ns
The critical path consists of the following:
	'mul' operation ('r.V') [28]  (5.72 ns)

 <State 8>: 7.09ns
The critical path consists of the following:
	'mul' operation ('r.V') [28]  (5.72 ns)
	'call' operation ('y_aux.V', ../../C-Codes/Fixed_x64/PLL2026_x64.cpp:1447) to 'ATAN_LUT' [30]  (1.37 ns)

 <State 9>: 7.17ns
The critical path consists of the following:
	'call' operation ('y_aux.V', ../../C-Codes/Fixed_x64/PLL2026_x64.cpp:1447) to 'ATAN_LUT' [30]  (4.17 ns)
	'add' operation ('add_ln703_6') [31]  (3 ns)

 <State 10>: 4.52ns
The critical path consists of the following:
	multiplexor before 'phi' operation ('y', ../../C-Codes/Fixed_x64/PLL2026_x64.cpp:1416) with incoming values : ('add_ln703_6') ('add_ln703_5') ('add_ln703') ('ref_tmp6', ../../C-Codes/Fixed_x64/PLL2026_x64.cpp:1416) [63]  (1.37 ns)
	'phi' operation ('y', ../../C-Codes/Fixed_x64/PLL2026_x64.cpp:1416) with incoming values : ('add_ln703_6') ('add_ln703_5') ('add_ln703') ('ref_tmp6', ../../C-Codes/Fixed_x64/PLL2026_x64.cpp:1416) [63]  (0 ns)
	'icmp' operation ('icmp_ln1494_17') [65]  (2.34 ns)
	'and' operation ('and_ln367', ../../C-Codes/Fixed_x64/PLL2026_x64.cpp:367) [67]  (0.8 ns)

 <State 11>: 5.04ns
The critical path consists of the following:
	'call' operation ('xq_inv.V', ../../C-Codes/Fixed_x64/PLL2026_x64.cpp:1435) to 'INV_LUT' [34]  (5.04 ns)

 <State 12>: 5.5ns
The critical path consists of the following:
	'call' operation ('xq_inv.V', ../../C-Codes/Fixed_x64/PLL2026_x64.cpp:1435) to 'INV_LUT' [34]  (5.5 ns)

 <State 13>: 5.72ns
The critical path consists of the following:
	'mul' operation ('r.V') [37]  (5.72 ns)

 <State 14>: 5.72ns
The critical path consists of the following:
	'mul' operation ('r.V') [37]  (5.72 ns)

 <State 15>: 5.72ns
The critical path consists of the following:
	'mul' operation ('r.V') [37]  (5.72 ns)

 <State 16>: 5.72ns
The critical path consists of the following:
	'mul' operation ('r.V') [37]  (5.72 ns)

 <State 17>: 7.09ns
The critical path consists of the following:
	'mul' operation ('r.V') [37]  (5.72 ns)
	'call' operation ('y_aux.V', ../../C-Codes/Fixed_x64/PLL2026_x64.cpp:1437) to 'ATAN_LUT' [39]  (1.37 ns)

 <State 18>: 7.17ns
The critical path consists of the following:
	'call' operation ('y_aux.V', ../../C-Codes/Fixed_x64/PLL2026_x64.cpp:1437) to 'ATAN_LUT' [39]  (4.17 ns)
	'add' operation ('add_ln703_5') [40]  (3 ns)

 <State 19>: 5.04ns
The critical path consists of the following:
	'call' operation ('xq_inv.V', ../../C-Codes/Fixed_x64/PLL2026_x64.cpp:1422) to 'INV_LUT' [46]  (5.04 ns)

 <State 20>: 5.5ns
The critical path consists of the following:
	'call' operation ('xq_inv.V', ../../C-Codes/Fixed_x64/PLL2026_x64.cpp:1422) to 'INV_LUT' [46]  (5.5 ns)

 <State 21>: 5.72ns
The critical path consists of the following:
	'mul' operation ('r.V') [49]  (5.72 ns)

 <State 22>: 5.72ns
The critical path consists of the following:
	'mul' operation ('r.V') [49]  (5.72 ns)

 <State 23>: 5.72ns
The critical path consists of the following:
	'mul' operation ('r.V') [49]  (5.72 ns)

 <State 24>: 5.72ns
The critical path consists of the following:
	'mul' operation ('r.V') [49]  (5.72 ns)

 <State 25>: 7.09ns
The critical path consists of the following:
	'mul' operation ('r.V') [49]  (5.72 ns)
	'call' operation ('y_aux.V', ../../C-Codes/Fixed_x64/PLL2026_x64.cpp:1424) to 'ATAN_LUT' [51]  (1.37 ns)

 <State 26>: 7.17ns
The critical path consists of the following:
	'call' operation ('y_aux.V', ../../C-Codes/Fixed_x64/PLL2026_x64.cpp:1424) to 'ATAN_LUT' [51]  (4.17 ns)
	'add' operation ('add_ln703') [52]  (3 ns)

 <State 27>: 5.04ns
The critical path consists of the following:
	'call' operation ('xd_inv.V', ../../C-Codes/Fixed_x64/PLL2026_x64.cpp:1414) to 'INV_LUT' [55]  (5.04 ns)

 <State 28>: 5.5ns
The critical path consists of the following:
	'call' operation ('xd_inv.V', ../../C-Codes/Fixed_x64/PLL2026_x64.cpp:1414) to 'INV_LUT' [55]  (5.5 ns)

 <State 29>: 5.72ns
The critical path consists of the following:
	'mul' operation ('r.V') [58]  (5.72 ns)

 <State 30>: 5.72ns
The critical path consists of the following:
	'mul' operation ('r.V') [58]  (5.72 ns)

 <State 31>: 5.72ns
The critical path consists of the following:
	'mul' operation ('r.V') [58]  (5.72 ns)

 <State 32>: 5.72ns
The critical path consists of the following:
	'mul' operation ('r.V') [58]  (5.72 ns)

 <State 33>: 7.09ns
The critical path consists of the following:
	'mul' operation ('r.V') [58]  (5.72 ns)
	'call' operation ('ref_tmp6', ../../C-Codes/Fixed_x64/PLL2026_x64.cpp:1416) to 'ATAN_LUT' [60]  (1.37 ns)

 <State 34>: 4.17ns
The critical path consists of the following:
	'call' operation ('ref_tmp6', ../../C-Codes/Fixed_x64/PLL2026_x64.cpp:1416) to 'ATAN_LUT' [60]  (4.17 ns)

 <State 35>: 7.03ns
The critical path consists of the following:
	'or' operation ('or_ln367', ../../C-Codes/Fixed_x64/PLL2026_x64.cpp:367) [79]  (0.8 ns)
	'or' operation ('or_ln370', ../../C-Codes/Fixed_x64/PLL2026_x64.cpp:370) [82]  (0.8 ns)
	'or' operation ('or_ln373', ../../C-Codes/Fixed_x64/PLL2026_x64.cpp:373) [85]  (0 ns)
	'xor' operation ('xor_ln373', ../../C-Codes/Fixed_x64/PLL2026_x64.cpp:373) [86]  (0 ns)
	'and' operation ('and_ln376', ../../C-Codes/Fixed_x64/PLL2026_x64.cpp:376) [87]  (0 ns)
	'and' operation ('and_ln376_5', ../../C-Codes/Fixed_x64/PLL2026_x64.cpp:376) [88]  (0.8 ns)
	'or' operation ('or_ln376', ../../C-Codes/Fixed_x64/PLL2026_x64.cpp:376) [90]  (0.8 ns)
	'select' operation ('select_ln376_3', ../../C-Codes/Fixed_x64/PLL2026_x64.cpp:376) [96]  (0 ns)
	'add' operation ('add_ln376_1', ../../C-Codes/Fixed_x64/PLL2026_x64.cpp:376) [98]  (3 ns)
	'select' operation ('angulo.V', ../../C-Codes/Fixed_x64/PLL2026_x64.cpp:376) [101]  (0.831 ns)


============================================================
+ Verbose Summary: Binding
============================================================
N/A
* FSMD analyzer results:
  - Output states:
 - Input state : 
  - Chain level:
	State 1
	State 2
	State 3
	State 4
	State 5
	State 6
	State 7
	State 8
	State 9
	State 10
	State 11
	State 12
	State 13
	State 14
	State 15
	State 16
	State 17
	State 18
	State 19
	State 20
	State 21
	State 22
	State 23
	State 24
	State 25
	State 26
	State 27
	State 28
	State 29
	State 30
	State 31
	State 32
	State 33
	State 34
	State 35


============================================================
+ Verbose Summary: Datapath Resource usage 
============================================================
N/A
