

================================================================
== Vitis HLS Report for 'ATAN_LUT_signed'
================================================================
* Date:           Wed Jul  8 16:46:15 2026

* Version:        2020.2 (Build 3064766 on Wed Nov 18 09:12:45 MST 2020)
* Project:        PLL2026
* Solution:       solution1 (Vivado IP Flow Target)
* Product family: artix7
* Target device:  xc7a200t-fbg676-2


================================================================
== Performance Estimates
================================================================
+ Timing: 
    * Summary: 
    +--------+----------+----------+------------+
    |  Clock |  Target  | Estimated| Uncertainty|
    +--------+----------+----------+------------+
    |ap_clk  |  10.00 ns|  7.132 ns|     2.70 ns|
    +--------+----------+----------+------------+

+ Latency: 
    * Summary: 
    +---------+---------+----------+----------+-----+-----+---------+
    |  Latency (cycles) |  Latency (absolute) |  Interval | Pipeline|
    |   min   |   max   |    min   |    max   | min | max |   Type  |
    +---------+---------+----------+----------+-----+-----+---------+
    |        ?|        ?|         ?|         ?|    ?|    ?|     none|
    +---------+---------+----------+----------+-----+-----+---------+

    + Detail: 
        * Instance: 
        N/A

        * Loop: 
        +--------------------+---------+---------+----------+-----------+-----------+------+----------+
        |                    |  Latency (cycles) | Iteration|  Initiation Interval  | Trip |          |
        |      Loop Name     |   min   |   max   |  Latency |  achieved |   target  | Count| Pipelined|
        +--------------------+---------+---------+----------+-----------+-----------+------+----------+
        |- VITIS_LOOP_986_1  |        ?|        ?|         2|          2|          1|     ?|       yes|
        |- VITIS_LOOP_986_1  |        ?|        ?|         2|          2|          1|     ?|       yes|
        +--------------------+---------+---------+----------+-----------+-----------+------+----------+

============================================================
+ Verbose Summary: Synthesis Manager
============================================================
InlineROM: 1
ExposeGlobal: 0
============================================================
+ Verbose Summary: CDFG Model
============================================================
IsTopModel: 0
ResetActiveHigh: 1
IsCombinational: 0
IsDatapathOnly: 0
HasWiredReturn: 1
HasMFsm: 0
HasVarLatency: 1
IsPipeline: 0
IsRtlPipelined: 0
IsInstanceOverlapped: 0
IsDontTouch: 0
HasImplIP: 0
IsGatedGlobalClock: 0

+ Individual pipeline summary: 
  * Pipeline-0: initiation interval (II) = 2, depth = 2
  * Pipeline-1: initiation interval (II) = 2, depth = 2


============================================================
+ Verbose Summary: Schedule
============================================================
* Number of FSM states : 22
* Pipeline : 2
  Pipeline-0 : II = 2, D = 2, States = { 2 3 }
  Pipeline-1 : II = 2, D = 2, States = { 12 13 }
* Dataflow Pipeline: 0

* FSM state transitions: 
1 --> 2 12 
2 --> 4 3 
3 --> 2 
4 --> 5 
5 --> 6 
6 --> 7 
7 --> 8 
8 --> 9 
9 --> 10 
10 --> 11 
11 --> 22 
12 --> 14 13 
13 --> 12 
14 --> 15 
15 --> 16 
16 --> 17 
17 --> 18 
18 --> 19 
19 --> 20 
20 --> 21 
21 --> 22 
22 --> 

* FSM state operations: 

State 1 <SV = 0> <Delay = 2.99>
ST_1 : Operation 23 [1/1] (0.00ns)   --->   "%x_read = read i64 @_ssdm_op_Read.ap_auto.i64, i64 %x"   --->   Operation 23 'read' 'x_read' <Predicate = true> <Delay = 0.00>
ST_1 : Operation 24 [1/1] (0.00ns)   --->   "%tmp_12 = bitselect i1 @_ssdm_op_BitSelect.i1.i64.i32, i64 %x_read, i32 63"   --->   Operation 24 'bitselect' 'tmp_12' <Predicate = true> <Delay = 0.00>
ST_1 : Operation 25 [1/1] (0.00ns)   --->   "%br_ln1376 = br i1 %tmp_12, void %_ZN13ap_fixed_baseILi129ELi33ELb1EL9ap_q_mode5EL9ap_o_mode3ELi0EEC2ILi128ELi32ELb1ELS0_5ELS1_3ELi0EEERKS_IXT_EXT0_EXT1_EXT2_EXT3_EXT4_EE.exit.i.i11.preheader, void %_ZNK13ap_fixed_baseILi64ELi16ELb1EL9ap_q_mode5EL9ap_o_mode3ELi0EEngEv.exit29" [../../C-Codes/Fixed_x64/PLL2026_x64.cpp:1376]   --->   Operation 25 'br' 'br_ln1376' <Predicate = true> <Delay = 0.00>
ST_1 : Operation 26 [1/1] (1.32ns)   --->   "%br_ln0 = br void %_ZN13ap_fixed_baseILi129ELi33ELb1EL9ap_q_mode5EL9ap_o_mode3ELi0EEC2ILi128ELi32ELb1ELS0_5ELS1_3ELi0EEERKS_IXT_EXT0_EXT1_EXT2_EXT3_EXT4_EE.exit.i.i11"   --->   Operation 26 'br' 'br_ln0' <Predicate = (!tmp_12)> <Delay = 1.32>
ST_1 : Operation 27 [1/1] (2.99ns)   --->   "%x_V = sub i64 0, i64 %x_read"   --->   Operation 27 'sub' 'x_V' <Predicate = (tmp_12)> <Delay = 2.99> <CoreInst = "Adder">   --->   Core 1 'Adder' <Latency = 0> <II = 1> <Delay = 2.97> <FuncUnit> <Opcode : 'add' 'sub'> <InPorts = 2> <OutPorts = 1>
ST_1 : Operation 28 [1/1] (1.32ns)   --->   "%br_ln986 = br void" [../../C-Codes/Fixed_x64/PLL2026_x64.cpp:986]   --->   Operation 28 'br' 'br_ln986' <Predicate = (tmp_12)> <Delay = 1.32>

State 2 <SV = 1> <Delay = 7.13>
ST_2 : Operation 29 [1/1] (0.00ns)   --->   "%intervalo_begin_9 = phi i32 %intervalo_begin, void, i32 0, void %_ZN13ap_fixed_baseILi129ELi33ELb1EL9ap_q_mode5EL9ap_o_mode3ELi0EEC2ILi128ELi32ELb1ELS0_5ELS1_3ELi0EEERKS_IXT_EXT0_EXT1_EXT2_EXT3_EXT4_EE.exit.i.i11.preheader"   --->   Operation 29 'phi' 'intervalo_begin_9' <Predicate = true> <Delay = 0.00>
ST_2 : Operation 30 [1/1] (0.00ns)   --->   "%intervalo_end_5 = phi i32 %intervalo_end_7, void, i32 31, void %_ZN13ap_fixed_baseILi129ELi33ELb1EL9ap_q_mode5EL9ap_o_mode3ELi0EEC2ILi128ELi32ELb1ELS0_5ELS1_3ELi0EEERKS_IXT_EXT0_EXT1_EXT2_EXT3_EXT4_EE.exit.i.i11.preheader"   --->   Operation 30 'phi' 'intervalo_end_5' <Predicate = true> <Delay = 0.00>
ST_2 : Operation 31 [1/1] (0.00ns)   --->   "%specpipeline_ln0 = specpipeline void @_ssdm_op_SpecPipeline, i32 4294967295, i32 0, i32 1, i32 0, void @p_str"   --->   Operation 31 'specpipeline' 'specpipeline_ln0' <Predicate = true> <Delay = 0.00>
ST_2 : Operation 32 [1/1] (2.18ns)   --->   "%sub_ln986_2 = sub i32 %intervalo_end_5, i32 %intervalo_begin_9" [../../C-Codes/Fixed_x64/PLL2026_x64.cpp:986]   --->   Operation 32 'sub' 'sub_ln986_2' <Predicate = true> <Delay = 2.18> <CoreInst = "Adder">   --->   Core 1 'Adder' <Latency = 0> <II = 1> <Delay = 2.97> <FuncUnit> <Opcode : 'add' 'sub'> <InPorts = 2> <OutPorts = 1>
ST_2 : Operation 33 [1/1] (0.00ns)   --->   "%tmp_14 = partselect i31 @_ssdm_op_PartSelect.i31.i32.i32.i32, i32 %sub_ln986_2, i32 1, i32 31" [../../C-Codes/Fixed_x64/PLL2026_x64.cpp:986]   --->   Operation 33 'partselect' 'tmp_14' <Predicate = true> <Delay = 0.00>
ST_2 : Operation 34 [1/1] (2.10ns)   --->   "%icmp_ln986_2 = icmp_sgt  i31 %tmp_14, i31 0" [../../C-Codes/Fixed_x64/PLL2026_x64.cpp:986]   --->   Operation 34 'icmp' 'icmp_ln986_2' <Predicate = true> <Delay = 2.10> <CoreInst = "Cmp">   --->   Core 9 'Cmp' <Latency = 0> <II = 1> <Delay = 2.34> <FuncUnit> <Opcode : 'icmp'> <InPorts = 2> <OutPorts = 1>
ST_2 : Operation 35 [1/1] (0.00ns)   --->   "%br_ln986 = br i1 %icmp_ln986_2, void %_Z8ATAN_LUT8ap_fixedILi64ELi16EL9ap_q_mode5EL9ap_o_mode3ELi0EE.exit35, void" [../../C-Codes/Fixed_x64/PLL2026_x64.cpp:986]   --->   Operation 35 'br' 'br_ln986' <Predicate = true> <Delay = 0.00>
ST_2 : Operation 36 [1/1] (0.00ns)   --->   "%div1_i_i2 = partselect i31 @_ssdm_op_PartSelect.i31.i32.i32.i32, i32 %sub_ln986_2, i32 1, i32 31" [../../C-Codes/Fixed_x64/PLL2026_x64.cpp:986]   --->   Operation 36 'partselect' 'div1_i_i2' <Predicate = (icmp_ln986_2)> <Delay = 0.00>
ST_2 : Operation 37 [1/1] (0.00ns)   --->   "%div1_i_i2_cast = zext i31 %div1_i_i2" [../../C-Codes/Fixed_x64/PLL2026_x64.cpp:986]   --->   Operation 37 'zext' 'div1_i_i2_cast' <Predicate = (icmp_ln986_2)> <Delay = 0.00>
ST_2 : Operation 38 [1/1] (2.18ns)   --->   "%half_list_2 = add i32 %div1_i_i2_cast, i32 %intervalo_begin_9" [../../C-Codes/Fixed_x64/PLL2026_x64.cpp:989]   --->   Operation 38 'add' 'half_list_2' <Predicate = (icmp_ln986_2)> <Delay = 2.18> <CoreInst = "Adder">   --->   Core 1 'Adder' <Latency = 0> <II = 1> <Delay = 2.97> <FuncUnit> <Opcode : 'add' 'sub'> <InPorts = 2> <OutPorts = 1>
ST_2 : Operation 39 [1/1] (0.00ns)   --->   "%zext_ln991_2 = zext i32 %half_list_2" [../../C-Codes/Fixed_x64/PLL2026_x64.cpp:991]   --->   Operation 39 'zext' 'zext_ln991_2' <Predicate = (icmp_ln986_2)> <Delay = 0.00>
ST_2 : Operation 40 [1/1] (0.00ns)   --->   "%table_mark_V_2_addr_1 = getelementptr i59 %table_mark_V_2, i64 0, i64 %zext_ln991_2"   --->   Operation 40 'getelementptr' 'table_mark_V_2_addr_1' <Predicate = (icmp_ln986_2)> <Delay = 0.00>
ST_2 : Operation 41 [2/2] (2.77ns)   --->   "%table_mark_V_2_load_1 = load i5 %table_mark_V_2_addr_1"   --->   Operation 41 'load' 'table_mark_V_2_load_1' <Predicate = (icmp_ln986_2)> <Delay = 2.77> <CoreInst = "ROM">   --->   Core 95 'ROM' <Latency = 1> <II = 1> <Delay = 2.77> <Storage> <Opcode : 'load'> <Ports = 0> <Width = 59> <Depth = 32> <ROM>

State 3 <SV = 2> <Delay = 5.88>
ST_3 : Operation 42 [1/1] (0.00ns)   --->   "%specloopname_ln0 = specloopname void @_ssdm_op_SpecLoopName, void @empty_0"   --->   Operation 42 'specloopname' 'specloopname_ln0' <Predicate = true> <Delay = 0.00>
ST_3 : Operation 43 [1/2] (2.77ns)   --->   "%table_mark_V_2_load_1 = load i5 %table_mark_V_2_addr_1"   --->   Operation 43 'load' 'table_mark_V_2_load_1' <Predicate = true> <Delay = 2.77> <CoreInst = "ROM">   --->   Core 95 'ROM' <Latency = 1> <II = 1> <Delay = 2.77> <Storage> <Opcode : 'load'> <Ports = 0> <Width = 59> <Depth = 32> <ROM>
ST_3 : Operation 44 [1/1] (0.00ns)   --->   "%sext_ln1494_1 = sext i59 %table_mark_V_2_load_1"   --->   Operation 44 'sext' 'sext_ln1494_1' <Predicate = true> <Delay = 0.00>
ST_3 : Operation 45 [1/1] (0.00ns)   --->   "%zext_ln1494_2 = zext i63 %sext_ln1494_1"   --->   Operation 45 'zext' 'zext_ln1494_2' <Predicate = true> <Delay = 0.00>
ST_3 : Operation 46 [1/1] (2.34ns)   --->   "%icmp_ln1494_14 = icmp_slt  i64 %zext_ln1494_2, i64 %x_read"   --->   Operation 46 'icmp' 'icmp_ln1494_14' <Predicate = true> <Delay = 2.34> <CoreInst = "Cmp">   --->   Core 9 'Cmp' <Latency = 0> <II = 1> <Delay = 2.34> <FuncUnit> <Opcode : 'icmp'> <InPorts = 2> <OutPorts = 1>
ST_3 : Operation 47 [1/1] (0.77ns)   --->   "%intervalo_begin = select i1 %icmp_ln1494_14, i32 %half_list_2, i32 %intervalo_begin_9" [../../C-Codes/Fixed_x64/PLL2026_x64.cpp:993]   --->   Operation 47 'select' 'intervalo_begin' <Predicate = true> <Delay = 0.77> <CoreInst = "Sel">   --->   Core 73 'Sel' <Latency = 0> <II = 1> <Delay = 0.77> <FuncUnit> <Opcode : 'select'> <InPorts = 3> <OutPorts = 1>
ST_3 : Operation 48 [1/1] (0.77ns)   --->   "%intervalo_end_7 = select i1 %icmp_ln1494_14, i32 %intervalo_end_5, i32 %half_list_2" [../../C-Codes/Fixed_x64/PLL2026_x64.cpp:993]   --->   Operation 48 'select' 'intervalo_end_7' <Predicate = true> <Delay = 0.77> <CoreInst = "Sel">   --->   Core 73 'Sel' <Latency = 0> <II = 1> <Delay = 0.77> <FuncUnit> <Opcode : 'select'> <InPorts = 3> <OutPorts = 1>
ST_3 : Operation 49 [1/1] (0.00ns)   --->   "%br_ln986 = br void %_ZN13ap_fixed_baseILi129ELi33ELb1EL9ap_q_mode5EL9ap_o_mode3ELi0EEC2ILi128ELi32ELb1ELS0_5ELS1_3ELi0EEERKS_IXT_EXT0_EXT1_EXT2_EXT3_EXT4_EE.exit.i.i11" [../../C-Codes/Fixed_x64/PLL2026_x64.cpp:986]   --->   Operation 49 'br' 'br_ln986' <Predicate = true> <Delay = 0.00>

State 4 <SV = 2> <Delay = 2.77>
ST_4 : Operation 50 [1/1] (0.00ns)   --->   "%zext_ln1360_1 = zext i32 %intervalo_begin_9" [../../C-Codes/Fixed_x64/PLL2026_x64.cpp:1360]   --->   Operation 50 'zext' 'zext_ln1360_1' <Predicate = true> <Delay = 0.00>
ST_4 : Operation 51 [1/1] (0.00ns)   --->   "%table_m_V_2_addr_1 = getelementptr i48 %table_m_V_2, i64 0, i64 %zext_ln1360_1"   --->   Operation 51 'getelementptr' 'table_m_V_2_addr_1' <Predicate = true> <Delay = 0.00>
ST_4 : Operation 52 [2/2] (2.77ns)   --->   "%r_V_39 = load i5 %table_m_V_2_addr_1"   --->   Operation 52 'load' 'r_V_39' <Predicate = true> <Delay = 2.77> <CoreInst = "ROM">   --->   Core 95 'ROM' <Latency = 1> <II = 1> <Delay = 2.77> <Storage> <Opcode : 'load'> <Ports = 0> <Width = 48> <Depth = 31> <ROM>
ST_4 : Operation 53 [1/1] (0.00ns)   --->   "%table_n_V_2_addr_1 = getelementptr i49 %table_n_V_2, i64 0, i64 %zext_ln1360_1"   --->   Operation 53 'getelementptr' 'table_n_V_2_addr_1' <Predicate = true> <Delay = 0.00>
ST_4 : Operation 54 [2/2] (2.77ns)   --->   "%rhs_13 = load i5 %table_n_V_2_addr_1"   --->   Operation 54 'load' 'rhs_13' <Predicate = true> <Delay = 2.77> <CoreInst = "ROM">   --->   Core 95 'ROM' <Latency = 1> <II = 1> <Delay = 2.77> <Storage> <Opcode : 'load'> <Ports = 0> <Width = 49> <Depth = 31> <ROM>

State 5 <SV = 3> <Delay = 2.77>
ST_5 : Operation 55 [1/2] (2.77ns)   --->   "%r_V_39 = load i5 %table_m_V_2_addr_1"   --->   Operation 55 'load' 'r_V_39' <Predicate = true> <Delay = 2.77> <CoreInst = "ROM">   --->   Core 95 'ROM' <Latency = 1> <II = 1> <Delay = 2.77> <Storage> <Opcode : 'load'> <Ports = 0> <Width = 48> <Depth = 31> <ROM>
ST_5 : Operation 56 [1/2] (2.77ns)   --->   "%rhs_13 = load i5 %table_n_V_2_addr_1"   --->   Operation 56 'load' 'rhs_13' <Predicate = true> <Delay = 2.77> <CoreInst = "ROM">   --->   Core 95 'ROM' <Latency = 1> <II = 1> <Delay = 2.77> <Storage> <Opcode : 'load'> <Ports = 0> <Width = 49> <Depth = 31> <ROM>

State 6 <SV = 4> <Delay = 5.71>
ST_6 : Operation 57 [1/1] (0.00ns)   --->   "%zext_ln1115_2 = zext i48 %r_V_39"   --->   Operation 57 'zext' 'zext_ln1115_2' <Predicate = true> <Delay = 0.00>
ST_6 : Operation 58 [1/1] (0.00ns)   --->   "%zext_ln1118_2 = zext i64 %x_read"   --->   Operation 58 'zext' 'zext_ln1118_2' <Predicate = true> <Delay = 0.00>
ST_6 : Operation 59 [5/5] (5.71ns)   --->   "%r_V_40 = mul i110 %zext_ln1115_2, i110 %zext_ln1118_2"   --->   Operation 59 'mul' 'r_V_40' <Predicate = true> <Delay = 5.71> <CoreInst = "Multiplier">   --->   Core 3 'Multiplier' <Latency = 4> <II = 1> <Delay = 5.71> <FuncUnit> <Opcode : 'mul'> <InPorts = 2> <OutPorts = 1>

State 7 <SV = 5> <Delay = 5.71>
ST_7 : Operation 60 [4/5] (5.71ns)   --->   "%r_V_40 = mul i110 %zext_ln1115_2, i110 %zext_ln1118_2"   --->   Operation 60 'mul' 'r_V_40' <Predicate = true> <Delay = 5.71> <CoreInst = "Multiplier">   --->   Core 3 'Multiplier' <Latency = 4> <II = 1> <Delay = 5.71> <FuncUnit> <Opcode : 'mul'> <InPorts = 2> <OutPorts = 1>

State 8 <SV = 6> <Delay = 5.71>
ST_8 : Operation 61 [3/5] (5.71ns)   --->   "%r_V_40 = mul i110 %zext_ln1115_2, i110 %zext_ln1118_2"   --->   Operation 61 'mul' 'r_V_40' <Predicate = true> <Delay = 5.71> <CoreInst = "Multiplier">   --->   Core 3 'Multiplier' <Latency = 4> <II = 1> <Delay = 5.71> <FuncUnit> <Opcode : 'mul'> <InPorts = 2> <OutPorts = 1>

State 9 <SV = 7> <Delay = 5.71>
ST_9 : Operation 62 [2/5] (5.71ns)   --->   "%r_V_40 = mul i110 %zext_ln1115_2, i110 %zext_ln1118_2"   --->   Operation 62 'mul' 'r_V_40' <Predicate = true> <Delay = 5.71> <CoreInst = "Multiplier">   --->   Core 3 'Multiplier' <Latency = 4> <II = 1> <Delay = 5.71> <FuncUnit> <Opcode : 'mul'> <InPorts = 2> <OutPorts = 1>

State 10 <SV = 8> <Delay = 5.71>
ST_10 : Operation 63 [1/5] (5.71ns)   --->   "%r_V_40 = mul i110 %zext_ln1115_2, i110 %zext_ln1118_2"   --->   Operation 63 'mul' 'r_V_40' <Predicate = true> <Delay = 5.71> <CoreInst = "Multiplier">   --->   Core 3 'Multiplier' <Latency = 4> <II = 1> <Delay = 5.71> <FuncUnit> <Opcode : 'mul'> <InPorts = 2> <OutPorts = 1>

State 11 <SV = 9> <Delay = 4.12>
ST_11 : Operation 64 [1/1] (0.00ns)   --->   "%rhs_14 = bitconcatenate i97 @_ssdm_op_BitConcatenate.i97.i49.i48, i49 %rhs_13, i48 0"   --->   Operation 64 'bitconcatenate' 'rhs_14' <Predicate = true> <Delay = 0.00>
ST_11 : Operation 65 [1/1] (0.00ns)   --->   "%zext_ln1192_2 = zext i97 %rhs_14"   --->   Operation 65 'zext' 'zext_ln1192_2' <Predicate = true> <Delay = 0.00>
ST_11 : Operation 66 [1/1] (4.12ns)   --->   "%ret_V_25 = add i110 %zext_ln1192_2, i110 %r_V_40"   --->   Operation 66 'add' 'ret_V_25' <Predicate = true> <Delay = 4.12> <CoreInst = "Adder">   --->   Core 1 'Adder' <Latency = 0> <II = 1> <Delay = 2.97> <FuncUnit> <Opcode : 'add' 'sub'> <InPorts = 2> <OutPorts = 1>
ST_11 : Operation 67 [1/1] (0.00ns)   --->   "%tmp_3 = partselect i62 @_ssdm_op_PartSelect.i62.i110.i32.i32, i110 %ret_V_25, i32 48, i32 109"   --->   Operation 67 'partselect' 'tmp_3' <Predicate = true> <Delay = 0.00>
ST_11 : Operation 68 [1/1] (0.00ns)   --->   "%zext_ln708_1 = zext i62 %tmp_3"   --->   Operation 68 'zext' 'zext_ln708_1' <Predicate = true> <Delay = 0.00>
ST_11 : Operation 69 [1/1] (1.32ns)   --->   "%br_ln0 = br void"   --->   Operation 69 'br' 'br_ln0' <Predicate = true> <Delay = 1.32>

State 12 <SV = 1> <Delay = 7.13>
ST_12 : Operation 70 [1/1] (0.00ns)   --->   "%intervalo_begin_8 = phi i32 0, void %_ZNK13ap_fixed_baseILi64ELi16ELb1EL9ap_q_mode5EL9ap_o_mode3ELi0EEngEv.exit29, i32 %intervalo_begin_6, void"   --->   Operation 70 'phi' 'intervalo_begin_8' <Predicate = true> <Delay = 0.00>
ST_12 : Operation 71 [1/1] (0.00ns)   --->   "%intervalo_end = phi i32 31, void %_ZNK13ap_fixed_baseILi64ELi16ELb1EL9ap_q_mode5EL9ap_o_mode3ELi0EEngEv.exit29, i32 %intervalo_end_6, void"   --->   Operation 71 'phi' 'intervalo_end' <Predicate = true> <Delay = 0.00>
ST_12 : Operation 72 [1/1] (0.00ns)   --->   "%specpipeline_ln0 = specpipeline void @_ssdm_op_SpecPipeline, i32 4294967295, i32 0, i32 1, i32 0, void @p_str"   --->   Operation 72 'specpipeline' 'specpipeline_ln0' <Predicate = true> <Delay = 0.00>
ST_12 : Operation 73 [1/1] (2.18ns)   --->   "%sub_ln986 = sub i32 %intervalo_end, i32 %intervalo_begin_8" [../../C-Codes/Fixed_x64/PLL2026_x64.cpp:986]   --->   Operation 73 'sub' 'sub_ln986' <Predicate = true> <Delay = 2.18> <CoreInst = "Adder">   --->   Core 1 'Adder' <Latency = 0> <II = 1> <Delay = 2.97> <FuncUnit> <Opcode : 'add' 'sub'> <InPorts = 2> <OutPorts = 1>
ST_12 : Operation 74 [1/1] (0.00ns)   --->   "%tmp_13 = partselect i31 @_ssdm_op_PartSelect.i31.i32.i32.i32, i32 %sub_ln986, i32 1, i32 31" [../../C-Codes/Fixed_x64/PLL2026_x64.cpp:986]   --->   Operation 74 'partselect' 'tmp_13' <Predicate = true> <Delay = 0.00>
ST_12 : Operation 75 [1/1] (2.10ns)   --->   "%icmp_ln986 = icmp_sgt  i31 %tmp_13, i31 0" [../../C-Codes/Fixed_x64/PLL2026_x64.cpp:986]   --->   Operation 75 'icmp' 'icmp_ln986' <Predicate = true> <Delay = 2.10> <CoreInst = "Cmp">   --->   Core 9 'Cmp' <Latency = 0> <II = 1> <Delay = 2.34> <FuncUnit> <Opcode : 'icmp'> <InPorts = 2> <OutPorts = 1>
ST_12 : Operation 76 [1/1] (0.00ns)   --->   "%br_ln986 = br i1 %icmp_ln986, void %_Z8ATAN_LUT8ap_fixedILi64ELi16EL9ap_q_mode5EL9ap_o_mode3ELi0EE.exit, void" [../../C-Codes/Fixed_x64/PLL2026_x64.cpp:986]   --->   Operation 76 'br' 'br_ln986' <Predicate = true> <Delay = 0.00>
ST_12 : Operation 77 [1/1] (0.00ns)   --->   "%div1_i_i = partselect i31 @_ssdm_op_PartSelect.i31.i32.i32.i32, i32 %sub_ln986, i32 1, i32 31" [../../C-Codes/Fixed_x64/PLL2026_x64.cpp:986]   --->   Operation 77 'partselect' 'div1_i_i' <Predicate = (icmp_ln986)> <Delay = 0.00>
ST_12 : Operation 78 [1/1] (0.00ns)   --->   "%div1_i_i_cast = zext i31 %div1_i_i" [../../C-Codes/Fixed_x64/PLL2026_x64.cpp:986]   --->   Operation 78 'zext' 'div1_i_i_cast' <Predicate = (icmp_ln986)> <Delay = 0.00>
ST_12 : Operation 79 [1/1] (2.18ns)   --->   "%half_list = add i32 %div1_i_i_cast, i32 %intervalo_begin_8" [../../C-Codes/Fixed_x64/PLL2026_x64.cpp:989]   --->   Operation 79 'add' 'half_list' <Predicate = (icmp_ln986)> <Delay = 2.18> <CoreInst = "Adder">   --->   Core 1 'Adder' <Latency = 0> <II = 1> <Delay = 2.97> <FuncUnit> <Opcode : 'add' 'sub'> <InPorts = 2> <OutPorts = 1>
ST_12 : Operation 80 [1/1] (0.00ns)   --->   "%zext_ln991 = zext i32 %half_list" [../../C-Codes/Fixed_x64/PLL2026_x64.cpp:991]   --->   Operation 80 'zext' 'zext_ln991' <Predicate = (icmp_ln986)> <Delay = 0.00>
ST_12 : Operation 81 [1/1] (0.00ns)   --->   "%table_mark_V_2_addr = getelementptr i59 %table_mark_V_2, i64 0, i64 %zext_ln991"   --->   Operation 81 'getelementptr' 'table_mark_V_2_addr' <Predicate = (icmp_ln986)> <Delay = 0.00>
ST_12 : Operation 82 [2/2] (2.77ns)   --->   "%table_mark_V_2_load = load i5 %table_mark_V_2_addr"   --->   Operation 82 'load' 'table_mark_V_2_load' <Predicate = (icmp_ln986)> <Delay = 2.77> <CoreInst = "ROM">   --->   Core 95 'ROM' <Latency = 1> <II = 1> <Delay = 2.77> <Storage> <Opcode : 'load'> <Ports = 0> <Width = 59> <Depth = 32> <ROM>

State 13 <SV = 2> <Delay = 5.88>
ST_13 : Operation 83 [1/1] (0.00ns)   --->   "%specloopname_ln0 = specloopname void @_ssdm_op_SpecLoopName, void @empty_0"   --->   Operation 83 'specloopname' 'specloopname_ln0' <Predicate = true> <Delay = 0.00>
ST_13 : Operation 84 [1/2] (2.77ns)   --->   "%table_mark_V_2_load = load i5 %table_mark_V_2_addr"   --->   Operation 84 'load' 'table_mark_V_2_load' <Predicate = true> <Delay = 2.77> <CoreInst = "ROM">   --->   Core 95 'ROM' <Latency = 1> <II = 1> <Delay = 2.77> <Storage> <Opcode : 'load'> <Ports = 0> <Width = 59> <Depth = 32> <ROM>
ST_13 : Operation 85 [1/1] (0.00ns)   --->   "%sext_ln1494 = sext i59 %table_mark_V_2_load"   --->   Operation 85 'sext' 'sext_ln1494' <Predicate = true> <Delay = 0.00>
ST_13 : Operation 86 [1/1] (0.00ns)   --->   "%zext_ln1494 = zext i63 %sext_ln1494"   --->   Operation 86 'zext' 'zext_ln1494' <Predicate = true> <Delay = 0.00>
ST_13 : Operation 87 [1/1] (2.34ns)   --->   "%icmp_ln1494 = icmp_slt  i64 %zext_ln1494, i64 %x_V"   --->   Operation 87 'icmp' 'icmp_ln1494' <Predicate = true> <Delay = 2.34> <CoreInst = "Cmp">   --->   Core 9 'Cmp' <Latency = 0> <II = 1> <Delay = 2.34> <FuncUnit> <Opcode : 'icmp'> <InPorts = 2> <OutPorts = 1>
ST_13 : Operation 88 [1/1] (0.77ns)   --->   "%intervalo_begin_6 = select i1 %icmp_ln1494, i32 %half_list, i32 %intervalo_begin_8" [../../C-Codes/Fixed_x64/PLL2026_x64.cpp:993]   --->   Operation 88 'select' 'intervalo_begin_6' <Predicate = true> <Delay = 0.77> <CoreInst = "Sel">   --->   Core 73 'Sel' <Latency = 0> <II = 1> <Delay = 0.77> <FuncUnit> <Opcode : 'select'> <InPorts = 3> <OutPorts = 1>
ST_13 : Operation 89 [1/1] (0.77ns)   --->   "%intervalo_end_6 = select i1 %icmp_ln1494, i32 %intervalo_end, i32 %half_list" [../../C-Codes/Fixed_x64/PLL2026_x64.cpp:993]   --->   Operation 89 'select' 'intervalo_end_6' <Predicate = true> <Delay = 0.77> <CoreInst = "Sel">   --->   Core 73 'Sel' <Latency = 0> <II = 1> <Delay = 0.77> <FuncUnit> <Opcode : 'select'> <InPorts = 3> <OutPorts = 1>
ST_13 : Operation 90 [1/1] (0.00ns)   --->   "%br_ln986 = br void" [../../C-Codes/Fixed_x64/PLL2026_x64.cpp:986]   --->   Operation 90 'br' 'br_ln986' <Predicate = true> <Delay = 0.00>

State 14 <SV = 2> <Delay = 2.77>
ST_14 : Operation 91 [1/1] (0.00ns)   --->   "%zext_ln1360 = zext i32 %intervalo_begin_8" [../../C-Codes/Fixed_x64/PLL2026_x64.cpp:1360]   --->   Operation 91 'zext' 'zext_ln1360' <Predicate = true> <Delay = 0.00>
ST_14 : Operation 92 [1/1] (0.00ns)   --->   "%table_m_V_2_addr = getelementptr i48 %table_m_V_2, i64 0, i64 %zext_ln1360"   --->   Operation 92 'getelementptr' 'table_m_V_2_addr' <Predicate = true> <Delay = 0.00>
ST_14 : Operation 93 [2/2] (2.77ns)   --->   "%r_V = load i5 %table_m_V_2_addr"   --->   Operation 93 'load' 'r_V' <Predicate = true> <Delay = 2.77> <CoreInst = "ROM">   --->   Core 95 'ROM' <Latency = 1> <II = 1> <Delay = 2.77> <Storage> <Opcode : 'load'> <Ports = 0> <Width = 48> <Depth = 31> <ROM>
ST_14 : Operation 94 [1/1] (0.00ns)   --->   "%table_n_V_2_addr = getelementptr i49 %table_n_V_2, i64 0, i64 %zext_ln1360"   --->   Operation 94 'getelementptr' 'table_n_V_2_addr' <Predicate = true> <Delay = 0.00>
ST_14 : Operation 95 [2/2] (2.77ns)   --->   "%rhs = load i5 %table_n_V_2_addr"   --->   Operation 95 'load' 'rhs' <Predicate = true> <Delay = 2.77> <CoreInst = "ROM">   --->   Core 95 'ROM' <Latency = 1> <II = 1> <Delay = 2.77> <Storage> <Opcode : 'load'> <Ports = 0> <Width = 49> <Depth = 31> <ROM>

State 15 <SV = 3> <Delay = 2.77>
ST_15 : Operation 96 [1/2] (2.77ns)   --->   "%r_V = load i5 %table_m_V_2_addr"   --->   Operation 96 'load' 'r_V' <Predicate = true> <Delay = 2.77> <CoreInst = "ROM">   --->   Core 95 'ROM' <Latency = 1> <II = 1> <Delay = 2.77> <Storage> <Opcode : 'load'> <Ports = 0> <Width = 48> <Depth = 31> <ROM>
ST_15 : Operation 97 [1/2] (2.77ns)   --->   "%rhs = load i5 %table_n_V_2_addr"   --->   Operation 97 'load' 'rhs' <Predicate = true> <Delay = 2.77> <CoreInst = "ROM">   --->   Core 95 'ROM' <Latency = 1> <II = 1> <Delay = 2.77> <Storage> <Opcode : 'load'> <Ports = 0> <Width = 49> <Depth = 31> <ROM>

State 16 <SV = 4> <Delay = 5.71>
ST_16 : Operation 98 [1/1] (0.00ns)   --->   "%zext_ln1115 = zext i48 %r_V"   --->   Operation 98 'zext' 'zext_ln1115' <Predicate = true> <Delay = 0.00>
ST_16 : Operation 99 [1/1] (0.00ns)   --->   "%zext_ln1118 = zext i64 %x_V"   --->   Operation 99 'zext' 'zext_ln1118' <Predicate = true> <Delay = 0.00>
ST_16 : Operation 100 [5/5] (5.71ns)   --->   "%r_V_38 = mul i111 %zext_ln1115, i111 %zext_ln1118"   --->   Operation 100 'mul' 'r_V_38' <Predicate = true> <Delay = 5.71> <CoreInst = "Multiplier">   --->   Core 3 'Multiplier' <Latency = 4> <II = 1> <Delay = 5.71> <FuncUnit> <Opcode : 'mul'> <InPorts = 2> <OutPorts = 1>

State 17 <SV = 5> <Delay = 5.71>
ST_17 : Operation 101 [4/5] (5.71ns)   --->   "%r_V_38 = mul i111 %zext_ln1115, i111 %zext_ln1118"   --->   Operation 101 'mul' 'r_V_38' <Predicate = true> <Delay = 5.71> <CoreInst = "Multiplier">   --->   Core 3 'Multiplier' <Latency = 4> <II = 1> <Delay = 5.71> <FuncUnit> <Opcode : 'mul'> <InPorts = 2> <OutPorts = 1>

State 18 <SV = 6> <Delay = 5.71>
ST_18 : Operation 102 [3/5] (5.71ns)   --->   "%r_V_38 = mul i111 %zext_ln1115, i111 %zext_ln1118"   --->   Operation 102 'mul' 'r_V_38' <Predicate = true> <Delay = 5.71> <CoreInst = "Multiplier">   --->   Core 3 'Multiplier' <Latency = 4> <II = 1> <Delay = 5.71> <FuncUnit> <Opcode : 'mul'> <InPorts = 2> <OutPorts = 1>

State 19 <SV = 7> <Delay = 5.71>
ST_19 : Operation 103 [2/5] (5.71ns)   --->   "%r_V_38 = mul i111 %zext_ln1115, i111 %zext_ln1118"   --->   Operation 103 'mul' 'r_V_38' <Predicate = true> <Delay = 5.71> <CoreInst = "Multiplier">   --->   Core 3 'Multiplier' <Latency = 4> <II = 1> <Delay = 5.71> <FuncUnit> <Opcode : 'mul'> <InPorts = 2> <OutPorts = 1>

State 20 <SV = 8> <Delay = 5.71>
ST_20 : Operation 104 [1/5] (5.71ns)   --->   "%r_V_38 = mul i111 %zext_ln1115, i111 %zext_ln1118"   --->   Operation 104 'mul' 'r_V_38' <Predicate = true> <Delay = 5.71> <CoreInst = "Multiplier">   --->   Core 3 'Multiplier' <Latency = 4> <II = 1> <Delay = 5.71> <FuncUnit> <Opcode : 'mul'> <InPorts = 2> <OutPorts = 1>

State 21 <SV = 9> <Delay = 4.14>
ST_21 : Operation 105 [1/1] (0.00ns)   --->   "%rhs_12 = bitconcatenate i97 @_ssdm_op_BitConcatenate.i97.i49.i48, i49 %rhs, i48 0"   --->   Operation 105 'bitconcatenate' 'rhs_12' <Predicate = true> <Delay = 0.00>
ST_21 : Operation 106 [1/1] (0.00ns)   --->   "%zext_ln1192 = zext i97 %rhs_12"   --->   Operation 106 'zext' 'zext_ln1192' <Predicate = true> <Delay = 0.00>
ST_21 : Operation 107 [1/1] (4.14ns)   --->   "%ret_V = add i111 %zext_ln1192, i111 %r_V_38"   --->   Operation 107 'add' 'ret_V' <Predicate = true> <Delay = 4.14> <CoreInst = "Adder">   --->   Core 1 'Adder' <Latency = 0> <II = 1> <Delay = 2.97> <FuncUnit> <Opcode : 'add' 'sub'> <InPorts = 2> <OutPorts = 1>
ST_21 : Operation 108 [1/1] (0.00ns)   --->   "%tmp = partselect i63 @_ssdm_op_PartSelect.i63.i111.i32.i32, i111 %ret_V, i32 48, i32 110"   --->   Operation 108 'partselect' 'tmp' <Predicate = true> <Delay = 0.00>

State 22 <SV = 10> <Delay = 4.29>
ST_22 : Operation 109 [1/1] (0.00ns)   --->   "%zext_ln708 = zext i63 %tmp"   --->   Operation 109 'zext' 'zext_ln708' <Predicate = (tmp_12)> <Delay = 0.00>
ST_22 : Operation 110 [1/1] (2.97ns)   --->   "%sub_ln703 = sub i64 0, i64 %zext_ln708"   --->   Operation 110 'sub' 'sub_ln703' <Predicate = (tmp_12)> <Delay = 2.97> <CoreInst = "Adder">   --->   Core 1 'Adder' <Latency = 0> <II = 1> <Delay = 2.97> <FuncUnit> <Opcode : 'add' 'sub'> <InPorts = 2> <OutPorts = 1>
ST_22 : Operation 111 [1/1] (1.32ns)   --->   "%br_ln1380 = br void" [../../C-Codes/Fixed_x64/PLL2026_x64.cpp:1380]   --->   Operation 111 'br' 'br_ln1380' <Predicate = (tmp_12)> <Delay = 1.32>
ST_22 : Operation 112 [1/1] (0.00ns)   --->   "%y_V = phi i64 %zext_ln708_1, void %_Z8ATAN_LUT8ap_fixedILi64ELi16EL9ap_q_mode5EL9ap_o_mode3ELi0EE.exit35, i64 %sub_ln703, void %_Z8ATAN_LUT8ap_fixedILi64ELi16EL9ap_q_mode5EL9ap_o_mode3ELi0EE.exit"   --->   Operation 112 'phi' 'y_V' <Predicate = true> <Delay = 0.00>
ST_22 : Operation 113 [1/1] (0.00ns)   --->   "%ret_ln1385 = ret i64 %y_V" [../../C-Codes/Fixed_x64/PLL2026_x64.cpp:1385]   --->   Operation 113 'ret' 'ret_ln1385' <Predicate = true> <Delay = 0.00>


============================================================
+ Verbose Summary: Timing violations
============================================================
Target clock period: 10ns, clock uncertainty: 2.7ns.

 <State 1>: 3ns
The critical path consists of the following:
	wire read on port 'x' [8]  (0 ns)
	'sub' operation ('x.V') [51]  (3 ns)

 <State 2>: 7.13ns
The critical path consists of the following:
	'phi' operation ('intervalo_begin') with incoming values : ('intervalo_begin', ../../C-Codes/Fixed_x64/PLL2026_x64.cpp:993) [14]  (0 ns)
	'sub' operation ('sub_ln986_2', ../../C-Codes/Fixed_x64/PLL2026_x64.cpp:986) [17]  (2.18 ns)
	'add' operation ('half_list', ../../C-Codes/Fixed_x64/PLL2026_x64.cpp:989) [25]  (2.18 ns)
	'getelementptr' operation ('table_mark_V_2_addr_1') [27]  (0 ns)
	'load' operation ('table_mark_V_2_load_1') on array 'table_mark_V_2' [28]  (2.77 ns)

 <State 3>: 5.89ns
The critical path consists of the following:
	'load' operation ('table_mark_V_2_load_1') on array 'table_mark_V_2' [28]  (2.77 ns)
	'icmp' operation ('icmp_ln1494_14') [31]  (2.34 ns)
	'select' operation ('intervalo_begin', ../../C-Codes/Fixed_x64/PLL2026_x64.cpp:993) [32]  (0.773 ns)

 <State 4>: 2.77ns
The critical path consists of the following:
	'getelementptr' operation ('table_m_V_2_addr_1') [37]  (0 ns)
	'load' operation ('r.V') on array 'table_m_V_2' [38]  (2.77 ns)

 <State 5>: 2.77ns
The critical path consists of the following:
	'load' operation ('r.V') on array 'table_m_V_2' [38]  (2.77 ns)

 <State 6>: 5.72ns
The critical path consists of the following:
	'mul' operation ('r.V') [41]  (5.72 ns)

 <State 7>: 5.72ns
The critical path consists of the following:
	'mul' operation ('r.V') [41]  (5.72 ns)

 <State 8>: 5.72ns
The critical path consists of the following:
	'mul' operation ('r.V') [41]  (5.72 ns)

 <State 9>: 5.72ns
The critical path consists of the following:
	'mul' operation ('r.V') [41]  (5.72 ns)

 <State 10>: 5.72ns
The critical path consists of the following:
	'mul' operation ('r.V') [41]  (5.72 ns)

 <State 11>: 4.12ns
The critical path consists of the following:
	'add' operation ('ret.V') [46]  (4.12 ns)

 <State 12>: 7.13ns
The critical path consists of the following:
	'phi' operation ('intervalo_begin') with incoming values : ('intervalo_begin', ../../C-Codes/Fixed_x64/PLL2026_x64.cpp:993) [54]  (0 ns)
	'sub' operation ('sub_ln986', ../../C-Codes/Fixed_x64/PLL2026_x64.cpp:986) [57]  (2.18 ns)
	'add' operation ('half_list', ../../C-Codes/Fixed_x64/PLL2026_x64.cpp:989) [65]  (2.18 ns)
	'getelementptr' operation ('table_mark_V_2_addr') [67]  (0 ns)
	'load' operation ('table_mark_V_2_load') on array 'table_mark_V_2' [68]  (2.77 ns)

 <State 13>: 5.89ns
The critical path consists of the following:
	'load' operation ('table_mark_V_2_load') on array 'table_mark_V_2' [68]  (2.77 ns)
	'icmp' operation ('icmp_ln1494') [71]  (2.34 ns)
	'select' operation ('intervalo_begin', ../../C-Codes/Fixed_x64/PLL2026_x64.cpp:993) [72]  (0.773 ns)

 <State 14>: 2.77ns
The critical path consists of the following:
	'getelementptr' operation ('table_m_V_2_addr') [77]  (0 ns)
	'load' operation ('r.V') on array 'table_m_V_2' [78]  (2.77 ns)

 <State 15>: 2.77ns
The critical path consists of the following:
	'load' operation ('r.V') on array 'table_m_V_2' [78]  (2.77 ns)

 <State 16>: 5.72ns
The critical path consists of the following:
	'mul' operation ('r.V') [81]  (5.72 ns)

 <State 17>: 5.72ns
The critical path consists of the following:
	'mul' operation ('r.V') [81]  (5.72 ns)

 <State 18>: 5.72ns
The critical path consists of the following:
	'mul' operation ('r.V') [81]  (5.72 ns)

 <State 19>: 5.72ns
The critical path consists of the following:
	'mul' operation ('r.V') [81]  (5.72 ns)

 <State 20>: 5.72ns
The critical path consists of the following:
	'mul' operation ('r.V') [81]  (5.72 ns)

 <State 21>: 4.15ns
The critical path consists of the following:
	'add' operation ('ret.V') [86]  (4.15 ns)

 <State 22>: 4.3ns
The critical path consists of the following:
	'sub' operation ('sub_ln703') [89]  (2.97 ns)
	multiplexor before 'phi' operation ('y.V') with incoming values : ('zext_ln708_1') ('sub_ln703') [92]  (1.32 ns)
	'phi' operation ('y.V') with incoming values : ('zext_ln708_1') ('sub_ln703') [92]  (0 ns)


============================================================
+ Verbose Summary: Binding
============================================================
N/A
* FSMD analyzer results:
  - Output states:
 - Input state : 
  - Chain level:
	State 1
	State 2
	State 3
	State 4
	State 5
	State 6
	State 7
	State 8
	State 9
	State 10
	State 11
	State 12
	State 13
	State 14
	State 15
	State 16
	State 17
	State 18
	State 19
	State 20
	State 21
	State 22


============================================================
+ Verbose Summary: Datapath Resource usage 
============================================================
N/A
