

================================================================
== Vitis HLS Report for 'ATAN_LUT'
================================================================
* Date:           Wed Jul 22 15:27:23 2026

* Version:        2020.2 (Build 3064766 on Wed Nov 18 09:12:45 MST 2020)
* Project:        PLL2026
* Solution:       solution1 (Vivado IP Flow Target)
* Product family: artix7
* Target device:  xc7a200t-fbg676-2


================================================================
== Performance Estimates
================================================================
+ Timing: 
    * Summary: 
    +--------+----------+----------+------------+
    |  Clock |  Target  | Estimated| Uncertainty|
    +--------+----------+----------+------------+
    |ap_clk  |  10.00 ns|  7.132 ns|     2.70 ns|
    +--------+----------+----------+------------+

+ Latency: 
    * Summary: 
    +---------+---------+----------+----------+-----+-----+---------+
    |  Latency (cycles) |  Latency (absolute) |  Interval | Pipeline|
    |   min   |   max   |    min   |    max   | min | max |   Type  |
    +---------+---------+----------+----------+-----+-----+---------+
    |        ?|        ?|         ?|         ?|    ?|    ?|     none|
    +---------+---------+----------+----------+-----+-----+---------+

    + Detail: 
        * Instance: 
        N/A

        * Loop: 
        +---------------------+---------+---------+----------+-----------+-----------+------+----------+
        |                     |  Latency (cycles) | Iteration|  Initiation Interval  | Trip |          |
        |      Loop Name      |   min   |   max   |  Latency |  achieved |   target  | Count| Pipelined|
        +---------------------+---------+---------+----------+-----------+-----------+------+----------+
        |- VITIS_LOOP_1024_1  |        ?|        ?|         2|          2|          1|     ?|       yes|
        +---------------------+---------+---------+----------+-----------+-----------+------+----------+

============================================================
+ Verbose Summary: Synthesis Manager
============================================================
InlineROM: 1
ExposeGlobal: 0
============================================================
+ Verbose Summary: CDFG Model
============================================================
IsTopModel: 0
ResetActiveHigh: 1
IsCombinational: 0
IsDatapathOnly: 0
HasWiredReturn: 1
HasMFsm: 0
HasVarLatency: 1
IsPipeline: 0
IsRtlPipelined: 0
IsInstanceOverlapped: 0
IsDontTouch: 0
HasImplIP: 0
IsGatedGlobalClock: 0

+ Individual pipeline summary: 
  * Pipeline-0: initiation interval (II) = 2, depth = 2


============================================================
+ Verbose Summary: Schedule
============================================================
* Number of FSM states : 11
* Pipeline : 1
  Pipeline-0 : II = 2, D = 2, States = { 2 3 }
* Dataflow Pipeline: 0

* FSM state transitions: 
1 --> 2 
2 --> 4 3 
3 --> 2 
4 --> 5 
5 --> 6 
6 --> 7 
7 --> 8 
8 --> 9 
9 --> 10 
10 --> 11 
11 --> 

* FSM state operations: 

State 1 <SV = 0> <Delay = 1.32>
ST_1 : Operation 12 [1/1] (0.00ns)   --->   "%x_read = read i64 @_ssdm_op_Read.ap_auto.i64, i64 %x" [../../C-Codes/Fixed_x64/PLL2026_x64.cpp:1015]   --->   Operation 12 'read' 'x_read' <Predicate = true> <Delay = 0.00>
ST_1 : Operation 13 [1/1] (1.32ns)   --->   "%br_ln1024 = br void" [../../C-Codes/Fixed_x64/PLL2026_x64.cpp:1024]   --->   Operation 13 'br' 'br_ln1024' <Predicate = true> <Delay = 1.32>

State 2 <SV = 1> <Delay = 7.13>
ST_2 : Operation 14 [1/1] (0.00ns)   --->   "%intervalo_begin = phi i32 0, void %_ZN13ap_fixed_baseILi129ELi33ELb1EL9ap_q_mode5EL9ap_o_mode3ELi0EEC2ILi128ELi32ELb1ELS0_5ELS1_3ELi0EEERKS_IXT_EXT0_EXT1_EXT2_EXT3_EXT4_EE.exit.i, i32 %intervalo_begin_10, void"   --->   Operation 14 'phi' 'intervalo_begin' <Predicate = true> <Delay = 0.00>
ST_2 : Operation 15 [1/1] (0.00ns)   --->   "%intervalo_end = phi i32 31, void %_ZN13ap_fixed_baseILi129ELi33ELb1EL9ap_q_mode5EL9ap_o_mode3ELi0EEC2ILi128ELi32ELb1ELS0_5ELS1_3ELi0EEERKS_IXT_EXT0_EXT1_EXT2_EXT3_EXT4_EE.exit.i, i32 %intervalo_end_8, void"   --->   Operation 15 'phi' 'intervalo_end' <Predicate = true> <Delay = 0.00>
ST_2 : Operation 16 [1/1] (0.00ns)   --->   "%specpipeline_ln0 = specpipeline void @_ssdm_op_SpecPipeline, i32 4294967295, i32 0, i32 1, i32 0, void @p_str"   --->   Operation 16 'specpipeline' 'specpipeline_ln0' <Predicate = true> <Delay = 0.00>
ST_2 : Operation 17 [1/1] (2.18ns)   --->   "%sub_ln1024 = sub i32 %intervalo_end, i32 %intervalo_begin" [../../C-Codes/Fixed_x64/PLL2026_x64.cpp:1024]   --->   Operation 17 'sub' 'sub_ln1024' <Predicate = true> <Delay = 2.18> <CoreInst = "Adder">   --->   Core 1 'Adder' <Latency = 0> <II = 1> <Delay = 4.17> <FuncUnit> <Opcode : 'add' 'sub'> <InPorts = 2> <OutPorts = 1>
ST_2 : Operation 18 [1/1] (0.00ns)   --->   "%tmp = partselect i31 @_ssdm_op_PartSelect.i31.i32.i32.i32, i32 %sub_ln1024, i32 1, i32 31" [../../C-Codes/Fixed_x64/PLL2026_x64.cpp:1024]   --->   Operation 18 'partselect' 'tmp' <Predicate = true> <Delay = 0.00>
ST_2 : Operation 19 [1/1] (2.10ns)   --->   "%icmp_ln1024 = icmp_sgt  i31 %tmp, i31 0" [../../C-Codes/Fixed_x64/PLL2026_x64.cpp:1024]   --->   Operation 19 'icmp' 'icmp_ln1024' <Predicate = true> <Delay = 2.10> <CoreInst = "Cmp">   --->   Core 9 'Cmp' <Latency = 0> <II = 1> <Delay = 2.34> <FuncUnit> <Opcode : 'icmp'> <InPorts = 2> <OutPorts = 1>
ST_2 : Operation 20 [1/1] (0.00ns)   --->   "%br_ln1024 = br i1 %icmp_ln1024, void %_Z13busca_binariaP8ap_fixedILi64ELi16EL9ap_q_mode5EL9ap_o_mode3ELi0EEiS2_.exit, void" [../../C-Codes/Fixed_x64/PLL2026_x64.cpp:1024]   --->   Operation 20 'br' 'br_ln1024' <Predicate = true> <Delay = 0.00>
ST_2 : Operation 21 [1/1] (0.00ns)   --->   "%div1_i = partselect i31 @_ssdm_op_PartSelect.i31.i32.i32.i32, i32 %sub_ln1024, i32 1, i32 31" [../../C-Codes/Fixed_x64/PLL2026_x64.cpp:1024]   --->   Operation 21 'partselect' 'div1_i' <Predicate = (icmp_ln1024)> <Delay = 0.00>
ST_2 : Operation 22 [1/1] (0.00ns)   --->   "%div1_i_cast = zext i31 %div1_i" [../../C-Codes/Fixed_x64/PLL2026_x64.cpp:1024]   --->   Operation 22 'zext' 'div1_i_cast' <Predicate = (icmp_ln1024)> <Delay = 0.00>
ST_2 : Operation 23 [1/1] (2.18ns)   --->   "%half_list = add i32 %div1_i_cast, i32 %intervalo_begin" [../../C-Codes/Fixed_x64/PLL2026_x64.cpp:1027]   --->   Operation 23 'add' 'half_list' <Predicate = (icmp_ln1024)> <Delay = 2.18> <CoreInst = "Adder">   --->   Core 1 'Adder' <Latency = 0> <II = 1> <Delay = 4.17> <FuncUnit> <Opcode : 'add' 'sub'> <InPorts = 2> <OutPorts = 1>
ST_2 : Operation 24 [1/1] (0.00ns)   --->   "%zext_ln1029 = zext i32 %half_list" [../../C-Codes/Fixed_x64/PLL2026_x64.cpp:1029]   --->   Operation 24 'zext' 'zext_ln1029' <Predicate = (icmp_ln1024)> <Delay = 0.00>
ST_2 : Operation 25 [1/1] (0.00ns)   --->   "%table_mark_V_2_addr = getelementptr i59 %table_mark_V_2, i64 0, i64 %zext_ln1029"   --->   Operation 25 'getelementptr' 'table_mark_V_2_addr' <Predicate = (icmp_ln1024)> <Delay = 0.00>
ST_2 : Operation 26 [2/2] (2.77ns)   --->   "%table_mark_V_2_load = load i5 %table_mark_V_2_addr"   --->   Operation 26 'load' 'table_mark_V_2_load' <Predicate = (icmp_ln1024)> <Delay = 2.77> <CoreInst = "ROM">   --->   Core 95 'ROM' <Latency = 1> <II = 1> <Delay = 2.77> <Storage> <Opcode : 'load'> <Ports = 0> <Width = 59> <Depth = 32> <ROM>

State 3 <SV = 2> <Delay = 5.88>
ST_3 : Operation 27 [1/1] (0.00ns)   --->   "%specloopname_ln0 = specloopname void @_ssdm_op_SpecLoopName, void @empty_0"   --->   Operation 27 'specloopname' 'specloopname_ln0' <Predicate = true> <Delay = 0.00>
ST_3 : Operation 28 [1/2] (2.77ns)   --->   "%table_mark_V_2_load = load i5 %table_mark_V_2_addr"   --->   Operation 28 'load' 'table_mark_V_2_load' <Predicate = true> <Delay = 2.77> <CoreInst = "ROM">   --->   Core 95 'ROM' <Latency = 1> <II = 1> <Delay = 2.77> <Storage> <Opcode : 'load'> <Ports = 0> <Width = 59> <Depth = 32> <ROM>
ST_3 : Operation 29 [1/1] (0.00ns)   --->   "%sext_ln1494 = sext i59 %table_mark_V_2_load"   --->   Operation 29 'sext' 'sext_ln1494' <Predicate = true> <Delay = 0.00>
ST_3 : Operation 30 [1/1] (0.00ns)   --->   "%zext_ln1494 = zext i63 %sext_ln1494"   --->   Operation 30 'zext' 'zext_ln1494' <Predicate = true> <Delay = 0.00>
ST_3 : Operation 31 [1/1] (2.34ns)   --->   "%icmp_ln1494 = icmp_slt  i64 %zext_ln1494, i64 %x_read"   --->   Operation 31 'icmp' 'icmp_ln1494' <Predicate = true> <Delay = 2.34> <CoreInst = "Cmp">   --->   Core 9 'Cmp' <Latency = 0> <II = 1> <Delay = 2.34> <FuncUnit> <Opcode : 'icmp'> <InPorts = 2> <OutPorts = 1>
ST_3 : Operation 32 [1/1] (0.77ns)   --->   "%intervalo_begin_10 = select i1 %icmp_ln1494, i32 %half_list, i32 %intervalo_begin" [../../C-Codes/Fixed_x64/PLL2026_x64.cpp:1031]   --->   Operation 32 'select' 'intervalo_begin_10' <Predicate = true> <Delay = 0.77> <CoreInst = "Sel">   --->   Core 73 'Sel' <Latency = 0> <II = 1> <Delay = 0.77> <FuncUnit> <Opcode : 'select'> <InPorts = 3> <OutPorts = 1>
ST_3 : Operation 33 [1/1] (0.77ns)   --->   "%intervalo_end_8 = select i1 %icmp_ln1494, i32 %intervalo_end, i32 %half_list" [../../C-Codes/Fixed_x64/PLL2026_x64.cpp:1031]   --->   Operation 33 'select' 'intervalo_end_8' <Predicate = true> <Delay = 0.77> <CoreInst = "Sel">   --->   Core 73 'Sel' <Latency = 0> <II = 1> <Delay = 0.77> <FuncUnit> <Opcode : 'select'> <InPorts = 3> <OutPorts = 1>
ST_3 : Operation 34 [1/1] (0.00ns)   --->   "%br_ln1024 = br void" [../../C-Codes/Fixed_x64/PLL2026_x64.cpp:1024]   --->   Operation 34 'br' 'br_ln1024' <Predicate = true> <Delay = 0.00>

State 4 <SV = 2> <Delay = 2.77>
ST_4 : Operation 35 [1/1] (0.00ns)   --->   "%zext_ln1398 = zext i32 %intervalo_begin" [../../C-Codes/Fixed_x64/PLL2026_x64.cpp:1398]   --->   Operation 35 'zext' 'zext_ln1398' <Predicate = true> <Delay = 0.00>
ST_4 : Operation 36 [1/1] (0.00ns)   --->   "%table_m_V_2_addr = getelementptr i48 %table_m_V_2, i64 0, i64 %zext_ln1398"   --->   Operation 36 'getelementptr' 'table_m_V_2_addr' <Predicate = true> <Delay = 0.00>
ST_4 : Operation 37 [2/2] (2.77ns)   --->   "%r_V = load i5 %table_m_V_2_addr"   --->   Operation 37 'load' 'r_V' <Predicate = true> <Delay = 2.77> <CoreInst = "ROM">   --->   Core 95 'ROM' <Latency = 1> <II = 1> <Delay = 2.77> <Storage> <Opcode : 'load'> <Ports = 0> <Width = 48> <Depth = 31> <ROM>
ST_4 : Operation 38 [1/1] (0.00ns)   --->   "%table_n_V_2_addr = getelementptr i49 %table_n_V_2, i64 0, i64 %zext_ln1398"   --->   Operation 38 'getelementptr' 'table_n_V_2_addr' <Predicate = true> <Delay = 0.00>
ST_4 : Operation 39 [2/2] (2.77ns)   --->   "%rhs = load i5 %table_n_V_2_addr"   --->   Operation 39 'load' 'rhs' <Predicate = true> <Delay = 2.77> <CoreInst = "ROM">   --->   Core 95 'ROM' <Latency = 1> <II = 1> <Delay = 2.77> <Storage> <Opcode : 'load'> <Ports = 0> <Width = 49> <Depth = 31> <ROM>

State 5 <SV = 3> <Delay = 2.77>
ST_5 : Operation 40 [1/2] (2.77ns)   --->   "%r_V = load i5 %table_m_V_2_addr"   --->   Operation 40 'load' 'r_V' <Predicate = true> <Delay = 2.77> <CoreInst = "ROM">   --->   Core 95 'ROM' <Latency = 1> <II = 1> <Delay = 2.77> <Storage> <Opcode : 'load'> <Ports = 0> <Width = 48> <Depth = 31> <ROM>
ST_5 : Operation 41 [1/2] (2.77ns)   --->   "%rhs = load i5 %table_n_V_2_addr"   --->   Operation 41 'load' 'rhs' <Predicate = true> <Delay = 2.77> <CoreInst = "ROM">   --->   Core 95 'ROM' <Latency = 1> <II = 1> <Delay = 2.77> <Storage> <Opcode : 'load'> <Ports = 0> <Width = 49> <Depth = 31> <ROM>

State 6 <SV = 4> <Delay = 5.71>
ST_6 : Operation 42 [1/1] (0.00ns)   --->   "%zext_ln1115 = zext i48 %r_V"   --->   Operation 42 'zext' 'zext_ln1115' <Predicate = true> <Delay = 0.00>
ST_6 : Operation 43 [1/1] (0.00ns)   --->   "%sext_ln1118 = sext i64 %x_read"   --->   Operation 43 'sext' 'sext_ln1118' <Predicate = true> <Delay = 0.00>
ST_6 : Operation 44 [5/5] (5.71ns)   --->   "%r_V_41 = mul i112 %zext_ln1115, i112 %sext_ln1118"   --->   Operation 44 'mul' 'r_V_41' <Predicate = true> <Delay = 5.71> <CoreInst = "Multiplier">   --->   Core 3 'Multiplier' <Latency = 4> <II = 1> <Delay = 5.71> <FuncUnit> <Opcode : 'mul'> <InPorts = 2> <OutPorts = 1>

State 7 <SV = 5> <Delay = 5.71>
ST_7 : Operation 45 [4/5] (5.71ns)   --->   "%r_V_41 = mul i112 %zext_ln1115, i112 %sext_ln1118"   --->   Operation 45 'mul' 'r_V_41' <Predicate = true> <Delay = 5.71> <CoreInst = "Multiplier">   --->   Core 3 'Multiplier' <Latency = 4> <II = 1> <Delay = 5.71> <FuncUnit> <Opcode : 'mul'> <InPorts = 2> <OutPorts = 1>

State 8 <SV = 6> <Delay = 5.71>
ST_8 : Operation 46 [3/5] (5.71ns)   --->   "%r_V_41 = mul i112 %zext_ln1115, i112 %sext_ln1118"   --->   Operation 46 'mul' 'r_V_41' <Predicate = true> <Delay = 5.71> <CoreInst = "Multiplier">   --->   Core 3 'Multiplier' <Latency = 4> <II = 1> <Delay = 5.71> <FuncUnit> <Opcode : 'mul'> <InPorts = 2> <OutPorts = 1>

State 9 <SV = 7> <Delay = 5.71>
ST_9 : Operation 47 [2/5] (5.71ns)   --->   "%r_V_41 = mul i112 %zext_ln1115, i112 %sext_ln1118"   --->   Operation 47 'mul' 'r_V_41' <Predicate = true> <Delay = 5.71> <CoreInst = "Multiplier">   --->   Core 3 'Multiplier' <Latency = 4> <II = 1> <Delay = 5.71> <FuncUnit> <Opcode : 'mul'> <InPorts = 2> <OutPorts = 1>

State 10 <SV = 8> <Delay = 5.71>
ST_10 : Operation 48 [1/5] (5.71ns)   --->   "%r_V_41 = mul i112 %zext_ln1115, i112 %sext_ln1118"   --->   Operation 48 'mul' 'r_V_41' <Predicate = true> <Delay = 5.71> <CoreInst = "Multiplier">   --->   Core 3 'Multiplier' <Latency = 4> <II = 1> <Delay = 5.71> <FuncUnit> <Opcode : 'mul'> <InPorts = 2> <OutPorts = 1>

State 11 <SV = 9> <Delay = 4.17>
ST_11 : Operation 49 [1/1] (0.00ns)   --->   "%rhs_15 = bitconcatenate i97 @_ssdm_op_BitConcatenate.i97.i49.i48, i49 %rhs, i48 0"   --->   Operation 49 'bitconcatenate' 'rhs_15' <Predicate = true> <Delay = 0.00>
ST_11 : Operation 50 [1/1] (0.00ns)   --->   "%zext_ln1192 = zext i97 %rhs_15"   --->   Operation 50 'zext' 'zext_ln1192' <Predicate = true> <Delay = 0.00>
ST_11 : Operation 51 [1/1] (4.17ns)   --->   "%ret_V = add i112 %zext_ln1192, i112 %r_V_41"   --->   Operation 51 'add' 'ret_V' <Predicate = true> <Delay = 4.17> <CoreInst = "Adder">   --->   Core 1 'Adder' <Latency = 0> <II = 1> <Delay = 4.17> <FuncUnit> <Opcode : 'add' 'sub'> <InPorts = 2> <OutPorts = 1>
ST_11 : Operation 52 [1/1] (0.00ns)   --->   "%y_V = partselect i64 @_ssdm_op_PartSelect.i64.i112.i32.i32, i112 %ret_V, i32 48, i32 111"   --->   Operation 52 'partselect' 'y_V' <Predicate = true> <Delay = 0.00>
ST_11 : Operation 53 [1/1] (0.00ns)   --->   "%ret_ln1401 = ret i64 %y_V" [../../C-Codes/Fixed_x64/PLL2026_x64.cpp:1401]   --->   Operation 53 'ret' 'ret_ln1401' <Predicate = true> <Delay = 0.00>


============================================================
+ Verbose Summary: Binding
============================================================
STG Binding: 
---------------- STG Properties BEGIN ----------------
- Is combinational: 0
- Is one-state seq: 0
- Is datapath-only: 0
- Is pipelined: 0
- Is top level: 0
Port [ Return ] is wired: 1; IO mode=ap_ctrl_hs:ce=0
Port [ x]:  wired=1; compound=0; hidden=0; nouse=0; global=0; static=0; extern=0; dir=0; type=0; pingpong=0; private_global=0; IO mode=ap_none:ce=0
Port [ table_mark_V_2]:  wired=0; compound=1; hidden=1; nouse=0; global=1; static=1; extern=0; dir=0; type=1; pingpong=0; private_global=0; MemPort=[1]; IO mode=ap_memory:ce=0
Port [ table_m_V_2]:  wired=0; compound=1; hidden=1; nouse=0; global=1; static=1; extern=0; dir=0; type=1; pingpong=0; private_global=0; MemPort=[1]; IO mode=ap_memory:ce=0
Port [ table_n_V_2]:  wired=0; compound=1; hidden=1; nouse=0; global=1; static=1; extern=0; dir=0; type=1; pingpong=0; private_global=0; MemPort=[1]; IO mode=ap_memory:ce=0
---------------- STG Properties END ------------------

---------------- Datapath Model BEGIN ----------------

<LifeTime>
<method=bitvector/>
x_read              (read          ) [ 001111100000]
br_ln1024           (br            ) [ 011100000000]
intervalo_begin     (phi           ) [ 001110000000]
intervalo_end       (phi           ) [ 001100000000]
specpipeline_ln0    (specpipeline  ) [ 000000000000]
sub_ln1024          (sub           ) [ 000000000000]
tmp                 (partselect    ) [ 000000000000]
icmp_ln1024         (icmp          ) [ 001100000000]
br_ln1024           (br            ) [ 000000000000]
div1_i              (partselect    ) [ 000000000000]
div1_i_cast         (zext          ) [ 000000000000]
half_list           (add           ) [ 000100000000]
zext_ln1029         (zext          ) [ 000000000000]
table_mark_V_2_addr (getelementptr ) [ 000100000000]
specloopname_ln0    (specloopname  ) [ 000000000000]
table_mark_V_2_load (load          ) [ 000000000000]
sext_ln1494         (sext          ) [ 000000000000]
zext_ln1494         (zext          ) [ 000000000000]
icmp_ln1494         (icmp          ) [ 000000000000]
intervalo_begin_10  (select        ) [ 011100000000]
intervalo_end_8     (select        ) [ 011100000000]
br_ln1024           (br            ) [ 011100000000]
zext_ln1398         (zext          ) [ 000000000000]
table_m_V_2_addr    (getelementptr ) [ 000001000000]
table_n_V_2_addr    (getelementptr ) [ 000001000000]
r_V                 (load          ) [ 000000100000]
rhs                 (load          ) [ 000000111111]
zext_ln1115         (zext          ) [ 000000011110]
sext_ln1118         (sext          ) [ 000000011110]
r_V_41              (mul           ) [ 000000000001]
rhs_15              (bitconcatenate) [ 000000000000]
zext_ln1192         (zext          ) [ 000000000000]
ret_V               (add           ) [ 000000000000]
y_V                 (partselect    ) [ 000000000000]
ret_ln1401          (ret           ) [ 000000000000]
</LifeTime>

<model>

<comp_list>
<comp id="0" class="1000" name="x">
<pin_list>
<pin id="1" dir="1" index="0" bw="1" slack="0"/>
</pin_list>
<bind>
<StgValue><ssdm name="x"/></StgValue>
</bind>
</comp>

<comp id="2" class="1000" name="table_mark_V_2">
<pin_list>
<pin id="3" dir="1" index="0" bw="1" slack="0"/>
</pin_list>
<bind>
<StgValue><ssdm name="table_mark_V_2"/><MemPortTyVec>1 </MemPortTyVec>
</StgValue>
</bind>
</comp>

<comp id="4" class="1000" name="table_m_V_2">
<pin_list>
<pin id="5" dir="1" index="0" bw="1" slack="0"/>
</pin_list>
<bind>
<StgValue><ssdm name="table_m_V_2"/><MemPortTyVec>1 </MemPortTyVec>
</StgValue>
</bind>
</comp>

<comp id="6" class="1000" name="table_n_V_2">
<pin_list>
<pin id="7" dir="1" index="0" bw="1" slack="0"/>
</pin_list>
<bind>
<StgValue><ssdm name="table_n_V_2"/><MemPortTyVec>1 </MemPortTyVec>
</StgValue>
</bind>
</comp>

<comp id="8" class="1001" name="const_8">
<pin_list>
<pin id="9" dir="1" index="0" bw="1" slack="0"/>
</pin_list>
<bind>
<StgValue><ssdm name="_ssdm_op_Read.ap_auto.i64"/></StgValue>
</bind>
</comp>

<comp id="10" class="1001" name="const_10">
<pin_list>
<pin id="11" dir="1" index="0" bw="1" slack="1"/>
</pin_list>
<bind>
<StgValue><ssdm name=""/></StgValue>
</bind>
</comp>

<comp id="12" class="1001" name="const_12">
<pin_list>
<pin id="13" dir="1" index="0" bw="1" slack="0"/>
</pin_list>
<bind>
<StgValue><ssdm name=""/></StgValue>
</bind>
</comp>

<comp id="14" class="1001" name="const_14">
<pin_list>
<pin id="15" dir="1" index="0" bw="1" slack="2147483647"/>
</pin_list>
<bind>
<StgValue><ssdm name="_ssdm_op_SpecPipeline"/></StgValue>
</bind>
</comp>

<comp id="16" class="1001" name="const_16">
<pin_list>
<pin id="17" dir="1" index="0" bw="1" slack="2147483647"/>
</pin_list>
<bind>
<StgValue><ssdm name=""/></StgValue>
</bind>
</comp>

<comp id="18" class="1001" name="const_18">
<pin_list>
<pin id="19" dir="1" index="0" bw="1" slack="0"/>
</pin_list>
<bind>
<StgValue><ssdm name=""/></StgValue>
</bind>
</comp>

<comp id="20" class="1001" name="const_20">
<pin_list>
<pin id="21" dir="1" index="0" bw="1" slack="2147483647"/>
</pin_list>
<bind>
<StgValue><ssdm name="p_str"/></StgValue>
</bind>
</comp>

<comp id="22" class="1001" name="const_22">
<pin_list>
<pin id="23" dir="1" index="0" bw="1" slack="0"/>
</pin_list>
<bind>
<StgValue><ssdm name="_ssdm_op_PartSelect.i31.i32.i32.i32"/></StgValue>
</bind>
</comp>

<comp id="24" class="1001" name="const_24">
<pin_list>
<pin id="25" dir="1" index="0" bw="1" slack="0"/>
</pin_list>
<bind>
<StgValue><ssdm name=""/></StgValue>
</bind>
</comp>

<comp id="26" class="1001" name="const_26">
<pin_list>
<pin id="27" dir="1" index="0" bw="1" slack="0"/>
</pin_list>
<bind>
<StgValue><ssdm name=""/></StgValue>
</bind>
</comp>

<comp id="28" class="1001" name="const_28">
<pin_list>
<pin id="29" dir="1" index="0" bw="1" slack="2147483647"/>
</pin_list>
<bind>
<StgValue><ssdm name="_ssdm_op_SpecLoopName"/></StgValue>
</bind>
</comp>

<comp id="30" class="1001" name="const_30">
<pin_list>
<pin id="31" dir="1" index="0" bw="1" slack="2147483647"/>
</pin_list>
<bind>
<StgValue><ssdm name="empty_0"/></StgValue>
</bind>
</comp>

<comp id="32" class="1001" name="const_32">
<pin_list>
<pin id="33" dir="1" index="0" bw="1" slack="0"/>
</pin_list>
<bind>
<StgValue><ssdm name="_ssdm_op_BitConcatenate.i97.i49.i48"/></StgValue>
</bind>
</comp>

<comp id="34" class="1001" name="const_34">
<pin_list>
<pin id="35" dir="1" index="0" bw="1" slack="0"/>
</pin_list>
<bind>
<StgValue><ssdm name=""/></StgValue>
</bind>
</comp>

<comp id="36" class="1001" name="const_36">
<pin_list>
<pin id="37" dir="1" index="0" bw="1" slack="0"/>
</pin_list>
<bind>
<StgValue><ssdm name="_ssdm_op_PartSelect.i64.i112.i32.i32"/></StgValue>
</bind>
</comp>

<comp id="38" class="1001" name="const_38">
<pin_list>
<pin id="39" dir="1" index="0" bw="1" slack="0"/>
</pin_list>
<bind>
<StgValue><ssdm name=""/></StgValue>
</bind>
</comp>

<comp id="40" class="1001" name="const_40">
<pin_list>
<pin id="41" dir="1" index="0" bw="1" slack="0"/>
</pin_list>
<bind>
<StgValue><ssdm name=""/></StgValue>
</bind>
</comp>

<comp id="42" class="1004" name="x_read_read_fu_42">
<pin_list>
<pin id="43" dir="0" index="0" bw="64" slack="0"/>
<pin id="44" dir="0" index="1" bw="64" slack="0"/>
<pin id="45" dir="1" index="2" bw="64" slack="2"/>
</pin_list>
<bind>
<opcode="read(1150) " fcode="read"/>
<opset="x_read/1 "/>
</bind>
</comp>

<comp id="48" class="1004" name="table_mark_V_2_addr_gep_fu_48">
<pin_list>
<pin id="49" dir="0" index="0" bw="59" slack="0"/>
<pin id="50" dir="0" index="1" bw="1" slack="0"/>
<pin id="51" dir="0" index="2" bw="32" slack="0"/>
<pin id="52" dir="1" index="3" bw="5" slack="0"/>
</pin_list>
<bind>
<opcode="getelementptr(29) " fcode="getelementptr"/>
<opset="table_mark_V_2_addr/2 "/>
</bind>
</comp>

<comp id="55" class="1004" name="grp_access_fu_55">
<pin_list>
<pin id="56" dir="0" index="0" bw="5" slack="0"/>
<pin id="57" dir="0" index="1" bw="59" slack="2147483647"/>
<pin id="58" dir="0" index="2" bw="0" slack="2147483647"/>
<pin id="59" dir="1" index="3" bw="59" slack="0"/>
</pin_list>
<bind>
<opcode="load(27) " fcode="load"/>
<opset="table_mark_V_2_load/2 "/>
</bind>
</comp>

<comp id="61" class="1004" name="table_m_V_2_addr_gep_fu_61">
<pin_list>
<pin id="62" dir="0" index="0" bw="48" slack="0"/>
<pin id="63" dir="0" index="1" bw="1" slack="0"/>
<pin id="64" dir="0" index="2" bw="32" slack="0"/>
<pin id="65" dir="1" index="3" bw="5" slack="0"/>
</pin_list>
<bind>
<opcode="getelementptr(29) " fcode="getelementptr"/>
<opset="table_m_V_2_addr/4 "/>
</bind>
</comp>

<comp id="68" class="1004" name="grp_access_fu_68">
<pin_list>
<pin id="69" dir="0" index="0" bw="5" slack="0"/>
<pin id="70" dir="0" index="1" bw="48" slack="2147483647"/>
<pin id="71" dir="0" index="2" bw="0" slack="2147483647"/>
<pin id="72" dir="1" index="3" bw="48" slack="1"/>
</pin_list>
<bind>
<opcode="load(27) " fcode="load"/>
<opset="r_V/4 "/>
</bind>
</comp>

<comp id="74" class="1004" name="table_n_V_2_addr_gep_fu_74">
<pin_list>
<pin id="75" dir="0" index="0" bw="49" slack="0"/>
<pin id="76" dir="0" index="1" bw="1" slack="0"/>
<pin id="77" dir="0" index="2" bw="32" slack="0"/>
<pin id="78" dir="1" index="3" bw="5" slack="0"/>
</pin_list>
<bind>
<opcode="getelementptr(29) " fcode="getelementptr"/>
<opset="table_n_V_2_addr/4 "/>
</bind>
</comp>

<comp id="81" class="1004" name="grp_access_fu_81">
<pin_list>
<pin id="82" dir="0" index="0" bw="5" slack="0"/>
<pin id="83" dir="0" index="1" bw="49" slack="2147483647"/>
<pin id="84" dir="0" index="2" bw="0" slack="2147483647"/>
<pin id="85" dir="1" index="3" bw="49" slack="6"/>
</pin_list>
<bind>
<opcode="load(27) " fcode="load"/>
<opset="rhs/4 "/>
</bind>
</comp>

<comp id="87" class="1005" name="intervalo_begin_reg_87">
<pin_list>
<pin id="88" dir="0" index="0" bw="32" slack="1"/>
<pin id="89" dir="1" index="1" bw="32" slack="1"/>
</pin_list>
<bind>
<opset="intervalo_begin (phireg) "/>
</bind>
</comp>

<comp id="91" class="1004" name="intervalo_begin_phi_fu_91">
<pin_list>
<pin id="92" dir="0" index="0" bw="1" slack="1"/>
<pin id="93" dir="0" index="1" bw="0" slack="2147483647"/>
<pin id="94" dir="0" index="2" bw="32" slack="1"/>
<pin id="95" dir="0" index="3" bw="0" slack="2147483647"/>
<pin id="96" dir="1" index="4" bw="32" slack="0"/>
</pin_list>
<bind>
<opcode="phi(47) " fcode="phi"/>
<opset="intervalo_begin/2 "/>
</bind>
</comp>

<comp id="99" class="1005" name="intervalo_end_reg_99">
<pin_list>
<pin id="100" dir="0" index="0" bw="32" slack="1"/>
<pin id="101" dir="1" index="1" bw="32" slack="1"/>
</pin_list>
<bind>
<opset="intervalo_end (phireg) "/>
</bind>
</comp>

<comp id="103" class="1004" name="intervalo_end_phi_fu_103">
<pin_list>
<pin id="104" dir="0" index="0" bw="6" slack="1"/>
<pin id="105" dir="0" index="1" bw="0" slack="2147483647"/>
<pin id="106" dir="0" index="2" bw="32" slack="1"/>
<pin id="107" dir="0" index="3" bw="0" slack="2147483647"/>
<pin id="108" dir="1" index="4" bw="32" slack="0"/>
</pin_list>
<bind>
<opcode="phi(47) " fcode="phi"/>
<opset="intervalo_end/2 "/>
</bind>
</comp>

<comp id="111" class="1004" name="sub_ln1024_fu_111">
<pin_list>
<pin id="112" dir="0" index="0" bw="32" slack="0"/>
<pin id="113" dir="0" index="1" bw="32" slack="0"/>
<pin id="114" dir="1" index="2" bw="32" slack="0"/>
</pin_list>
<bind>
<opcode="sub(10) " fcode="sub"/>
<opset="sub_ln1024/2 "/>
</bind>
</comp>

<comp id="117" class="1004" name="tmp_fu_117">
<pin_list>
<pin id="118" dir="0" index="0" bw="31" slack="0"/>
<pin id="119" dir="0" index="1" bw="32" slack="0"/>
<pin id="120" dir="0" index="2" bw="1" slack="0"/>
<pin id="121" dir="0" index="3" bw="6" slack="0"/>
<pin id="122" dir="1" index="4" bw="31" slack="0"/>
</pin_list>
<bind>
<opcode="partselect(1002) " fcode="partselect"/>
<opset="tmp/2 "/>
</bind>
</comp>

<comp id="127" class="1004" name="icmp_ln1024_fu_127">
<pin_list>
<pin id="128" dir="0" index="0" bw="31" slack="0"/>
<pin id="129" dir="0" index="1" bw="1" slack="0"/>
<pin id="130" dir="1" index="2" bw="1" slack="2147483647"/>
</pin_list>
<bind>
<opcode="icmp(45) " fcode="icmp"/>
<opset="icmp_ln1024/2 "/>
</bind>
</comp>

<comp id="133" class="1004" name="div1_i_fu_133">
<pin_list>
<pin id="134" dir="0" index="0" bw="31" slack="0"/>
<pin id="135" dir="0" index="1" bw="32" slack="0"/>
<pin id="136" dir="0" index="2" bw="1" slack="0"/>
<pin id="137" dir="0" index="3" bw="6" slack="0"/>
<pin id="138" dir="1" index="4" bw="31" slack="0"/>
</pin_list>
<bind>
<opcode="partselect(1002) " fcode="partselect"/>
<opset="div1_i/2 "/>
</bind>
</comp>

<comp id="143" class="1004" name="div1_i_cast_fu_143">
<pin_list>
<pin id="144" dir="0" index="0" bw="31" slack="0"/>
<pin id="145" dir="1" index="1" bw="32" slack="0"/>
</pin_list>
<bind>
<opcode="zext(34) " fcode="zext"/>
<opset="div1_i_cast/2 "/>
</bind>
</comp>

<comp id="147" class="1004" name="half_list_fu_147">
<pin_list>
<pin id="148" dir="0" index="0" bw="31" slack="0"/>
<pin id="149" dir="0" index="1" bw="32" slack="0"/>
<pin id="150" dir="1" index="2" bw="32" slack="0"/>
</pin_list>
<bind>
<opcode="add(8) " fcode="add"/>
<opset="half_list/2 "/>
</bind>
</comp>

<comp id="153" class="1004" name="zext_ln1029_fu_153">
<pin_list>
<pin id="154" dir="0" index="0" bw="32" slack="0"/>
<pin id="155" dir="1" index="1" bw="64" slack="0"/>
</pin_list>
<bind>
<opcode="zext(34) " fcode="zext"/>
<opset="zext_ln1029/2 "/>
</bind>
</comp>

<comp id="158" class="1004" name="sext_ln1494_fu_158">
<pin_list>
<pin id="159" dir="0" index="0" bw="59" slack="0"/>
<pin id="160" dir="1" index="1" bw="63" slack="0"/>
</pin_list>
<bind>
<opcode="sext(35) " fcode="sext"/>
<opset="sext_ln1494/3 "/>
</bind>
</comp>

<comp id="162" class="1004" name="zext_ln1494_fu_162">
<pin_list>
<pin id="163" dir="0" index="0" bw="59" slack="0"/>
<pin id="164" dir="1" index="1" bw="64" slack="0"/>
</pin_list>
<bind>
<opcode="zext(34) " fcode="zext"/>
<opset="zext_ln1494/3 "/>
</bind>
</comp>

<comp id="166" class="1004" name="icmp_ln1494_fu_166">
<pin_list>
<pin id="167" dir="0" index="0" bw="63" slack="0"/>
<pin id="168" dir="0" index="1" bw="64" slack="2"/>
<pin id="169" dir="1" index="2" bw="1" slack="0"/>
</pin_list>
<bind>
<opcode="icmp(45) " fcode="icmp"/>
<opset="icmp_ln1494/3 "/>
</bind>
</comp>

<comp id="171" class="1004" name="intervalo_begin_10_fu_171">
<pin_list>
<pin id="172" dir="0" index="0" bw="1" slack="0"/>
<pin id="173" dir="0" index="1" bw="32" slack="1"/>
<pin id="174" dir="0" index="2" bw="32" slack="1"/>
<pin id="175" dir="1" index="3" bw="32" slack="1"/>
</pin_list>
<bind>
<opcode="select(49) " fcode="select"/>
<opset="intervalo_begin_10/3 "/>
</bind>
</comp>

<comp id="178" class="1004" name="intervalo_end_8_fu_178">
<pin_list>
<pin id="179" dir="0" index="0" bw="1" slack="0"/>
<pin id="180" dir="0" index="1" bw="32" slack="1"/>
<pin id="181" dir="0" index="2" bw="32" slack="1"/>
<pin id="182" dir="1" index="3" bw="32" slack="1"/>
</pin_list>
<bind>
<opcode="select(49) " fcode="select"/>
<opset="intervalo_end_8/3 "/>
</bind>
</comp>

<comp id="185" class="1004" name="zext_ln1398_fu_185">
<pin_list>
<pin id="186" dir="0" index="0" bw="32" slack="1"/>
<pin id="187" dir="1" index="1" bw="64" slack="0"/>
</pin_list>
<bind>
<opcode="zext(34) " fcode="zext"/>
<opset="zext_ln1398/4 "/>
</bind>
</comp>

<comp id="191" class="1004" name="zext_ln1115_fu_191">
<pin_list>
<pin id="192" dir="0" index="0" bw="48" slack="1"/>
<pin id="193" dir="1" index="1" bw="112" slack="0"/>
</pin_list>
<bind>
<opcode="zext(34) " fcode="zext"/>
<opset="zext_ln1115/6 "/>
</bind>
</comp>

<comp id="194" class="1004" name="sext_ln1118_fu_194">
<pin_list>
<pin id="195" dir="0" index="0" bw="64" slack="4"/>
<pin id="196" dir="1" index="1" bw="112" slack="0"/>
</pin_list>
<bind>
<opcode="sext(35) " fcode="sext"/>
<opset="sext_ln1118/6 "/>
</bind>
</comp>

<comp id="197" class="1004" name="grp_fu_197">
<pin_list>
<pin id="198" dir="0" index="0" bw="48" slack="0"/>
<pin id="199" dir="0" index="1" bw="64" slack="0"/>
<pin id="200" dir="1" index="2" bw="112" slack="1"/>
</pin_list>
<bind>
<opcode="mul(12) " fcode="mul"/>
<opset="r_V_41/6 "/>
</bind>
</comp>

<comp id="203" class="1004" name="rhs_15_fu_203">
<pin_list>
<pin id="204" dir="0" index="0" bw="97" slack="0"/>
<pin id="205" dir="0" index="1" bw="49" slack="6"/>
<pin id="206" dir="0" index="2" bw="1" slack="0"/>
<pin id="207" dir="1" index="3" bw="97" slack="0"/>
</pin_list>
<bind>
<opcode="bitconcatenate(1004) " fcode="bitconcatenate"/>
<opset="rhs_15/11 "/>
</bind>
</comp>

<comp id="210" class="1004" name="zext_ln1192_fu_210">
<pin_list>
<pin id="211" dir="0" index="0" bw="97" slack="0"/>
<pin id="212" dir="1" index="1" bw="112" slack="0"/>
</pin_list>
<bind>
<opcode="zext(34) " fcode="zext"/>
<opset="zext_ln1192/11 "/>
</bind>
</comp>

<comp id="214" class="1004" name="ret_V_fu_214">
<pin_list>
<pin id="215" dir="0" index="0" bw="97" slack="0"/>
<pin id="216" dir="0" index="1" bw="112" slack="1"/>
<pin id="217" dir="1" index="2" bw="112" slack="0"/>
</pin_list>
<bind>
<opcode="add(8) " fcode="add"/>
<opset="ret_V/11 "/>
</bind>
</comp>

<comp id="219" class="1004" name="y_V_fu_219">
<pin_list>
<pin id="220" dir="0" index="0" bw="64" slack="0"/>
<pin id="221" dir="0" index="1" bw="112" slack="0"/>
<pin id="222" dir="0" index="2" bw="7" slack="0"/>
<pin id="223" dir="0" index="3" bw="8" slack="0"/>
<pin id="224" dir="1" index="4" bw="64" slack="2147483647"/>
</pin_list>
<bind>
<opcode="partselect(1002) " fcode="partselect"/>
<opset="y_V/11 "/>
</bind>
</comp>

<comp id="229" class="1005" name="x_read_reg_229">
<pin_list>
<pin id="230" dir="0" index="0" bw="64" slack="2"/>
<pin id="231" dir="1" index="1" bw="64" slack="2"/>
</pin_list>
<bind>
<opset="x_read "/>
</bind>
</comp>

<comp id="238" class="1005" name="half_list_reg_238">
<pin_list>
<pin id="239" dir="0" index="0" bw="32" slack="1"/>
<pin id="240" dir="1" index="1" bw="32" slack="1"/>
</pin_list>
<bind>
<opset="half_list "/>
</bind>
</comp>

<comp id="244" class="1005" name="table_mark_V_2_addr_reg_244">
<pin_list>
<pin id="245" dir="0" index="0" bw="5" slack="1"/>
<pin id="246" dir="1" index="1" bw="5" slack="1"/>
</pin_list>
<bind>
<opset="table_mark_V_2_addr "/>
</bind>
</comp>

<comp id="249" class="1005" name="intervalo_begin_10_reg_249">
<pin_list>
<pin id="250" dir="0" index="0" bw="32" slack="1"/>
<pin id="251" dir="1" index="1" bw="32" slack="1"/>
</pin_list>
<bind>
<opset="intervalo_begin_10 "/>
</bind>
</comp>

<comp id="254" class="1005" name="intervalo_end_8_reg_254">
<pin_list>
<pin id="255" dir="0" index="0" bw="32" slack="1"/>
<pin id="256" dir="1" index="1" bw="32" slack="1"/>
</pin_list>
<bind>
<opset="intervalo_end_8 "/>
</bind>
</comp>

<comp id="259" class="1005" name="table_m_V_2_addr_reg_259">
<pin_list>
<pin id="260" dir="0" index="0" bw="5" slack="1"/>
<pin id="261" dir="1" index="1" bw="5" slack="1"/>
</pin_list>
<bind>
<opset="table_m_V_2_addr "/>
</bind>
</comp>

<comp id="264" class="1005" name="table_n_V_2_addr_reg_264">
<pin_list>
<pin id="265" dir="0" index="0" bw="5" slack="1"/>
<pin id="266" dir="1" index="1" bw="5" slack="1"/>
</pin_list>
<bind>
<opset="table_n_V_2_addr "/>
</bind>
</comp>

<comp id="269" class="1005" name="r_V_reg_269">
<pin_list>
<pin id="270" dir="0" index="0" bw="48" slack="1"/>
<pin id="271" dir="1" index="1" bw="48" slack="1"/>
</pin_list>
<bind>
<opset="r_V "/>
</bind>
</comp>

<comp id="274" class="1005" name="rhs_reg_274">
<pin_list>
<pin id="275" dir="0" index="0" bw="49" slack="6"/>
<pin id="276" dir="1" index="1" bw="49" slack="6"/>
</pin_list>
<bind>
<opset="rhs "/>
</bind>
</comp>

<comp id="279" class="1005" name="zext_ln1115_reg_279">
<pin_list>
<pin id="280" dir="0" index="0" bw="112" slack="1"/>
<pin id="281" dir="1" index="1" bw="112" slack="1"/>
</pin_list>
<bind>
<opset="zext_ln1115 "/>
</bind>
</comp>

<comp id="284" class="1005" name="sext_ln1118_reg_284">
<pin_list>
<pin id="285" dir="0" index="0" bw="112" slack="1"/>
<pin id="286" dir="1" index="1" bw="112" slack="1"/>
</pin_list>
<bind>
<opset="sext_ln1118 "/>
</bind>
</comp>

<comp id="289" class="1005" name="r_V_41_reg_289">
<pin_list>
<pin id="290" dir="0" index="0" bw="112" slack="1"/>
<pin id="291" dir="1" index="1" bw="112" slack="1"/>
</pin_list>
<bind>
<opset="r_V_41 "/>
</bind>
</comp>

</comp_list>

<net_list>
<net id="46"><net_src comp="8" pin="0"/><net_sink comp="42" pin=0"/></net>

<net id="47"><net_src comp="0" pin="0"/><net_sink comp="42" pin=1"/></net>

<net id="53"><net_src comp="2" pin="0"/><net_sink comp="48" pin=0"/></net>

<net id="54"><net_src comp="26" pin="0"/><net_sink comp="48" pin=1"/></net>

<net id="60"><net_src comp="48" pin="3"/><net_sink comp="55" pin=0"/></net>

<net id="66"><net_src comp="4" pin="0"/><net_sink comp="61" pin=0"/></net>

<net id="67"><net_src comp="26" pin="0"/><net_sink comp="61" pin=1"/></net>

<net id="73"><net_src comp="61" pin="3"/><net_sink comp="68" pin=0"/></net>

<net id="79"><net_src comp="6" pin="0"/><net_sink comp="74" pin=0"/></net>

<net id="80"><net_src comp="26" pin="0"/><net_sink comp="74" pin=1"/></net>

<net id="86"><net_src comp="74" pin="3"/><net_sink comp="81" pin=0"/></net>

<net id="90"><net_src comp="10" pin="0"/><net_sink comp="87" pin=0"/></net>

<net id="97"><net_src comp="87" pin="1"/><net_sink comp="91" pin=0"/></net>

<net id="98"><net_src comp="91" pin="4"/><net_sink comp="87" pin=0"/></net>

<net id="102"><net_src comp="12" pin="0"/><net_sink comp="99" pin=0"/></net>

<net id="109"><net_src comp="99" pin="1"/><net_sink comp="103" pin=0"/></net>

<net id="110"><net_src comp="103" pin="4"/><net_sink comp="99" pin=0"/></net>

<net id="115"><net_src comp="103" pin="4"/><net_sink comp="111" pin=0"/></net>

<net id="116"><net_src comp="91" pin="4"/><net_sink comp="111" pin=1"/></net>

<net id="123"><net_src comp="22" pin="0"/><net_sink comp="117" pin=0"/></net>

<net id="124"><net_src comp="111" pin="2"/><net_sink comp="117" pin=1"/></net>

<net id="125"><net_src comp="18" pin="0"/><net_sink comp="117" pin=2"/></net>

<net id="126"><net_src comp="12" pin="0"/><net_sink comp="117" pin=3"/></net>

<net id="131"><net_src comp="117" pin="4"/><net_sink comp="127" pin=0"/></net>

<net id="132"><net_src comp="24" pin="0"/><net_sink comp="127" pin=1"/></net>

<net id="139"><net_src comp="22" pin="0"/><net_sink comp="133" pin=0"/></net>

<net id="140"><net_src comp="111" pin="2"/><net_sink comp="133" pin=1"/></net>

<net id="141"><net_src comp="18" pin="0"/><net_sink comp="133" pin=2"/></net>

<net id="142"><net_src comp="12" pin="0"/><net_sink comp="133" pin=3"/></net>

<net id="146"><net_src comp="133" pin="4"/><net_sink comp="143" pin=0"/></net>

<net id="151"><net_src comp="143" pin="1"/><net_sink comp="147" pin=0"/></net>

<net id="152"><net_src comp="91" pin="4"/><net_sink comp="147" pin=1"/></net>

<net id="156"><net_src comp="147" pin="2"/><net_sink comp="153" pin=0"/></net>

<net id="157"><net_src comp="153" pin="1"/><net_sink comp="48" pin=2"/></net>

<net id="161"><net_src comp="55" pin="3"/><net_sink comp="158" pin=0"/></net>

<net id="165"><net_src comp="158" pin="1"/><net_sink comp="162" pin=0"/></net>

<net id="170"><net_src comp="162" pin="1"/><net_sink comp="166" pin=0"/></net>

<net id="176"><net_src comp="166" pin="2"/><net_sink comp="171" pin=0"/></net>

<net id="177"><net_src comp="87" pin="1"/><net_sink comp="171" pin=2"/></net>

<net id="183"><net_src comp="166" pin="2"/><net_sink comp="178" pin=0"/></net>

<net id="184"><net_src comp="99" pin="1"/><net_sink comp="178" pin=1"/></net>

<net id="188"><net_src comp="87" pin="1"/><net_sink comp="185" pin=0"/></net>

<net id="189"><net_src comp="185" pin="1"/><net_sink comp="61" pin=2"/></net>

<net id="190"><net_src comp="185" pin="1"/><net_sink comp="74" pin=2"/></net>

<net id="201"><net_src comp="191" pin="1"/><net_sink comp="197" pin=0"/></net>

<net id="202"><net_src comp="194" pin="1"/><net_sink comp="197" pin=1"/></net>

<net id="208"><net_src comp="32" pin="0"/><net_sink comp="203" pin=0"/></net>

<net id="209"><net_src comp="34" pin="0"/><net_sink comp="203" pin=2"/></net>

<net id="213"><net_src comp="203" pin="3"/><net_sink comp="210" pin=0"/></net>

<net id="218"><net_src comp="210" pin="1"/><net_sink comp="214" pin=0"/></net>

<net id="225"><net_src comp="36" pin="0"/><net_sink comp="219" pin=0"/></net>

<net id="226"><net_src comp="214" pin="2"/><net_sink comp="219" pin=1"/></net>

<net id="227"><net_src comp="38" pin="0"/><net_sink comp="219" pin=2"/></net>

<net id="228"><net_src comp="40" pin="0"/><net_sink comp="219" pin=3"/></net>

<net id="232"><net_src comp="42" pin="2"/><net_sink comp="229" pin=0"/></net>

<net id="233"><net_src comp="229" pin="1"/><net_sink comp="166" pin=1"/></net>

<net id="234"><net_src comp="229" pin="1"/><net_sink comp="194" pin=0"/></net>

<net id="241"><net_src comp="147" pin="2"/><net_sink comp="238" pin=0"/></net>

<net id="242"><net_src comp="238" pin="1"/><net_sink comp="171" pin=1"/></net>

<net id="243"><net_src comp="238" pin="1"/><net_sink comp="178" pin=2"/></net>

<net id="247"><net_src comp="48" pin="3"/><net_sink comp="244" pin=0"/></net>

<net id="248"><net_src comp="244" pin="1"/><net_sink comp="55" pin=0"/></net>

<net id="252"><net_src comp="171" pin="3"/><net_sink comp="249" pin=0"/></net>

<net id="253"><net_src comp="249" pin="1"/><net_sink comp="91" pin=2"/></net>

<net id="257"><net_src comp="178" pin="3"/><net_sink comp="254" pin=0"/></net>

<net id="258"><net_src comp="254" pin="1"/><net_sink comp="103" pin=2"/></net>

<net id="262"><net_src comp="61" pin="3"/><net_sink comp="259" pin=0"/></net>

<net id="263"><net_src comp="259" pin="1"/><net_sink comp="68" pin=0"/></net>

<net id="267"><net_src comp="74" pin="3"/><net_sink comp="264" pin=0"/></net>

<net id="268"><net_src comp="264" pin="1"/><net_sink comp="81" pin=0"/></net>

<net id="272"><net_src comp="68" pin="3"/><net_sink comp="269" pin=0"/></net>

<net id="273"><net_src comp="269" pin="1"/><net_sink comp="191" pin=0"/></net>

<net id="277"><net_src comp="81" pin="3"/><net_sink comp="274" pin=0"/></net>

<net id="278"><net_src comp="274" pin="1"/><net_sink comp="203" pin=1"/></net>

<net id="282"><net_src comp="191" pin="1"/><net_sink comp="279" pin=0"/></net>

<net id="283"><net_src comp="279" pin="1"/><net_sink comp="197" pin=0"/></net>

<net id="287"><net_src comp="194" pin="1"/><net_sink comp="284" pin=0"/></net>

<net id="288"><net_src comp="284" pin="1"/><net_sink comp="197" pin=1"/></net>

<net id="292"><net_src comp="197" pin="2"/><net_sink comp="289" pin=0"/></net>

<net id="293"><net_src comp="289" pin="1"/><net_sink comp="214" pin=1"/></net>

</net_list>

</model> 
---------------- Datapath Model END ------------------

* FSMD analyzer results:
  - Output states:
 - Input state : 
	Port: ATAN_LUT : x | {1 }
	Port: ATAN_LUT : table_mark_V_2 | {2 3 }
	Port: ATAN_LUT : table_m_V_2 | {4 5 }
	Port: ATAN_LUT : table_n_V_2 | {4 5 }
  - Chain level:
	State 1
	State 2
		sub_ln1024 : 1
		tmp : 2
		icmp_ln1024 : 3
		br_ln1024 : 4
		div1_i : 2
		div1_i_cast : 3
		half_list : 4
		zext_ln1029 : 5
		table_mark_V_2_addr : 6
		table_mark_V_2_load : 7
	State 3
		sext_ln1494 : 1
		zext_ln1494 : 2
		icmp_ln1494 : 3
		intervalo_begin_10 : 4
		intervalo_end_8 : 4
	State 4
		table_m_V_2_addr : 1
		r_V : 2
		table_n_V_2_addr : 1
		rhs : 2
	State 5
	State 6
		r_V_41 : 1
	State 7
	State 8
	State 9
	State 10
	State 11
		zext_ln1192 : 1
		ret_V : 2
		y_V : 3
		ret_ln1401 : 4


============================================================
+ Verbose Summary: Datapath Resource usage 
============================================================

* Functional unit list:
|----------|---------------------------|---------|---------|---------|
| Operation|      Functional Unit      |   DSP   |    FF   |   LUT   |
|----------|---------------------------|---------|---------|---------|
|    mul   |         grp_fu_197        |    2    |   441   |   256   |
|----------|---------------------------|---------|---------|---------|
|    add   |      half_list_fu_147     |    0    |    0    |    39   |
|          |        ret_V_fu_214       |    0    |    0    |   119   |
|----------|---------------------------|---------|---------|---------|
|  select  | intervalo_begin_10_fu_171 |    0    |    0    |    32   |
|          |   intervalo_end_8_fu_178  |    0    |    0    |    32   |
|----------|---------------------------|---------|---------|---------|
|   icmp   |     icmp_ln1024_fu_127    |    0    |    0    |    17   |
|          |     icmp_ln1494_fu_166    |    0    |    0    |    29   |
|----------|---------------------------|---------|---------|---------|
|    sub   |     sub_ln1024_fu_111     |    0    |    0    |    39   |
|----------|---------------------------|---------|---------|---------|
|   read   |     x_read_read_fu_42     |    0    |    0    |    0    |
|----------|---------------------------|---------|---------|---------|
|          |         tmp_fu_117        |    0    |    0    |    0    |
|partselect|       div1_i_fu_133       |    0    |    0    |    0    |
|          |         y_V_fu_219        |    0    |    0    |    0    |
|----------|---------------------------|---------|---------|---------|
|          |     div1_i_cast_fu_143    |    0    |    0    |    0    |
|          |     zext_ln1029_fu_153    |    0    |    0    |    0    |
|   zext   |     zext_ln1494_fu_162    |    0    |    0    |    0    |
|          |     zext_ln1398_fu_185    |    0    |    0    |    0    |
|          |     zext_ln1115_fu_191    |    0    |    0    |    0    |
|          |     zext_ln1192_fu_210    |    0    |    0    |    0    |
|----------|---------------------------|---------|---------|---------|
|   sext   |     sext_ln1494_fu_158    |    0    |    0    |    0    |
|          |     sext_ln1118_fu_194    |    0    |    0    |    0    |
|----------|---------------------------|---------|---------|---------|
|bitconcatenate|       rhs_15_fu_203       |    0    |    0    |    0    |
|----------|---------------------------|---------|---------|---------|
|   Total  |                           |    2    |   441   |   563   |
|----------|---------------------------|---------|---------|---------|

Memories:
N/A

* Register list:
+---------------------------+--------+
|                           |   FF   |
+---------------------------+--------+
|     half_list_reg_238     |   32   |
| intervalo_begin_10_reg_249|   32   |
|   intervalo_begin_reg_87  |   32   |
|  intervalo_end_8_reg_254  |   32   |
|    intervalo_end_reg_99   |   32   |
|       r_V_41_reg_289      |   112  |
|        r_V_reg_269        |   48   |
|        rhs_reg_274        |   49   |
|    sext_ln1118_reg_284    |   112  |
|  table_m_V_2_addr_reg_259 |    5   |
|table_mark_V_2_addr_reg_244|    5   |
|  table_n_V_2_addr_reg_264 |    5   |
|       x_read_reg_229      |   64   |
|    zext_ln1115_reg_279    |   112  |
+---------------------------+--------+
|           Total           |   672  |
+---------------------------+--------+

* Multiplexer (MUX) list: 
|------------------------|------|------|------|--------||---------||---------|
|          Comp          |  Pin | Size |  BW  | S x BW ||  Delay  ||   LUT   |
|------------------------|------|------|------|--------||---------||---------|
|    grp_access_fu_55    |  p0  |   2  |   5  |   10   ||    9    |
|    grp_access_fu_68    |  p0  |   2  |   5  |   10   ||    9    |
|    grp_access_fu_81    |  p0  |   2  |   5  |   10   ||    9    |
| intervalo_begin_reg_87 |  p0  |   2  |  32  |   64   ||    9    |
|  intervalo_end_reg_99  |  p0  |   2  |  32  |   64   ||    9    |
|       grp_fu_197       |  p0  |   2  |  48  |   96   ||    9    |
|       grp_fu_197       |  p1  |   2  |  64  |   128  ||    9    |
|------------------------|------|------|------|--------||---------||---------|
|          Total         |      |      |      |   382  ||  9.268  ||    63   |
|------------------------|------|------|------|--------||---------||---------|



* Summary:
+-----------+--------+--------+--------+--------+
|           |   DSP  |  Delay |   FF   |   LUT  |
+-----------+--------+--------+--------+--------+
|  Function |    2   |    -   |   441  |   563  |
|   Memory  |    -   |    -   |    -   |    -   |
|Multiplexer|    -   |    9   |    -   |   63   |
|  Register |    -   |    -   |   672  |    -   |
+-----------+--------+--------+--------+--------+
|   Total   |    2   |    9   |  1113  |   626  |
+-----------+--------+--------+--------+--------+
