

================================================================
== Vitis HLS Report for 'INV_LUT'
================================================================
* Date:           Fri Jul  3 13:57:40 2026

* Version:        2020.2 (Build 3064766 on Wed Nov 18 09:12:45 MST 2020)
* Project:        PLL2026
* Solution:       solution1 (Vivado IP Flow Target)
* Product family: artix7
* Target device:  xc7a200t-fbg676-2


================================================================
== Performance Estimates
================================================================
+ Timing: 
    * Summary: 
    +--------+----------+----------+------------+
    |  Clock |  Target  | Estimated| Uncertainty|
    +--------+----------+----------+------------+
    |ap_clk  |  10.00 ns|  7.132 ns|     2.70 ns|
    +--------+----------+----------+------------+

+ Latency: 
    * Summary: 
    +---------+---------+----------+----------+-----+-----+---------+
    |  Latency (cycles) |  Latency (absolute) |  Interval | Pipeline|
    |   min   |   max   |    min   |    max   | min | max |   Type  |
    +---------+---------+----------+----------+-----+-----+---------+
    |        ?|        ?|         ?|         ?|    ?|    ?|     none|
    +---------+---------+----------+----------+-----+-----+---------+

    + Detail: 
        * Instance: 
        N/A

        * Loop: 
        +---------------------+---------+---------+----------+-----------+-----------+------+----------+
        |                     |  Latency (cycles) | Iteration|  Initiation Interval  | Trip |          |
        |      Loop Name      |   min   |   max   |  Latency |  achieved |   target  | Count| Pipelined|
        +---------------------+---------+---------+----------+-----------+-----------+------+----------+
        |- VITIS_LOOP_1007_1  |        ?|        ?|         2|          2|          1|     ?|       yes|
        +---------------------+---------+---------+----------+-----------+-----------+------+----------+



================================================================
== Utilization Estimates
================================================================
* Summary: 
+-----------------+---------+-----+--------+--------+-----+
|       Name      | BRAM_18K| DSP |   FF   |   LUT  | URAM|
+-----------------+---------+-----+--------+--------+-----+
|DSP              |        -|    -|       -|       -|    -|
|Expression       |        -|    -|       0|     336|    -|
|FIFO             |        -|    -|       -|       -|    -|
|Instance         |        -|    4|     441|     256|    -|
|Memory           |        6|    -|       0|       0|    -|
|Multiplexer      |        -|    -|       -|      94|    -|
|Register         |        -|    -|     467|       -|    -|
+-----------------+---------+-----+--------+--------+-----+
|Total            |        6|    4|     908|     686|    0|
+-----------------+---------+-----+--------+--------+-----+
|Available        |      730|  740|  269200|  134600|    0|
+-----------------+---------+-----+--------+--------+-----+
|Utilization (%)  |       ~0|   ~0|      ~0|      ~0|    0|
+-----------------+---------+-----+--------+--------+-----+

+ Detail: 
    * Instance: 
    +-------------------------+----------------------+---------+----+-----+-----+-----+
    |         Instance        |        Module        | BRAM_18K| DSP|  FF | LUT | URAM|
    +-------------------------+----------------------+---------+----+-----+-----+-----+
    |mul_63s_64ns_112_5_1_U7  |mul_63s_64ns_112_5_1  |        0|   4|  441|  256|    0|
    +-------------------------+----------------------+---------+----+-----+-----+-----+
    |Total                    |                      |        0|   4|  441|  256|    0|
    +-------------------------+----------------------+---------+----+-----+-----+-----+

    * DSP: 
    N/A

    * Memory: 
    +------------------+------------------------+---------+---+----+-----+------+-----+------+-------------+
    |      Memory      |         Module         | BRAM_18K| FF| LUT| URAM| Words| Bits| Banks| W*Bits*Banks|
    +------------------+------------------------+---------+---+----+-----+------+-----+------+-------------+
    |table_m_V_1_U     |INV_LUT_table_m_V_1     |        2|  0|   0|    0|   115|   63|     1|         7245|
    |table_mark_V_1_U  |INV_LUT_table_mark_V_1  |        2|  0|   0|    0|   116|   58|     1|         6728|
    |table_n_V_1_U     |INV_LUT_table_n_V_1     |        2|  0|   0|    0|   115|   56|     1|         6440|
    +------------------+------------------------+---------+---+----+-----+------+-----+------+-------------+
    |Total             |                        |        6|  0|   0|    0|   346|  177|     3|        20413|
    +------------------+------------------------+---------+---+----+-----+------+-----+------+-------------+

    * FIFO: 
    N/A

    * Expression: 
    +-----------------------------+----------+----+---+-----+------------+------------+
    |        Variable Name        | Operation| DSP| FF| LUT | Bitwidth P0| Bitwidth P1|
    +-----------------------------+----------+----+---+-----+------------+------------+
    |half_list_fu_170_p2          |         +|   0|  0|   39|          32|          32|
    |ret_V_fu_233_p2              |         +|   0|  0|  119|         112|         112|
    |sub_ln1007_fu_134_p2         |         -|   0|  0|   39|          32|          32|
    |icmp_ln1007_fu_150_p2        |      icmp|   0|  0|   17|          31|           1|
    |icmp_ln1494_fu_185_p2        |      icmp|   0|  0|   29|          64|          64|
    |icmp_ln1495_fu_128_p2        |      icmp|   0|  0|   29|          64|          42|
    |intervalo_begin_2_fu_190_p3  |    select|   0|  0|   32|           1|          32|
    |intervalo_end_2_fu_197_p3    |    select|   0|  0|   32|           1|          32|
    +-----------------------------+----------+----+---+-----+------------+------------+
    |Total                        |          |   0|  0|  336|         337|         347|
    +-----------------------------+----------+----+---+-----+------------+------------+

    * Multiplexer: 
    +------------------------------+----+-----------+-----+-----------+
    |             Name             | LUT| Input Size| Bits| Total Bits|
    +------------------------------+----+-----------+-----+-----------+
    |ap_NS_fsm                     |  49|         12|    1|         12|
    |ap_phi_mux_y_V_phi_fu_121_p4  |   9|          2|   64|        128|
    |ap_return                     |   9|          2|   64|        128|
    |intervalo_begin_reg_93        |   9|          2|   32|         64|
    |intervalo_end_reg_105         |   9|          2|   32|         64|
    |y_V_reg_117                   |   9|          2|   64|        128|
    +------------------------------+----+-----------+-----+-----------+
    |Total                         |  94|         22|  257|        524|
    +------------------------------+----+-----------+-----+-----------+

    * Register: 
    +------------------------+-----+----+-----+-----------+
    |          Name          |  FF | LUT| Bits| Const Bits|
    +------------------------+-----+----+-----+-----------+
    |ap_CS_fsm               |   11|   0|   11|          0|
    |ap_return_preg          |   64|   0|   64|          0|
    |half_list_reg_262       |   32|   0|   32|          0|
    |icmp_ln1495_reg_255     |    1|   0|    1|          0|
    |intervalo_begin_reg_93  |   32|   0|   32|          0|
    |intervalo_end_reg_105   |   32|   0|   32|          0|
    |r_V_35_reg_313          |  112|   0|  112|          0|
    |r_V_reg_293             |   63|   0|   63|          0|
    |rhs_reg_298             |   56|   0|   56|          0|
    |y_V_reg_117             |   64|   0|   64|          0|
    +------------------------+-----+----+-----+-----------+
    |Total                   |  467|   0|  467|          0|
    +------------------------+-----+----+-----+-----------+



================================================================
== Interface
================================================================
* Summary: 
+-----------+-----+-----+------------+--------------+--------------+
| RTL Ports | Dir | Bits|  Protocol  | Source Object|    C Type    |
+-----------+-----+-----+------------+--------------+--------------+
|ap_clk     |   in|    1|  ap_ctrl_hs|       INV_LUT|  return value|
|ap_rst     |   in|    1|  ap_ctrl_hs|       INV_LUT|  return value|
|ap_start   |   in|    1|  ap_ctrl_hs|       INV_LUT|  return value|
|ap_done    |  out|    1|  ap_ctrl_hs|       INV_LUT|  return value|
|ap_idle    |  out|    1|  ap_ctrl_hs|       INV_LUT|  return value|
|ap_ready   |  out|    1|  ap_ctrl_hs|       INV_LUT|  return value|
|ap_return  |  out|   64|  ap_ctrl_hs|       INV_LUT|  return value|
|x          |   in|   64|     ap_none|             x|        scalar|
+-----------+-----+-----+------------+--------------+--------------+

============================================================
+ Verbose Summary: Synthesis Manager
============================================================
InlineROM: 1
ExposeGlobal: 0
============================================================
+ Verbose Summary: CDFG Model
============================================================
IsTopModel: 0
ResetActiveHigh: 1
IsCombinational: 2
IsDatapathOnly: 2
HasWiredReturn: 1
HasMFsm: 0
HasVarLatency: 1
IsPipeline: 0
IsRtlPipelined: 0
IsInstanceOverlapped: 0
IsDontTouch: 0
HasImplIP: 0
IsGatedGlobalClock: 0

+ Individual pipeline summary: 
  * Pipeline-0: initiation interval (II) = 2, depth = 2


============================================================
+ Verbose Summary: Schedule
============================================================
* Number of FSM states : 11
* Pipeline : 1
  Pipeline-0 : II = 2, D = 2, States = { 2 3 }
* Dataflow Pipeline: 0

* FSM state transitions: 
1 --> 11 2 
2 --> 4 3 
3 --> 2 
4 --> 5 
5 --> 6 
6 --> 7 
7 --> 8 
8 --> 9 
9 --> 10 
10 --> 11 
11 --> 

* FSM state operations: 

State 1 <SV = 0> <Delay = 3.66>
ST_1 : Operation 12 [1/1] (0.00ns)   --->   "%x_read = read i64 @_ssdm_op_Read.ap_auto.i64, i64 %x" [../../C-Codes/Fixed_x64/PLL2026_x64.cpp:998]   --->   Operation 12 'read' 'x_read' <Predicate = true> <Delay = 0.00>
ST_1 : Operation 13 [1/1] (2.34ns)   --->   "%icmp_ln1495 = icmp_slt  i64 %x_read, i64 2814749767106"   --->   Operation 13 'icmp' 'icmp_ln1495' <Predicate = true> <Delay = 2.34> <CoreInst = "Cmp">   --->   Core 9 'Cmp' <Latency = 0> <II = 1> <Delay = 2.34> <FuncUnit> <Opcode : 'icmp'> <InPorts = 2> <OutPorts = 1>
ST_1 : Operation 14 [1/1] (1.32ns)   --->   "%br_ln1784 = br i1 %icmp_ln1495, void %_ZN13ap_fixed_baseILi129ELi33ELb1EL9ap_q_mode5EL9ap_o_mode3ELi0EEC2ILi128ELi32ELb1ELS0_5ELS1_3ELi0EEERKS_IXT_EXT0_EXT1_EXT2_EXT3_EXT4_EE.exit.i.preheader, void %_ZN8ap_fixedILi64ELi16EL9ap_q_mode5EL9ap_o_mode3ELi0EEC2Ei.exit" [../../C-Codes/Fixed_x64/PLL2026_x64.cpp:1784]   --->   Operation 14 'br' 'br_ln1784' <Predicate = true> <Delay = 1.32>
ST_1 : Operation 15 [1/1] (1.32ns)   --->   "%br_ln0 = br void %_ZN13ap_fixed_baseILi129ELi33ELb1EL9ap_q_mode5EL9ap_o_mode3ELi0EEC2ILi128ELi32ELb1ELS0_5ELS1_3ELi0EEERKS_IXT_EXT0_EXT1_EXT2_EXT3_EXT4_EE.exit.i"   --->   Operation 15 'br' 'br_ln0' <Predicate = (!icmp_ln1495)> <Delay = 1.32>

State 2 <SV = 1> <Delay = 7.13>
ST_2 : Operation 16 [1/1] (0.00ns)   --->   "%intervalo_begin = phi i32 %intervalo_begin_2, void, i32 0, void %_ZN13ap_fixed_baseILi129ELi33ELb1EL9ap_q_mode5EL9ap_o_mode3ELi0EEC2ILi128ELi32ELb1ELS0_5ELS1_3ELi0EEERKS_IXT_EXT0_EXT1_EXT2_EXT3_EXT4_EE.exit.i.preheader"   --->   Operation 16 'phi' 'intervalo_begin' <Predicate = true> <Delay = 0.00>
ST_2 : Operation 17 [1/1] (0.00ns)   --->   "%intervalo_end = phi i32 %intervalo_end_2, void, i32 115, void %_ZN13ap_fixed_baseILi129ELi33ELb1EL9ap_q_mode5EL9ap_o_mode3ELi0EEC2ILi128ELi32ELb1ELS0_5ELS1_3ELi0EEERKS_IXT_EXT0_EXT1_EXT2_EXT3_EXT4_EE.exit.i.preheader"   --->   Operation 17 'phi' 'intervalo_end' <Predicate = true> <Delay = 0.00>
ST_2 : Operation 18 [1/1] (0.00ns)   --->   "%specpipeline_ln0 = specpipeline void @_ssdm_op_SpecPipeline, i32 4294967295, i32 0, i32 1, i32 0, void @p_str"   --->   Operation 18 'specpipeline' 'specpipeline_ln0' <Predicate = true> <Delay = 0.00>
ST_2 : Operation 19 [1/1] (2.18ns)   --->   "%sub_ln1007 = sub i32 %intervalo_end, i32 %intervalo_begin" [../../C-Codes/Fixed_x64/PLL2026_x64.cpp:1007]   --->   Operation 19 'sub' 'sub_ln1007' <Predicate = true> <Delay = 2.18> <CoreInst = "Adder">   --->   Core 1 'Adder' <Latency = 0> <II = 1> <Delay = 2.18> <FuncUnit> <Opcode : 'add' 'sub'> <InPorts = 2> <OutPorts = 1>
ST_2 : Operation 20 [1/1] (0.00ns)   --->   "%tmp = partselect i31 @_ssdm_op_PartSelect.i31.i32.i32.i32, i32 %sub_ln1007, i32 1, i32 31" [../../C-Codes/Fixed_x64/PLL2026_x64.cpp:1007]   --->   Operation 20 'partselect' 'tmp' <Predicate = true> <Delay = 0.00>
ST_2 : Operation 21 [1/1] (2.10ns)   --->   "%icmp_ln1007 = icmp_sgt  i31 %tmp, i31 0" [../../C-Codes/Fixed_x64/PLL2026_x64.cpp:1007]   --->   Operation 21 'icmp' 'icmp_ln1007' <Predicate = true> <Delay = 2.10> <CoreInst = "Cmp">   --->   Core 9 'Cmp' <Latency = 0> <II = 1> <Delay = 2.34> <FuncUnit> <Opcode : 'icmp'> <InPorts = 2> <OutPorts = 1>
ST_2 : Operation 22 [1/1] (0.00ns)   --->   "%br_ln1007 = br i1 %icmp_ln1007, void %_Z13busca_binariaP8ap_fixedILi64ELi16EL9ap_q_mode5EL9ap_o_mode3ELi0EEiS2_.exit, void" [../../C-Codes/Fixed_x64/PLL2026_x64.cpp:1007]   --->   Operation 22 'br' 'br_ln1007' <Predicate = true> <Delay = 0.00>
ST_2 : Operation 23 [1/1] (0.00ns)   --->   "%div1_i = partselect i31 @_ssdm_op_PartSelect.i31.i32.i32.i32, i32 %sub_ln1007, i32 1, i32 31" [../../C-Codes/Fixed_x64/PLL2026_x64.cpp:1007]   --->   Operation 23 'partselect' 'div1_i' <Predicate = (icmp_ln1007)> <Delay = 0.00>
ST_2 : Operation 24 [1/1] (0.00ns)   --->   "%div1_i_cast = zext i31 %div1_i" [../../C-Codes/Fixed_x64/PLL2026_x64.cpp:1007]   --->   Operation 24 'zext' 'div1_i_cast' <Predicate = (icmp_ln1007)> <Delay = 0.00>
ST_2 : Operation 25 [1/1] (2.18ns)   --->   "%half_list = add i32 %div1_i_cast, i32 %intervalo_begin" [../../C-Codes/Fixed_x64/PLL2026_x64.cpp:1010]   --->   Operation 25 'add' 'half_list' <Predicate = (icmp_ln1007)> <Delay = 2.18> <CoreInst = "Adder">   --->   Core 1 'Adder' <Latency = 0> <II = 1> <Delay = 2.18> <FuncUnit> <Opcode : 'add' 'sub'> <InPorts = 2> <OutPorts = 1>
ST_2 : Operation 26 [1/1] (0.00ns)   --->   "%zext_ln1012 = zext i32 %half_list" [../../C-Codes/Fixed_x64/PLL2026_x64.cpp:1012]   --->   Operation 26 'zext' 'zext_ln1012' <Predicate = (icmp_ln1007)> <Delay = 0.00>
ST_2 : Operation 27 [1/1] (0.00ns)   --->   "%table_mark_V_1_addr = getelementptr i58 %table_mark_V_1, i64 0, i64 %zext_ln1012"   --->   Operation 27 'getelementptr' 'table_mark_V_1_addr' <Predicate = (icmp_ln1007)> <Delay = 0.00>
ST_2 : Operation 28 [2/2] (2.77ns)   --->   "%table_mark_V_1_load = load i7 %table_mark_V_1_addr"   --->   Operation 28 'load' 'table_mark_V_1_load' <Predicate = (icmp_ln1007)> <Delay = 2.77> <CoreInst = "ROM">   --->   Core 95 'ROM' <Latency = 1> <II = 1> <Delay = 2.77> <Storage> <Opcode : 'load'> <Ports = 0> <Width = 58> <Depth = 116> <ROM>

State 3 <SV = 2> <Delay = 5.88>
ST_3 : Operation 29 [1/1] (0.00ns)   --->   "%specloopname_ln0 = specloopname void @_ssdm_op_SpecLoopName, void @empty_1"   --->   Operation 29 'specloopname' 'specloopname_ln0' <Predicate = true> <Delay = 0.00>
ST_3 : Operation 30 [1/2] (2.77ns)   --->   "%table_mark_V_1_load = load i7 %table_mark_V_1_addr"   --->   Operation 30 'load' 'table_mark_V_1_load' <Predicate = true> <Delay = 2.77> <CoreInst = "ROM">   --->   Core 95 'ROM' <Latency = 1> <II = 1> <Delay = 2.77> <Storage> <Opcode : 'load'> <Ports = 0> <Width = 58> <Depth = 116> <ROM>
ST_3 : Operation 31 [1/1] (0.00ns)   --->   "%zext_ln1494 = zext i58 %table_mark_V_1_load"   --->   Operation 31 'zext' 'zext_ln1494' <Predicate = true> <Delay = 0.00>
ST_3 : Operation 32 [1/1] (2.34ns)   --->   "%icmp_ln1494 = icmp_slt  i64 %zext_ln1494, i64 %x_read"   --->   Operation 32 'icmp' 'icmp_ln1494' <Predicate = true> <Delay = 2.34> <CoreInst = "Cmp">   --->   Core 9 'Cmp' <Latency = 0> <II = 1> <Delay = 2.34> <FuncUnit> <Opcode : 'icmp'> <InPorts = 2> <OutPorts = 1>
ST_3 : Operation 33 [1/1] (0.77ns)   --->   "%intervalo_begin_2 = select i1 %icmp_ln1494, i32 %half_list, i32 %intervalo_begin" [../../C-Codes/Fixed_x64/PLL2026_x64.cpp:1014]   --->   Operation 33 'select' 'intervalo_begin_2' <Predicate = true> <Delay = 0.77> <CoreInst = "Sel">   --->   Core 73 'Sel' <Latency = 0> <II = 1> <Delay = 0.77> <FuncUnit> <Opcode : 'select'> <InPorts = 3> <OutPorts = 1>
ST_3 : Operation 34 [1/1] (0.77ns)   --->   "%intervalo_end_2 = select i1 %icmp_ln1494, i32 %intervalo_end, i32 %half_list" [../../C-Codes/Fixed_x64/PLL2026_x64.cpp:1014]   --->   Operation 34 'select' 'intervalo_end_2' <Predicate = true> <Delay = 0.77> <CoreInst = "Sel">   --->   Core 73 'Sel' <Latency = 0> <II = 1> <Delay = 0.77> <FuncUnit> <Opcode : 'select'> <InPorts = 3> <OutPorts = 1>
ST_3 : Operation 35 [1/1] (0.00ns)   --->   "%br_ln1007 = br void %_ZN13ap_fixed_baseILi129ELi33ELb1EL9ap_q_mode5EL9ap_o_mode3ELi0EEC2ILi128ELi32ELb1ELS0_5ELS1_3ELi0EEERKS_IXT_EXT0_EXT1_EXT2_EXT3_EXT4_EE.exit.i" [../../C-Codes/Fixed_x64/PLL2026_x64.cpp:1007]   --->   Operation 35 'br' 'br_ln1007' <Predicate = true> <Delay = 0.00>

State 4 <SV = 2> <Delay = 2.77>
ST_4 : Operation 36 [1/1] (0.00ns)   --->   "%zext_ln1792 = zext i32 %intervalo_begin" [../../C-Codes/Fixed_x64/PLL2026_x64.cpp:1792]   --->   Operation 36 'zext' 'zext_ln1792' <Predicate = true> <Delay = 0.00>
ST_4 : Operation 37 [1/1] (0.00ns)   --->   "%table_m_V_1_addr = getelementptr i63 %table_m_V_1, i64 0, i64 %zext_ln1792"   --->   Operation 37 'getelementptr' 'table_m_V_1_addr' <Predicate = true> <Delay = 0.00>
ST_4 : Operation 38 [2/2] (2.77ns)   --->   "%r_V = load i7 %table_m_V_1_addr"   --->   Operation 38 'load' 'r_V' <Predicate = true> <Delay = 2.77> <CoreInst = "ROM">   --->   Core 95 'ROM' <Latency = 1> <II = 1> <Delay = 2.77> <Storage> <Opcode : 'load'> <Ports = 0> <Width = 63> <Depth = 115> <ROM>
ST_4 : Operation 39 [1/1] (0.00ns)   --->   "%table_n_V_1_addr = getelementptr i56 %table_n_V_1, i64 0, i64 %zext_ln1792"   --->   Operation 39 'getelementptr' 'table_n_V_1_addr' <Predicate = true> <Delay = 0.00>
ST_4 : Operation 40 [2/2] (2.77ns)   --->   "%rhs = load i7 %table_n_V_1_addr"   --->   Operation 40 'load' 'rhs' <Predicate = true> <Delay = 2.77> <CoreInst = "ROM">   --->   Core 95 'ROM' <Latency = 1> <II = 1> <Delay = 2.77> <Storage> <Opcode : 'load'> <Ports = 0> <Width = 56> <Depth = 115> <ROM>

State 5 <SV = 3> <Delay = 2.77>
ST_5 : Operation 41 [1/2] (2.77ns)   --->   "%r_V = load i7 %table_m_V_1_addr"   --->   Operation 41 'load' 'r_V' <Predicate = true> <Delay = 2.77> <CoreInst = "ROM">   --->   Core 95 'ROM' <Latency = 1> <II = 1> <Delay = 2.77> <Storage> <Opcode : 'load'> <Ports = 0> <Width = 63> <Depth = 115> <ROM>
ST_5 : Operation 42 [1/2] (2.77ns)   --->   "%rhs = load i7 %table_n_V_1_addr"   --->   Operation 42 'load' 'rhs' <Predicate = true> <Delay = 2.77> <CoreInst = "ROM">   --->   Core 95 'ROM' <Latency = 1> <II = 1> <Delay = 2.77> <Storage> <Opcode : 'load'> <Ports = 0> <Width = 56> <Depth = 115> <ROM>

State 6 <SV = 4> <Delay = 5.71>
ST_6 : Operation 43 [1/1] (0.00ns)   --->   "%sext_ln1115 = sext i63 %r_V"   --->   Operation 43 'sext' 'sext_ln1115' <Predicate = true> <Delay = 0.00>
ST_6 : Operation 44 [1/1] (0.00ns)   --->   "%zext_ln1118 = zext i64 %x_read"   --->   Operation 44 'zext' 'zext_ln1118' <Predicate = true> <Delay = 0.00>
ST_6 : Operation 45 [5/5] (5.71ns)   --->   "%r_V_35 = mul i112 %sext_ln1115, i112 %zext_ln1118"   --->   Operation 45 'mul' 'r_V_35' <Predicate = true> <Delay = 5.71> <CoreInst = "Multiplier">   --->   Core 3 'Multiplier' <Latency = 4> <II = 1> <Delay = 5.71> <FuncUnit> <Opcode : 'mul'> <InPorts = 2> <OutPorts = 1>

State 7 <SV = 5> <Delay = 5.71>
ST_7 : Operation 46 [4/5] (5.71ns)   --->   "%r_V_35 = mul i112 %sext_ln1115, i112 %zext_ln1118"   --->   Operation 46 'mul' 'r_V_35' <Predicate = true> <Delay = 5.71> <CoreInst = "Multiplier">   --->   Core 3 'Multiplier' <Latency = 4> <II = 1> <Delay = 5.71> <FuncUnit> <Opcode : 'mul'> <InPorts = 2> <OutPorts = 1>

State 8 <SV = 6> <Delay = 5.71>
ST_8 : Operation 47 [3/5] (5.71ns)   --->   "%r_V_35 = mul i112 %sext_ln1115, i112 %zext_ln1118"   --->   Operation 47 'mul' 'r_V_35' <Predicate = true> <Delay = 5.71> <CoreInst = "Multiplier">   --->   Core 3 'Multiplier' <Latency = 4> <II = 1> <Delay = 5.71> <FuncUnit> <Opcode : 'mul'> <InPorts = 2> <OutPorts = 1>

State 9 <SV = 7> <Delay = 5.71>
ST_9 : Operation 48 [2/5] (5.71ns)   --->   "%r_V_35 = mul i112 %sext_ln1115, i112 %zext_ln1118"   --->   Operation 48 'mul' 'r_V_35' <Predicate = true> <Delay = 5.71> <CoreInst = "Multiplier">   --->   Core 3 'Multiplier' <Latency = 4> <II = 1> <Delay = 5.71> <FuncUnit> <Opcode : 'mul'> <InPorts = 2> <OutPorts = 1>

State 10 <SV = 8> <Delay = 5.71>
ST_10 : Operation 49 [1/5] (5.71ns)   --->   "%r_V_35 = mul i112 %sext_ln1115, i112 %zext_ln1118"   --->   Operation 49 'mul' 'r_V_35' <Predicate = true> <Delay = 5.71> <CoreInst = "Multiplier">   --->   Core 3 'Multiplier' <Latency = 4> <II = 1> <Delay = 5.71> <FuncUnit> <Opcode : 'mul'> <InPorts = 2> <OutPorts = 1>

State 11 <SV = 9> <Delay = 5.49>
ST_11 : Operation 50 [1/1] (0.00ns)   --->   "%rhs_8 = bitconcatenate i104 @_ssdm_op_BitConcatenate.i104.i56.i48, i56 %rhs, i48 0"   --->   Operation 50 'bitconcatenate' 'rhs_8' <Predicate = (!icmp_ln1495)> <Delay = 0.00>
ST_11 : Operation 51 [1/1] (0.00ns)   --->   "%zext_ln1192 = zext i104 %rhs_8"   --->   Operation 51 'zext' 'zext_ln1192' <Predicate = (!icmp_ln1495)> <Delay = 0.00>
ST_11 : Operation 52 [1/1] (4.17ns)   --->   "%ret_V = add i112 %zext_ln1192, i112 %r_V_35"   --->   Operation 52 'add' 'ret_V' <Predicate = (!icmp_ln1495)> <Delay = 4.17> <CoreInst = "Adder">   --->   Core 1 'Adder' <Latency = 0> <II = 1> <Delay = 2.18> <FuncUnit> <Opcode : 'add' 'sub'> <InPorts = 2> <OutPorts = 1>
ST_11 : Operation 53 [1/1] (0.00ns)   --->   "%trunc_ln = partselect i64 @_ssdm_op_PartSelect.i64.i112.i32.i32, i112 %ret_V, i32 48, i32 111"   --->   Operation 53 'partselect' 'trunc_ln' <Predicate = (!icmp_ln1495)> <Delay = 0.00>
ST_11 : Operation 54 [1/1] (1.32ns)   --->   "%br_ln0 = br void %_ZN8ap_fixedILi64ELi16EL9ap_q_mode5EL9ap_o_mode3ELi0EEC2Ei.exit"   --->   Operation 54 'br' 'br_ln0' <Predicate = (!icmp_ln1495)> <Delay = 1.32>
ST_11 : Operation 55 [1/1] (0.00ns)   --->   "%y_V = phi i64 %trunc_ln, void %_Z13busca_binariaP8ap_fixedILi64ELi16EL9ap_q_mode5EL9ap_o_mode3ELi0EEiS2_.exit, i64 8805944646392872960, void"   --->   Operation 55 'phi' 'y_V' <Predicate = true> <Delay = 0.00>
ST_11 : Operation 56 [1/1] (0.00ns)   --->   "%ret_ln1797 = ret i64 %y_V" [../../C-Codes/Fixed_x64/PLL2026_x64.cpp:1797]   --->   Operation 56 'ret' 'ret_ln1797' <Predicate = true> <Delay = 0.00>


============================================================
+ Verbose Summary: Binding
============================================================
STG Binding: 
---------------- STG Properties BEGIN ----------------
- Is combinational: 0
- Is one-state seq: 0
- Is datapath-only: 0
- Is pipelined: 0
- Is top level: 0
Port [ Return ] is wired: 1; IO mode=ap_ctrl_hs:ce=0
Port [ x]:  wired=1; compound=0; hidden=0; nouse=0; global=0; static=0; extern=0; dir=0; type=0; pingpong=0; private_global=0; IO mode=ap_none:ce=0
Port [ table_mark_V_1]:  wired=0; compound=1; hidden=1; nouse=0; global=1; static=1; extern=0; dir=0; type=1; pingpong=0; private_global=1; MemPort=[1]; IO mode=ap_memory:ce=0
Port [ table_m_V_1]:  wired=0; compound=1; hidden=1; nouse=0; global=1; static=1; extern=0; dir=0; type=1; pingpong=0; private_global=1; MemPort=[1]; IO mode=ap_memory:ce=0
Port [ table_n_V_1]:  wired=0; compound=1; hidden=1; nouse=0; global=1; static=1; extern=0; dir=0; type=1; pingpong=0; private_global=1; MemPort=[1]; IO mode=ap_memory:ce=0
---------------- STG Properties END ------------------

---------------- Datapath Model BEGIN ----------------

<LifeTime>
<method=bitvector/>
x_read              (read          ) [ 001111100000]
icmp_ln1495         (icmp          ) [ 011111111111]
br_ln1784           (br            ) [ 011111111111]
br_ln0              (br            ) [ 011100000000]
intervalo_begin     (phi           ) [ 001110000000]
intervalo_end       (phi           ) [ 001100000000]
specpipeline_ln0    (specpipeline  ) [ 000000000000]
sub_ln1007          (sub           ) [ 000000000000]
tmp                 (partselect    ) [ 000000000000]
icmp_ln1007         (icmp          ) [ 001100000000]
br_ln1007           (br            ) [ 000000000000]
div1_i              (partselect    ) [ 000000000000]
div1_i_cast         (zext          ) [ 000000000000]
half_list           (add           ) [ 000100000000]
zext_ln1012         (zext          ) [ 000000000000]
table_mark_V_1_addr (getelementptr ) [ 000100000000]
specloopname_ln0    (specloopname  ) [ 000000000000]
table_mark_V_1_load (load          ) [ 000000000000]
zext_ln1494         (zext          ) [ 000000000000]
icmp_ln1494         (icmp          ) [ 000000000000]
intervalo_begin_2   (select        ) [ 011100000000]
intervalo_end_2     (select        ) [ 011100000000]
br_ln1007           (br            ) [ 011100000000]
zext_ln1792         (zext          ) [ 000000000000]
table_m_V_1_addr    (getelementptr ) [ 000001000000]
table_n_V_1_addr    (getelementptr ) [ 000001000000]
r_V                 (load          ) [ 000000100000]
rhs                 (load          ) [ 000000111111]
sext_ln1115         (sext          ) [ 000000011110]
zext_ln1118         (zext          ) [ 000000011110]
r_V_35              (mul           ) [ 000000000001]
rhs_8               (bitconcatenate) [ 000000000000]
zext_ln1192         (zext          ) [ 000000000000]
ret_V               (add           ) [ 000000000000]
trunc_ln            (partselect    ) [ 000000000000]
br_ln0              (br            ) [ 000000000000]
y_V                 (phi           ) [ 000000000001]
ret_ln1797          (ret           ) [ 000000000000]
</LifeTime>

<model>

<comp_list>
<comp id="0" class="1000" name="x">
<pin_list>
<pin id="1" dir="1" index="0" bw="1" slack="0"/>
</pin_list>
<bind>
<StgValue><ssdm name="x"/></StgValue>
</bind>
</comp>

<comp id="2" class="1000" name="table_mark_V_1">
<pin_list>
<pin id="3" dir="1" index="0" bw="1" slack="0"/>
</pin_list>
<bind>
<StgValue><ssdm name="table_mark_V_1"/><MemPortTyVec>1 </MemPortTyVec>
</StgValue>
</bind>
</comp>

<comp id="4" class="1000" name="table_m_V_1">
<pin_list>
<pin id="5" dir="1" index="0" bw="1" slack="0"/>
</pin_list>
<bind>
<StgValue><ssdm name="table_m_V_1"/><MemPortTyVec>1 </MemPortTyVec>
</StgValue>
</bind>
</comp>

<comp id="6" class="1000" name="table_n_V_1">
<pin_list>
<pin id="7" dir="1" index="0" bw="1" slack="0"/>
</pin_list>
<bind>
<StgValue><ssdm name="table_n_V_1"/><MemPortTyVec>1 </MemPortTyVec>
</StgValue>
</bind>
</comp>

<comp id="8" class="1001" name="const_8">
<pin_list>
<pin id="9" dir="1" index="0" bw="1" slack="0"/>
</pin_list>
<bind>
<StgValue><ssdm name="_ssdm_op_Read.ap_auto.i64"/></StgValue>
</bind>
</comp>

<comp id="10" class="1001" name="const_10">
<pin_list>
<pin id="11" dir="1" index="0" bw="1" slack="0"/>
</pin_list>
<bind>
<StgValue><ssdm name=""/></StgValue>
</bind>
</comp>

<comp id="12" class="1001" name="const_12">
<pin_list>
<pin id="13" dir="1" index="0" bw="1" slack="1"/>
</pin_list>
<bind>
<StgValue><ssdm name=""/></StgValue>
</bind>
</comp>

<comp id="14" class="1001" name="const_14">
<pin_list>
<pin id="15" dir="1" index="0" bw="1" slack="1"/>
</pin_list>
<bind>
<StgValue><ssdm name=""/></StgValue>
</bind>
</comp>

<comp id="16" class="1001" name="const_16">
<pin_list>
<pin id="17" dir="1" index="0" bw="1" slack="2147483647"/>
</pin_list>
<bind>
<StgValue><ssdm name="_ssdm_op_SpecPipeline"/></StgValue>
</bind>
</comp>

<comp id="18" class="1001" name="const_18">
<pin_list>
<pin id="19" dir="1" index="0" bw="1" slack="2147483647"/>
</pin_list>
<bind>
<StgValue><ssdm name=""/></StgValue>
</bind>
</comp>

<comp id="20" class="1001" name="const_20">
<pin_list>
<pin id="21" dir="1" index="0" bw="1" slack="0"/>
</pin_list>
<bind>
<StgValue><ssdm name=""/></StgValue>
</bind>
</comp>

<comp id="22" class="1001" name="const_22">
<pin_list>
<pin id="23" dir="1" index="0" bw="1" slack="2147483647"/>
</pin_list>
<bind>
<StgValue><ssdm name="p_str"/></StgValue>
</bind>
</comp>

<comp id="24" class="1001" name="const_24">
<pin_list>
<pin id="25" dir="1" index="0" bw="1" slack="0"/>
</pin_list>
<bind>
<StgValue><ssdm name="_ssdm_op_PartSelect.i31.i32.i32.i32"/></StgValue>
</bind>
</comp>

<comp id="26" class="1001" name="const_26">
<pin_list>
<pin id="27" dir="1" index="0" bw="1" slack="0"/>
</pin_list>
<bind>
<StgValue><ssdm name=""/></StgValue>
</bind>
</comp>

<comp id="28" class="1001" name="const_28">
<pin_list>
<pin id="29" dir="1" index="0" bw="1" slack="0"/>
</pin_list>
<bind>
<StgValue><ssdm name=""/></StgValue>
</bind>
</comp>

<comp id="30" class="1001" name="const_30">
<pin_list>
<pin id="31" dir="1" index="0" bw="1" slack="0"/>
</pin_list>
<bind>
<StgValue><ssdm name=""/></StgValue>
</bind>
</comp>

<comp id="32" class="1001" name="const_32">
<pin_list>
<pin id="33" dir="1" index="0" bw="1" slack="2147483647"/>
</pin_list>
<bind>
<StgValue><ssdm name="_ssdm_op_SpecLoopName"/></StgValue>
</bind>
</comp>

<comp id="34" class="1001" name="const_34">
<pin_list>
<pin id="35" dir="1" index="0" bw="1" slack="2147483647"/>
</pin_list>
<bind>
<StgValue><ssdm name="empty_1"/></StgValue>
</bind>
</comp>

<comp id="36" class="1001" name="const_36">
<pin_list>
<pin id="37" dir="1" index="0" bw="1" slack="0"/>
</pin_list>
<bind>
<StgValue><ssdm name="_ssdm_op_BitConcatenate.i104.i56.i48"/></StgValue>
</bind>
</comp>

<comp id="38" class="1001" name="const_38">
<pin_list>
<pin id="39" dir="1" index="0" bw="1" slack="0"/>
</pin_list>
<bind>
<StgValue><ssdm name=""/></StgValue>
</bind>
</comp>

<comp id="40" class="1001" name="const_40">
<pin_list>
<pin id="41" dir="1" index="0" bw="1" slack="0"/>
</pin_list>
<bind>
<StgValue><ssdm name="_ssdm_op_PartSelect.i64.i112.i32.i32"/></StgValue>
</bind>
</comp>

<comp id="42" class="1001" name="const_42">
<pin_list>
<pin id="43" dir="1" index="0" bw="1" slack="0"/>
</pin_list>
<bind>
<StgValue><ssdm name=""/></StgValue>
</bind>
</comp>

<comp id="44" class="1001" name="const_44">
<pin_list>
<pin id="45" dir="1" index="0" bw="1" slack="0"/>
</pin_list>
<bind>
<StgValue><ssdm name=""/></StgValue>
</bind>
</comp>

<comp id="46" class="1001" name="const_46">
<pin_list>
<pin id="47" dir="1" index="0" bw="1" slack="9"/>
</pin_list>
<bind>
<StgValue><ssdm name=""/></StgValue>
</bind>
</comp>

<comp id="48" class="1004" name="x_read_read_fu_48">
<pin_list>
<pin id="49" dir="0" index="0" bw="64" slack="0"/>
<pin id="50" dir="0" index="1" bw="64" slack="0"/>
<pin id="51" dir="1" index="2" bw="64" slack="0"/>
</pin_list>
<bind>
<opcode="read(1150) " fcode="read"/>
<opset="x_read/1 "/>
</bind>
</comp>

<comp id="54" class="1004" name="table_mark_V_1_addr_gep_fu_54">
<pin_list>
<pin id="55" dir="0" index="0" bw="58" slack="0"/>
<pin id="56" dir="0" index="1" bw="1" slack="0"/>
<pin id="57" dir="0" index="2" bw="32" slack="0"/>
<pin id="58" dir="1" index="3" bw="7" slack="0"/>
</pin_list>
<bind>
<opcode="getelementptr(29) " fcode="getelementptr"/>
<opset="table_mark_V_1_addr/2 "/>
</bind>
</comp>

<comp id="61" class="1004" name="grp_access_fu_61">
<pin_list>
<pin id="62" dir="0" index="0" bw="7" slack="0"/>
<pin id="63" dir="0" index="1" bw="58" slack="2147483647"/>
<pin id="64" dir="0" index="2" bw="0" slack="2147483647"/>
<pin id="65" dir="1" index="3" bw="58" slack="0"/>
</pin_list>
<bind>
<opcode="load(27) " fcode="load"/>
<opset="table_mark_V_1_load/2 "/>
</bind>
</comp>

<comp id="67" class="1004" name="table_m_V_1_addr_gep_fu_67">
<pin_list>
<pin id="68" dir="0" index="0" bw="63" slack="0"/>
<pin id="69" dir="0" index="1" bw="1" slack="0"/>
<pin id="70" dir="0" index="2" bw="32" slack="0"/>
<pin id="71" dir="1" index="3" bw="7" slack="0"/>
</pin_list>
<bind>
<opcode="getelementptr(29) " fcode="getelementptr"/>
<opset="table_m_V_1_addr/4 "/>
</bind>
</comp>

<comp id="74" class="1004" name="grp_access_fu_74">
<pin_list>
<pin id="75" dir="0" index="0" bw="7" slack="0"/>
<pin id="76" dir="0" index="1" bw="63" slack="2147483647"/>
<pin id="77" dir="0" index="2" bw="0" slack="2147483647"/>
<pin id="78" dir="1" index="3" bw="63" slack="1"/>
</pin_list>
<bind>
<opcode="load(27) " fcode="load"/>
<opset="r_V/4 "/>
</bind>
</comp>

<comp id="80" class="1004" name="table_n_V_1_addr_gep_fu_80">
<pin_list>
<pin id="81" dir="0" index="0" bw="56" slack="0"/>
<pin id="82" dir="0" index="1" bw="1" slack="0"/>
<pin id="83" dir="0" index="2" bw="32" slack="0"/>
<pin id="84" dir="1" index="3" bw="7" slack="0"/>
</pin_list>
<bind>
<opcode="getelementptr(29) " fcode="getelementptr"/>
<opset="table_n_V_1_addr/4 "/>
</bind>
</comp>

<comp id="87" class="1004" name="grp_access_fu_87">
<pin_list>
<pin id="88" dir="0" index="0" bw="7" slack="0"/>
<pin id="89" dir="0" index="1" bw="56" slack="2147483647"/>
<pin id="90" dir="0" index="2" bw="0" slack="2147483647"/>
<pin id="91" dir="1" index="3" bw="56" slack="6"/>
</pin_list>
<bind>
<opcode="load(27) " fcode="load"/>
<opset="rhs/4 "/>
</bind>
</comp>

<comp id="93" class="1005" name="intervalo_begin_reg_93">
<pin_list>
<pin id="94" dir="0" index="0" bw="32" slack="1"/>
<pin id="95" dir="1" index="1" bw="32" slack="1"/>
</pin_list>
<bind>
<opset="intervalo_begin (phireg) "/>
</bind>
</comp>

<comp id="97" class="1004" name="intervalo_begin_phi_fu_97">
<pin_list>
<pin id="98" dir="0" index="0" bw="32" slack="1"/>
<pin id="99" dir="0" index="1" bw="0" slack="2147483647"/>
<pin id="100" dir="0" index="2" bw="1" slack="1"/>
<pin id="101" dir="0" index="3" bw="0" slack="2147483647"/>
<pin id="102" dir="1" index="4" bw="32" slack="0"/>
</pin_list>
<bind>
<opcode="phi(47) " fcode="phi"/>
<opset="intervalo_begin/2 "/>
</bind>
</comp>

<comp id="105" class="1005" name="intervalo_end_reg_105">
<pin_list>
<pin id="106" dir="0" index="0" bw="32" slack="1"/>
<pin id="107" dir="1" index="1" bw="32" slack="1"/>
</pin_list>
<bind>
<opset="intervalo_end (phireg) "/>
</bind>
</comp>

<comp id="109" class="1004" name="intervalo_end_phi_fu_109">
<pin_list>
<pin id="110" dir="0" index="0" bw="32" slack="1"/>
<pin id="111" dir="0" index="1" bw="0" slack="2147483647"/>
<pin id="112" dir="0" index="2" bw="8" slack="1"/>
<pin id="113" dir="0" index="3" bw="0" slack="2147483647"/>
<pin id="114" dir="1" index="4" bw="32" slack="0"/>
</pin_list>
<bind>
<opcode="phi(47) " fcode="phi"/>
<opset="intervalo_end/2 "/>
</bind>
</comp>

<comp id="117" class="1005" name="y_V_reg_117">
<pin_list>
<pin id="118" dir="0" index="0" bw="64" slack="9"/>
<pin id="119" dir="1" index="1" bw="64" slack="9"/>
</pin_list>
<bind>
<opset="y_V (phireg) "/>
</bind>
</comp>

<comp id="121" class="1004" name="y_V_phi_fu_121">
<pin_list>
<pin id="122" dir="0" index="0" bw="64" slack="0"/>
<pin id="123" dir="0" index="1" bw="0" slack="2147483647"/>
<pin id="124" dir="0" index="2" bw="64" slack="9"/>
<pin id="125" dir="0" index="3" bw="0" slack="2147483647"/>
<pin id="126" dir="1" index="4" bw="64" slack="2147483647"/>
</pin_list>
<bind>
<opcode="phi(47) " fcode="phi"/>
<opset="y_V/11 "/>
</bind>
</comp>

<comp id="128" class="1004" name="icmp_ln1495_fu_128">
<pin_list>
<pin id="129" dir="0" index="0" bw="64" slack="0"/>
<pin id="130" dir="0" index="1" bw="64" slack="0"/>
<pin id="131" dir="1" index="2" bw="1" slack="1"/>
</pin_list>
<bind>
<opcode="icmp(45) " fcode="icmp"/>
<opset="icmp_ln1495/1 "/>
</bind>
</comp>

<comp id="134" class="1004" name="sub_ln1007_fu_134">
<pin_list>
<pin id="135" dir="0" index="0" bw="32" slack="0"/>
<pin id="136" dir="0" index="1" bw="32" slack="0"/>
<pin id="137" dir="1" index="2" bw="32" slack="0"/>
</pin_list>
<bind>
<opcode="sub(10) " fcode="sub"/>
<opset="sub_ln1007/2 "/>
</bind>
</comp>

<comp id="140" class="1004" name="tmp_fu_140">
<pin_list>
<pin id="141" dir="0" index="0" bw="31" slack="0"/>
<pin id="142" dir="0" index="1" bw="32" slack="0"/>
<pin id="143" dir="0" index="2" bw="1" slack="0"/>
<pin id="144" dir="0" index="3" bw="6" slack="0"/>
<pin id="145" dir="1" index="4" bw="31" slack="0"/>
</pin_list>
<bind>
<opcode="partselect(1002) " fcode="partselect"/>
<opset="tmp/2 "/>
</bind>
</comp>

<comp id="150" class="1004" name="icmp_ln1007_fu_150">
<pin_list>
<pin id="151" dir="0" index="0" bw="31" slack="0"/>
<pin id="152" dir="0" index="1" bw="31" slack="0"/>
<pin id="153" dir="1" index="2" bw="1" slack="2147483647"/>
</pin_list>
<bind>
<opcode="icmp(45) " fcode="icmp"/>
<opset="icmp_ln1007/2 "/>
</bind>
</comp>

<comp id="156" class="1004" name="div1_i_fu_156">
<pin_list>
<pin id="157" dir="0" index="0" bw="31" slack="0"/>
<pin id="158" dir="0" index="1" bw="32" slack="0"/>
<pin id="159" dir="0" index="2" bw="1" slack="0"/>
<pin id="160" dir="0" index="3" bw="6" slack="0"/>
<pin id="161" dir="1" index="4" bw="31" slack="0"/>
</pin_list>
<bind>
<opcode="partselect(1002) " fcode="partselect"/>
<opset="div1_i/2 "/>
</bind>
</comp>

<comp id="166" class="1004" name="div1_i_cast_fu_166">
<pin_list>
<pin id="167" dir="0" index="0" bw="31" slack="0"/>
<pin id="168" dir="1" index="1" bw="32" slack="0"/>
</pin_list>
<bind>
<opcode="zext(34) " fcode="zext"/>
<opset="div1_i_cast/2 "/>
</bind>
</comp>

<comp id="170" class="1004" name="half_list_fu_170">
<pin_list>
<pin id="171" dir="0" index="0" bw="31" slack="0"/>
<pin id="172" dir="0" index="1" bw="32" slack="0"/>
<pin id="173" dir="1" index="2" bw="32" slack="0"/>
</pin_list>
<bind>
<opcode="add(8) " fcode="add"/>
<opset="half_list/2 "/>
</bind>
</comp>

<comp id="176" class="1004" name="zext_ln1012_fu_176">
<pin_list>
<pin id="177" dir="0" index="0" bw="32" slack="0"/>
<pin id="178" dir="1" index="1" bw="64" slack="0"/>
</pin_list>
<bind>
<opcode="zext(34) " fcode="zext"/>
<opset="zext_ln1012/2 "/>
</bind>
</comp>

<comp id="181" class="1004" name="zext_ln1494_fu_181">
<pin_list>
<pin id="182" dir="0" index="0" bw="58" slack="0"/>
<pin id="183" dir="1" index="1" bw="64" slack="0"/>
</pin_list>
<bind>
<opcode="zext(34) " fcode="zext"/>
<opset="zext_ln1494/3 "/>
</bind>
</comp>

<comp id="185" class="1004" name="icmp_ln1494_fu_185">
<pin_list>
<pin id="186" dir="0" index="0" bw="64" slack="0"/>
<pin id="187" dir="0" index="1" bw="64" slack="2"/>
<pin id="188" dir="1" index="2" bw="1" slack="0"/>
</pin_list>
<bind>
<opcode="icmp(45) " fcode="icmp"/>
<opset="icmp_ln1494/3 "/>
</bind>
</comp>

<comp id="190" class="1004" name="intervalo_begin_2_fu_190">
<pin_list>
<pin id="191" dir="0" index="0" bw="1" slack="0"/>
<pin id="192" dir="0" index="1" bw="32" slack="1"/>
<pin id="193" dir="0" index="2" bw="32" slack="1"/>
<pin id="194" dir="1" index="3" bw="32" slack="1"/>
</pin_list>
<bind>
<opcode="select(49) " fcode="select"/>
<opset="intervalo_begin_2/3 "/>
</bind>
</comp>

<comp id="197" class="1004" name="intervalo_end_2_fu_197">
<pin_list>
<pin id="198" dir="0" index="0" bw="1" slack="0"/>
<pin id="199" dir="0" index="1" bw="32" slack="1"/>
<pin id="200" dir="0" index="2" bw="32" slack="1"/>
<pin id="201" dir="1" index="3" bw="32" slack="1"/>
</pin_list>
<bind>
<opcode="select(49) " fcode="select"/>
<opset="intervalo_end_2/3 "/>
</bind>
</comp>

<comp id="204" class="1004" name="zext_ln1792_fu_204">
<pin_list>
<pin id="205" dir="0" index="0" bw="32" slack="1"/>
<pin id="206" dir="1" index="1" bw="64" slack="0"/>
</pin_list>
<bind>
<opcode="zext(34) " fcode="zext"/>
<opset="zext_ln1792/4 "/>
</bind>
</comp>

<comp id="210" class="1004" name="sext_ln1115_fu_210">
<pin_list>
<pin id="211" dir="0" index="0" bw="63" slack="1"/>
<pin id="212" dir="1" index="1" bw="112" slack="0"/>
</pin_list>
<bind>
<opcode="sext(35) " fcode="sext"/>
<opset="sext_ln1115/6 "/>
</bind>
</comp>

<comp id="213" class="1004" name="zext_ln1118_fu_213">
<pin_list>
<pin id="214" dir="0" index="0" bw="64" slack="4"/>
<pin id="215" dir="1" index="1" bw="112" slack="0"/>
</pin_list>
<bind>
<opcode="zext(34) " fcode="zext"/>
<opset="zext_ln1118/6 "/>
</bind>
</comp>

<comp id="216" class="1004" name="grp_fu_216">
<pin_list>
<pin id="217" dir="0" index="0" bw="63" slack="0"/>
<pin id="218" dir="0" index="1" bw="64" slack="0"/>
<pin id="219" dir="1" index="2" bw="112" slack="1"/>
</pin_list>
<bind>
<opcode="mul(12) " fcode="mul"/>
<opset="r_V_35/6 "/>
</bind>
</comp>

<comp id="222" class="1004" name="rhs_8_fu_222">
<pin_list>
<pin id="223" dir="0" index="0" bw="104" slack="0"/>
<pin id="224" dir="0" index="1" bw="56" slack="6"/>
<pin id="225" dir="0" index="2" bw="1" slack="0"/>
<pin id="226" dir="1" index="3" bw="104" slack="0"/>
</pin_list>
<bind>
<opcode="bitconcatenate(1004) " fcode="bitconcatenate"/>
<opset="rhs_8/11 "/>
</bind>
</comp>

<comp id="229" class="1004" name="zext_ln1192_fu_229">
<pin_list>
<pin id="230" dir="0" index="0" bw="104" slack="0"/>
<pin id="231" dir="1" index="1" bw="112" slack="0"/>
</pin_list>
<bind>
<opcode="zext(34) " fcode="zext"/>
<opset="zext_ln1192/11 "/>
</bind>
</comp>

<comp id="233" class="1004" name="ret_V_fu_233">
<pin_list>
<pin id="234" dir="0" index="0" bw="104" slack="0"/>
<pin id="235" dir="0" index="1" bw="112" slack="1"/>
<pin id="236" dir="1" index="2" bw="112" slack="0"/>
</pin_list>
<bind>
<opcode="add(8) " fcode="add"/>
<opset="ret_V/11 "/>
</bind>
</comp>

<comp id="238" class="1004" name="trunc_ln_fu_238">
<pin_list>
<pin id="239" dir="0" index="0" bw="64" slack="0"/>
<pin id="240" dir="0" index="1" bw="112" slack="0"/>
<pin id="241" dir="0" index="2" bw="7" slack="0"/>
<pin id="242" dir="0" index="3" bw="8" slack="0"/>
<pin id="243" dir="1" index="4" bw="64" slack="0"/>
</pin_list>
<bind>
<opcode="partselect(1002) " fcode="partselect"/>
<opset="trunc_ln/11 "/>
</bind>
</comp>

<comp id="249" class="1005" name="x_read_reg_249">
<pin_list>
<pin id="250" dir="0" index="0" bw="64" slack="2"/>
<pin id="251" dir="1" index="1" bw="64" slack="2"/>
</pin_list>
<bind>
<opset="x_read "/>
</bind>
</comp>

<comp id="255" class="1005" name="icmp_ln1495_reg_255">
<pin_list>
<pin id="256" dir="0" index="0" bw="1" slack="1"/>
<pin id="257" dir="1" index="1" bw="1" slack="2147483647"/>
</pin_list>
<bind>
<opset="icmp_ln1495 "/>
</bind>
</comp>

<comp id="262" class="1005" name="half_list_reg_262">
<pin_list>
<pin id="263" dir="0" index="0" bw="32" slack="1"/>
<pin id="264" dir="1" index="1" bw="32" slack="1"/>
</pin_list>
<bind>
<opset="half_list "/>
</bind>
</comp>

<comp id="268" class="1005" name="table_mark_V_1_addr_reg_268">
<pin_list>
<pin id="269" dir="0" index="0" bw="7" slack="1"/>
<pin id="270" dir="1" index="1" bw="7" slack="1"/>
</pin_list>
<bind>
<opset="table_mark_V_1_addr "/>
</bind>
</comp>

<comp id="273" class="1005" name="intervalo_begin_2_reg_273">
<pin_list>
<pin id="274" dir="0" index="0" bw="32" slack="1"/>
<pin id="275" dir="1" index="1" bw="32" slack="1"/>
</pin_list>
<bind>
<opset="intervalo_begin_2 "/>
</bind>
</comp>

<comp id="278" class="1005" name="intervalo_end_2_reg_278">
<pin_list>
<pin id="279" dir="0" index="0" bw="32" slack="1"/>
<pin id="280" dir="1" index="1" bw="32" slack="1"/>
</pin_list>
<bind>
<opset="intervalo_end_2 "/>
</bind>
</comp>

<comp id="283" class="1005" name="table_m_V_1_addr_reg_283">
<pin_list>
<pin id="284" dir="0" index="0" bw="7" slack="1"/>
<pin id="285" dir="1" index="1" bw="7" slack="1"/>
</pin_list>
<bind>
<opset="table_m_V_1_addr "/>
</bind>
</comp>

<comp id="288" class="1005" name="table_n_V_1_addr_reg_288">
<pin_list>
<pin id="289" dir="0" index="0" bw="7" slack="1"/>
<pin id="290" dir="1" index="1" bw="7" slack="1"/>
</pin_list>
<bind>
<opset="table_n_V_1_addr "/>
</bind>
</comp>

<comp id="293" class="1005" name="r_V_reg_293">
<pin_list>
<pin id="294" dir="0" index="0" bw="63" slack="1"/>
<pin id="295" dir="1" index="1" bw="63" slack="1"/>
</pin_list>
<bind>
<opset="r_V "/>
</bind>
</comp>

<comp id="298" class="1005" name="rhs_reg_298">
<pin_list>
<pin id="299" dir="0" index="0" bw="56" slack="6"/>
<pin id="300" dir="1" index="1" bw="56" slack="6"/>
</pin_list>
<bind>
<opset="rhs "/>
</bind>
</comp>

<comp id="303" class="1005" name="sext_ln1115_reg_303">
<pin_list>
<pin id="304" dir="0" index="0" bw="112" slack="1"/>
<pin id="305" dir="1" index="1" bw="112" slack="1"/>
</pin_list>
<bind>
<opset="sext_ln1115 "/>
</bind>
</comp>

<comp id="308" class="1005" name="zext_ln1118_reg_308">
<pin_list>
<pin id="309" dir="0" index="0" bw="112" slack="1"/>
<pin id="310" dir="1" index="1" bw="112" slack="1"/>
</pin_list>
<bind>
<opset="zext_ln1118 "/>
</bind>
</comp>

<comp id="313" class="1005" name="r_V_35_reg_313">
<pin_list>
<pin id="314" dir="0" index="0" bw="112" slack="1"/>
<pin id="315" dir="1" index="1" bw="112" slack="1"/>
</pin_list>
<bind>
<opset="r_V_35 "/>
</bind>
</comp>

</comp_list>

<net_list>
<net id="52"><net_src comp="8" pin="0"/><net_sink comp="48" pin=0"/></net>

<net id="53"><net_src comp="0" pin="0"/><net_sink comp="48" pin=1"/></net>

<net id="59"><net_src comp="2" pin="0"/><net_sink comp="54" pin=0"/></net>

<net id="60"><net_src comp="30" pin="0"/><net_sink comp="54" pin=1"/></net>

<net id="66"><net_src comp="54" pin="3"/><net_sink comp="61" pin=0"/></net>

<net id="72"><net_src comp="4" pin="0"/><net_sink comp="67" pin=0"/></net>

<net id="73"><net_src comp="30" pin="0"/><net_sink comp="67" pin=1"/></net>

<net id="79"><net_src comp="67" pin="3"/><net_sink comp="74" pin=0"/></net>

<net id="85"><net_src comp="6" pin="0"/><net_sink comp="80" pin=0"/></net>

<net id="86"><net_src comp="30" pin="0"/><net_sink comp="80" pin=1"/></net>

<net id="92"><net_src comp="80" pin="3"/><net_sink comp="87" pin=0"/></net>

<net id="96"><net_src comp="12" pin="0"/><net_sink comp="93" pin=0"/></net>

<net id="103"><net_src comp="93" pin="1"/><net_sink comp="97" pin=2"/></net>

<net id="104"><net_src comp="97" pin="4"/><net_sink comp="93" pin=0"/></net>

<net id="108"><net_src comp="14" pin="0"/><net_sink comp="105" pin=0"/></net>

<net id="115"><net_src comp="105" pin="1"/><net_sink comp="109" pin=2"/></net>

<net id="116"><net_src comp="109" pin="4"/><net_sink comp="105" pin=0"/></net>

<net id="120"><net_src comp="46" pin="0"/><net_sink comp="117" pin=0"/></net>

<net id="127"><net_src comp="117" pin="1"/><net_sink comp="121" pin=2"/></net>

<net id="132"><net_src comp="48" pin="2"/><net_sink comp="128" pin=0"/></net>

<net id="133"><net_src comp="10" pin="0"/><net_sink comp="128" pin=1"/></net>

<net id="138"><net_src comp="109" pin="4"/><net_sink comp="134" pin=0"/></net>

<net id="139"><net_src comp="97" pin="4"/><net_sink comp="134" pin=1"/></net>

<net id="146"><net_src comp="24" pin="0"/><net_sink comp="140" pin=0"/></net>

<net id="147"><net_src comp="134" pin="2"/><net_sink comp="140" pin=1"/></net>

<net id="148"><net_src comp="20" pin="0"/><net_sink comp="140" pin=2"/></net>

<net id="149"><net_src comp="26" pin="0"/><net_sink comp="140" pin=3"/></net>

<net id="154"><net_src comp="140" pin="4"/><net_sink comp="150" pin=0"/></net>

<net id="155"><net_src comp="28" pin="0"/><net_sink comp="150" pin=1"/></net>

<net id="162"><net_src comp="24" pin="0"/><net_sink comp="156" pin=0"/></net>

<net id="163"><net_src comp="134" pin="2"/><net_sink comp="156" pin=1"/></net>

<net id="164"><net_src comp="20" pin="0"/><net_sink comp="156" pin=2"/></net>

<net id="165"><net_src comp="26" pin="0"/><net_sink comp="156" pin=3"/></net>

<net id="169"><net_src comp="156" pin="4"/><net_sink comp="166" pin=0"/></net>

<net id="174"><net_src comp="166" pin="1"/><net_sink comp="170" pin=0"/></net>

<net id="175"><net_src comp="97" pin="4"/><net_sink comp="170" pin=1"/></net>

<net id="179"><net_src comp="170" pin="2"/><net_sink comp="176" pin=0"/></net>

<net id="180"><net_src comp="176" pin="1"/><net_sink comp="54" pin=2"/></net>

<net id="184"><net_src comp="61" pin="3"/><net_sink comp="181" pin=0"/></net>

<net id="189"><net_src comp="181" pin="1"/><net_sink comp="185" pin=0"/></net>

<net id="195"><net_src comp="185" pin="2"/><net_sink comp="190" pin=0"/></net>

<net id="196"><net_src comp="93" pin="1"/><net_sink comp="190" pin=2"/></net>

<net id="202"><net_src comp="185" pin="2"/><net_sink comp="197" pin=0"/></net>

<net id="203"><net_src comp="105" pin="1"/><net_sink comp="197" pin=1"/></net>

<net id="207"><net_src comp="93" pin="1"/><net_sink comp="204" pin=0"/></net>

<net id="208"><net_src comp="204" pin="1"/><net_sink comp="67" pin=2"/></net>

<net id="209"><net_src comp="204" pin="1"/><net_sink comp="80" pin=2"/></net>

<net id="220"><net_src comp="210" pin="1"/><net_sink comp="216" pin=0"/></net>

<net id="221"><net_src comp="213" pin="1"/><net_sink comp="216" pin=1"/></net>

<net id="227"><net_src comp="36" pin="0"/><net_sink comp="222" pin=0"/></net>

<net id="228"><net_src comp="38" pin="0"/><net_sink comp="222" pin=2"/></net>

<net id="232"><net_src comp="222" pin="3"/><net_sink comp="229" pin=0"/></net>

<net id="237"><net_src comp="229" pin="1"/><net_sink comp="233" pin=0"/></net>

<net id="244"><net_src comp="40" pin="0"/><net_sink comp="238" pin=0"/></net>

<net id="245"><net_src comp="233" pin="2"/><net_sink comp="238" pin=1"/></net>

<net id="246"><net_src comp="42" pin="0"/><net_sink comp="238" pin=2"/></net>

<net id="247"><net_src comp="44" pin="0"/><net_sink comp="238" pin=3"/></net>

<net id="248"><net_src comp="238" pin="4"/><net_sink comp="121" pin=0"/></net>

<net id="252"><net_src comp="48" pin="2"/><net_sink comp="249" pin=0"/></net>

<net id="253"><net_src comp="249" pin="1"/><net_sink comp="185" pin=1"/></net>

<net id="254"><net_src comp="249" pin="1"/><net_sink comp="213" pin=0"/></net>

<net id="258"><net_src comp="128" pin="2"/><net_sink comp="255" pin=0"/></net>

<net id="265"><net_src comp="170" pin="2"/><net_sink comp="262" pin=0"/></net>

<net id="266"><net_src comp="262" pin="1"/><net_sink comp="190" pin=1"/></net>

<net id="267"><net_src comp="262" pin="1"/><net_sink comp="197" pin=2"/></net>

<net id="271"><net_src comp="54" pin="3"/><net_sink comp="268" pin=0"/></net>

<net id="272"><net_src comp="268" pin="1"/><net_sink comp="61" pin=0"/></net>

<net id="276"><net_src comp="190" pin="3"/><net_sink comp="273" pin=0"/></net>

<net id="277"><net_src comp="273" pin="1"/><net_sink comp="97" pin=0"/></net>

<net id="281"><net_src comp="197" pin="3"/><net_sink comp="278" pin=0"/></net>

<net id="282"><net_src comp="278" pin="1"/><net_sink comp="109" pin=0"/></net>

<net id="286"><net_src comp="67" pin="3"/><net_sink comp="283" pin=0"/></net>

<net id="287"><net_src comp="283" pin="1"/><net_sink comp="74" pin=0"/></net>

<net id="291"><net_src comp="80" pin="3"/><net_sink comp="288" pin=0"/></net>

<net id="292"><net_src comp="288" pin="1"/><net_sink comp="87" pin=0"/></net>

<net id="296"><net_src comp="74" pin="3"/><net_sink comp="293" pin=0"/></net>

<net id="297"><net_src comp="293" pin="1"/><net_sink comp="210" pin=0"/></net>

<net id="301"><net_src comp="87" pin="3"/><net_sink comp="298" pin=0"/></net>

<net id="302"><net_src comp="298" pin="1"/><net_sink comp="222" pin=1"/></net>

<net id="306"><net_src comp="210" pin="1"/><net_sink comp="303" pin=0"/></net>

<net id="307"><net_src comp="303" pin="1"/><net_sink comp="216" pin=0"/></net>

<net id="311"><net_src comp="213" pin="1"/><net_sink comp="308" pin=0"/></net>

<net id="312"><net_src comp="308" pin="1"/><net_sink comp="216" pin=1"/></net>

<net id="316"><net_src comp="216" pin="2"/><net_sink comp="313" pin=0"/></net>

<net id="317"><net_src comp="313" pin="1"/><net_sink comp="233" pin=1"/></net>

</net_list>

</model> 
---------------- Datapath Model END ------------------

* FSMD analyzer results:
  - Output states:
	Port: table_mark_V_1 | {}
	Port: table_m_V_1 | {}
	Port: table_n_V_1 | {}
 - Input state : 
	Port: INV_LUT : x | {1 }
	Port: INV_LUT : table_mark_V_1 | {2 3 }
	Port: INV_LUT : table_m_V_1 | {4 5 }
	Port: INV_LUT : table_n_V_1 | {4 5 }
  - Chain level:
	State 1
		br_ln1784 : 1
	State 2
		sub_ln1007 : 1
		tmp : 2
		icmp_ln1007 : 3
		br_ln1007 : 4
		div1_i : 2
		div1_i_cast : 3
		half_list : 4
		zext_ln1012 : 5
		table_mark_V_1_addr : 6
		table_mark_V_1_load : 7
	State 3
		zext_ln1494 : 1
		icmp_ln1494 : 2
		intervalo_begin_2 : 3
		intervalo_end_2 : 3
	State 4
		table_m_V_1_addr : 1
		r_V : 2
		table_n_V_1_addr : 1
		rhs : 2
	State 5
	State 6
		r_V_35 : 1
	State 7
	State 8
	State 9
	State 10
	State 11
		zext_ln1192 : 1
		ret_V : 2
		trunc_ln : 3
		y_V : 4
		ret_ln1797 : 5


============================================================
+ Verbose Summary: Datapath Resource usage 
============================================================

* Functional unit list:
|----------|--------------------------|---------|---------|---------|
| Operation|      Functional Unit     |   DSP   |    FF   |   LUT   |
|----------|--------------------------|---------|---------|---------|
|    mul   |        grp_fu_216        |    4    |   441   |   256   |
|----------|--------------------------|---------|---------|---------|
|    add   |     half_list_fu_170     |    0    |    0    |    39   |
|          |       ret_V_fu_233       |    0    |    0    |   119   |
|----------|--------------------------|---------|---------|---------|
|          |    icmp_ln1495_fu_128    |    0    |    0    |    29   |
|   icmp   |    icmp_ln1007_fu_150    |    0    |    0    |    17   |
|          |    icmp_ln1494_fu_185    |    0    |    0    |    29   |
|----------|--------------------------|---------|---------|---------|
|  select  | intervalo_begin_2_fu_190 |    0    |    0    |    32   |
|          |  intervalo_end_2_fu_197  |    0    |    0    |    32   |
|----------|--------------------------|---------|---------|---------|
|    sub   |     sub_ln1007_fu_134    |    0    |    0    |    39   |
|----------|--------------------------|---------|---------|---------|
|   read   |     x_read_read_fu_48    |    0    |    0    |    0    |
|----------|--------------------------|---------|---------|---------|
|          |        tmp_fu_140        |    0    |    0    |    0    |
|partselect|       div1_i_fu_156      |    0    |    0    |    0    |
|          |      trunc_ln_fu_238     |    0    |    0    |    0    |
|----------|--------------------------|---------|---------|---------|
|          |    div1_i_cast_fu_166    |    0    |    0    |    0    |
|          |    zext_ln1012_fu_176    |    0    |    0    |    0    |
|   zext   |    zext_ln1494_fu_181    |    0    |    0    |    0    |
|          |    zext_ln1792_fu_204    |    0    |    0    |    0    |
|          |    zext_ln1118_fu_213    |    0    |    0    |    0    |
|          |    zext_ln1192_fu_229    |    0    |    0    |    0    |
|----------|--------------------------|---------|---------|---------|
|   sext   |    sext_ln1115_fu_210    |    0    |    0    |    0    |
|----------|--------------------------|---------|---------|---------|
|bitconcatenate|       rhs_8_fu_222       |    0    |    0    |    0    |
|----------|--------------------------|---------|---------|---------|
|   Total  |                          |    4    |   441   |   592   |
|----------|--------------------------|---------|---------|---------|

Memories:
N/A

* Register list:
+---------------------------+--------+
|                           |   FF   |
+---------------------------+--------+
|     half_list_reg_262     |   32   |
|    icmp_ln1495_reg_255    |    1   |
| intervalo_begin_2_reg_273 |   32   |
|   intervalo_begin_reg_93  |   32   |
|  intervalo_end_2_reg_278  |   32   |
|   intervalo_end_reg_105   |   32   |
|       r_V_35_reg_313      |   112  |
|        r_V_reg_293        |   63   |
|        rhs_reg_298        |   56   |
|    sext_ln1115_reg_303    |   112  |
|  table_m_V_1_addr_reg_283 |    7   |
|table_mark_V_1_addr_reg_268|    7   |
|  table_n_V_1_addr_reg_288 |    7   |
|       x_read_reg_249      |   64   |
|        y_V_reg_117        |   64   |
|    zext_ln1118_reg_308    |   112  |
+---------------------------+--------+
|           Total           |   765  |
+---------------------------+--------+

* Multiplexer (MUX) list: 
|------------------------|------|------|------|--------||---------||---------|
|          Comp          |  Pin | Size |  BW  | S x BW ||  Delay  ||   LUT   |
|------------------------|------|------|------|--------||---------||---------|
|    grp_access_fu_61    |  p0  |   2  |   7  |   14   ||    9    |
|    grp_access_fu_74    |  p0  |   2  |   7  |   14   ||    9    |
|    grp_access_fu_87    |  p0  |   2  |   7  |   14   ||    9    |
| intervalo_begin_reg_93 |  p0  |   2  |  32  |   64   ||    9    |
|  intervalo_end_reg_105 |  p0  |   2  |  32  |   64   ||    9    |
|       grp_fu_216       |  p0  |   2  |  63  |   126  ||    9    |
|       grp_fu_216       |  p1  |   2  |  64  |   128  ||    9    |
|------------------------|------|------|------|--------||---------||---------|
|          Total         |      |      |      |   424  ||  9.268  ||    63   |
|------------------------|------|------|------|--------||---------||---------|



* Summary:
+-----------+--------+--------+--------+--------+
|           |   DSP  |  Delay |   FF   |   LUT  |
+-----------+--------+--------+--------+--------+
|  Function |    4   |    -   |   441  |   592  |
|   Memory  |    -   |    -   |    -   |    -   |
|Multiplexer|    -   |    9   |    -   |   63   |
|  Register |    -   |    -   |   765  |    -   |
+-----------+--------+--------+--------+--------+
|   Total   |    4   |    9   |  1206  |   655  |
+-----------+--------+--------+--------+--------+
