

================================================================
== Vitis HLS Report for 'sin_2000'
================================================================
* Date:           Fri Jul 10 13:31:02 2026

* Version:        2020.2 (Build 3064766 on Wed Nov 18 09:12:45 MST 2020)
* Project:        PLL2026
* Solution:       solution1 (Vivado IP Flow Target)
* Product family: artix7
* Target device:  xc7a200t-fbg676-2


================================================================
== Performance Estimates
================================================================
+ Timing: 
    * Summary: 
    +--------+----------+----------+------------+
    |  Clock |  Target  | Estimated| Uncertainty|
    +--------+----------+----------+------------+
    |ap_clk  |  10.00 ns|  7.153 ns|     2.70 ns|
    +--------+----------+----------+------------+

+ Latency: 
    * Summary: 
    +---------+---------+----------+----------+-----+-----+---------+
    |  Latency (cycles) |  Latency (absolute) |  Interval | Pipeline|
    |   min   |   max   |    min   |    max   | min | max |   Type  |
    +---------+---------+----------+----------+-----+-----+---------+
    |       10|       10|  0.100 us|  0.100 us|   10|   10|     none|
    +---------+---------+----------+----------+-----+-----+---------+

    + Detail: 
        * Instance: 
        N/A

        * Loop: 
        N/A

============================================================
+ Verbose Summary: Synthesis Manager
============================================================
InlineROM: 1
ExposeGlobal: 0
============================================================
+ Verbose Summary: CDFG Model
============================================================
IsTopModel: 0
ResetActiveHigh: 1
IsCombinational: 0
IsDatapathOnly: 0
HasWiredReturn: 1
HasMFsm: 0
HasVarLatency: 1
IsPipeline: 0
IsRtlPipelined: 0
IsInstanceOverlapped: 0
IsDontTouch: 0
HasImplIP: 0
IsGatedGlobalClock: 0


============================================================
+ Verbose Summary: Schedule
============================================================
* Number of FSM states : 11
* Pipeline : 0
* Dataflow Pipeline: 0

* FSM state transitions: 
1 --> 2 
2 --> 3 
3 --> 4 
4 --> 5 
5 --> 6 
6 --> 7 
7 --> 8 
8 --> 9 
9 --> 10 
10 --> 11 
11 --> 

* FSM state operations: 

State 1 <SV = 0> <Delay = 7.15>
ST_1 : Operation 12 [1/1] (0.00ns)   --->   "%theta_in_read = read i64 @_ssdm_op_Read.ap_auto.i64, i64 %theta_in" [../../C-Codes/Fixed_x64/PLL2026_x64.cpp:388]   --->   Operation 12 'read' 'theta_in_read' <Predicate = true> <Delay = 0.00>
ST_1 : Operation 13 [1/1] (2.34ns)   --->   "%icmp_ln1494 = icmp_sgt  i64 %theta_in_read, i64 5305678314021330"   --->   Operation 13 'icmp' 'icmp_ln1494' <Predicate = true> <Delay = 2.34> <CoreInst = "Cmp">   --->   Core 9 'Cmp' <Latency = 0> <II = 1> <Delay = 2.06> <FuncUnit> <Opcode : 'icmp'> <InPorts = 2> <OutPorts = 1>
ST_1 : Operation 14 [1/1] (2.99ns)   --->   "%angulo_V_1 = add i64 %theta_in_read, i64 18441438395395530286"   --->   Operation 14 'add' 'angulo_V_1' <Predicate = true> <Delay = 2.99> <CoreInst = "Adder">   --->   Core 1 'Adder' <Latency = 0> <II = 1> <Delay = 2.65> <FuncUnit> <Opcode : 'add' 'sub'> <InPorts = 2> <OutPorts = 1>
ST_1 : Operation 15 [1/1] (2.34ns)   --->   "%icmp_ln1494_1 = icmp_sgt  i64 %theta_in_read, i64 3537118876014220"   --->   Operation 15 'icmp' 'icmp_ln1494_1' <Predicate = true> <Delay = 2.34> <CoreInst = "Cmp">   --->   Core 9 'Cmp' <Latency = 0> <II = 1> <Delay = 2.06> <FuncUnit> <Opcode : 'icmp'> <InPorts = 2> <OutPorts = 1>
ST_1 : Operation 16 [1/1] (2.34ns)   --->   "%icmp_ln1495 = icmp_slt  i64 %theta_in_read, i64 5305678314021330"   --->   Operation 16 'icmp' 'icmp_ln1495' <Predicate = true> <Delay = 2.34> <CoreInst = "Cmp">   --->   Core 9 'Cmp' <Latency = 0> <II = 1> <Delay = 2.06> <FuncUnit> <Opcode : 'icmp'> <InPorts = 2> <OutPorts = 1>
ST_1 : Operation 17 [1/1] (0.80ns)   --->   "%and_ln399 = and i1 %icmp_ln1494_1, i1 %icmp_ln1495" [../../C-Codes/Fixed_x64/PLL2026_x64.cpp:399]   --->   Operation 17 'and' 'and_ln399' <Predicate = true> <Delay = 0.80> <CoreInst = "LogicGate">   --->   Core 74 'LogicGate' <Latency = 0> <II = 1> <Delay = 0.80> <FuncUnit> <Opcode : 'and' 'or' 'xor'> <InPorts = 2> <OutPorts = 1>
ST_1 : Operation 18 [1/1] (2.99ns)   --->   "%angulo_V_2 = add i64 %theta_in_read, i64 18443206954833537396"   --->   Operation 18 'add' 'angulo_V_2' <Predicate = true> <Delay = 2.99> <CoreInst = "Adder">   --->   Core 1 'Adder' <Latency = 0> <II = 1> <Delay = 2.65> <FuncUnit> <Opcode : 'add' 'sub'> <InPorts = 2> <OutPorts = 1>
ST_1 : Operation 19 [1/1] (2.34ns)   --->   "%icmp_ln1494_2 = icmp_sgt  i64 %theta_in_read, i64 1768559438007110"   --->   Operation 19 'icmp' 'icmp_ln1494_2' <Predicate = true> <Delay = 2.34> <CoreInst = "Cmp">   --->   Core 9 'Cmp' <Latency = 0> <II = 1> <Delay = 2.06> <FuncUnit> <Opcode : 'icmp'> <InPorts = 2> <OutPorts = 1>
ST_1 : Operation 20 [1/1] (2.34ns)   --->   "%icmp_ln1495_1 = icmp_slt  i64 %theta_in_read, i64 3537118876014220"   --->   Operation 20 'icmp' 'icmp_ln1495_1' <Predicate = true> <Delay = 2.34> <CoreInst = "Cmp">   --->   Core 9 'Cmp' <Latency = 0> <II = 1> <Delay = 2.06> <FuncUnit> <Opcode : 'icmp'> <InPorts = 2> <OutPorts = 1>
ST_1 : Operation 21 [1/1] (0.80ns)   --->   "%and_ln402 = and i1 %icmp_ln1494_2, i1 %icmp_ln1495_1" [../../C-Codes/Fixed_x64/PLL2026_x64.cpp:402]   --->   Operation 21 'and' 'and_ln402' <Predicate = true> <Delay = 0.80> <CoreInst = "LogicGate">   --->   Core 74 'LogicGate' <Latency = 0> <II = 1> <Delay = 0.80> <FuncUnit> <Opcode : 'and' 'or' 'xor'> <InPorts = 2> <OutPorts = 1>
ST_1 : Operation 22 [1/1] (2.99ns)   --->   "%angulo_V_3 = add i64 %theta_in_read, i64 18444975514271544506"   --->   Operation 22 'add' 'angulo_V_3' <Predicate = true> <Delay = 2.99> <CoreInst = "Adder">   --->   Core 1 'Adder' <Latency = 0> <II = 1> <Delay = 2.65> <FuncUnit> <Opcode : 'add' 'sub'> <InPorts = 2> <OutPorts = 1>
ST_1 : Operation 23 [1/1] (2.34ns)   --->   "%icmp_ln1494_3 = icmp_sgt  i64 %theta_in_read, i64 18444975514271544506"   --->   Operation 23 'icmp' 'icmp_ln1494_3' <Predicate = true> <Delay = 2.34> <CoreInst = "Cmp">   --->   Core 9 'Cmp' <Latency = 0> <II = 1> <Delay = 2.06> <FuncUnit> <Opcode : 'icmp'> <InPorts = 2> <OutPorts = 1>
ST_1 : Operation 24 [1/1] (0.00ns)   --->   "%tmp_1 = bitselect i1 @_ssdm_op_BitSelect.i1.i64.i32, i64 %theta_in_read, i32 63"   --->   Operation 24 'bitselect' 'tmp_1' <Predicate = true> <Delay = 0.00>
ST_1 : Operation 25 [1/1] (0.80ns)   --->   "%and_ln405 = and i1 %icmp_ln1494_3, i1 %tmp_1" [../../C-Codes/Fixed_x64/PLL2026_x64.cpp:405]   --->   Operation 25 'and' 'and_ln405' <Predicate = true> <Delay = 0.80> <CoreInst = "LogicGate">   --->   Core 74 'LogicGate' <Latency = 0> <II = 1> <Delay = 0.80> <FuncUnit> <Opcode : 'and' 'or' 'xor'> <InPorts = 2> <OutPorts = 1>
ST_1 : Operation 26 [1/1] (2.99ns)   --->   "%angulo_V_4 = add i64 %theta_in_read, i64 1768559438007110"   --->   Operation 26 'add' 'angulo_V_4' <Predicate = true> <Delay = 2.99> <CoreInst = "Adder">   --->   Core 1 'Adder' <Latency = 0> <II = 1> <Delay = 2.65> <FuncUnit> <Opcode : 'add' 'sub'> <InPorts = 2> <OutPorts = 1>
ST_1 : Operation 27 [1/1] (2.34ns)   --->   "%icmp_ln1494_4 = icmp_sgt  i64 %theta_in_read, i64 18443206954833537396"   --->   Operation 27 'icmp' 'icmp_ln1494_4' <Predicate = true> <Delay = 2.34> <CoreInst = "Cmp">   --->   Core 9 'Cmp' <Latency = 0> <II = 1> <Delay = 2.06> <FuncUnit> <Opcode : 'icmp'> <InPorts = 2> <OutPorts = 1>
ST_1 : Operation 28 [1/1] (2.34ns)   --->   "%icmp_ln1495_2 = icmp_slt  i64 %theta_in_read, i64 18444975514271544506"   --->   Operation 28 'icmp' 'icmp_ln1495_2' <Predicate = true> <Delay = 2.34> <CoreInst = "Cmp">   --->   Core 9 'Cmp' <Latency = 0> <II = 1> <Delay = 2.06> <FuncUnit> <Opcode : 'icmp'> <InPorts = 2> <OutPorts = 1>
ST_1 : Operation 29 [1/1] (2.99ns)   --->   "%angulo_V_5 = add i64 %theta_in_read, i64 3537118876014220"   --->   Operation 29 'add' 'angulo_V_5' <Predicate = true> <Delay = 2.99> <CoreInst = "Adder">   --->   Core 1 'Adder' <Latency = 0> <II = 1> <Delay = 2.65> <FuncUnit> <Opcode : 'add' 'sub'> <InPorts = 2> <OutPorts = 1>
ST_1 : Operation 30 [1/1] (2.34ns)   --->   "%icmp_ln1495_3 = icmp_slt  i64 %theta_in_read, i64 18443206954833537396"   --->   Operation 30 'icmp' 'icmp_ln1495_3' <Predicate = true> <Delay = 2.34> <CoreInst = "Cmp">   --->   Core 9 'Cmp' <Latency = 0> <II = 1> <Delay = 2.06> <FuncUnit> <Opcode : 'icmp'> <InPorts = 2> <OutPorts = 1>
ST_1 : Operation 31 [1/1] (2.99ns)   --->   "%angulo_V_6 = add i64 %theta_in_read, i64 5305678314021330"   --->   Operation 31 'add' 'angulo_V_6' <Predicate = true> <Delay = 2.99> <CoreInst = "Adder">   --->   Core 1 'Adder' <Latency = 0> <II = 1> <Delay = 2.65> <FuncUnit> <Opcode : 'add' 'sub'> <InPorts = 2> <OutPorts = 1>
ST_1 : Operation 32 [1/1] (0.00ns) (grouped into LUT with out node angulo_V_7)   --->   "%select_ln411 = select i1 %icmp_ln1495_3, i64 %angulo_V_6, i64 %theta_in_read" [../../C-Codes/Fixed_x64/PLL2026_x64.cpp:411]   --->   Operation 32 'select' 'select_ln411' <Predicate = true> <Delay = 0.00> <CoreInst = "Sel">   --->   Core 73 'Sel' <Latency = 0> <II = 1> <Delay = 0.74> <FuncUnit> <Opcode : 'select'> <InPorts = 3> <OutPorts = 1>
ST_1 : Operation 33 [1/1] (0.83ns) (out node of the LUT)   --->   "%angulo_V_7 = select i1 %icmp_ln1494, i64 %angulo_V_1, i64 %select_ln411"   --->   Operation 33 'select' 'angulo_V_7' <Predicate = true> <Delay = 0.83> <CoreInst = "Sel">   --->   Core 73 'Sel' <Latency = 0> <II = 1> <Delay = 0.74> <FuncUnit> <Opcode : 'select'> <InPorts = 3> <OutPorts = 1>
ST_1 : Operation 34 [1/1] (0.00ns) (grouped into LUT with out node angulo_V_8)   --->   "%xor_ln1494 = xor i1 %icmp_ln1494, i1 1"   --->   Operation 34 'xor' 'xor_ln1494' <Predicate = true> <Delay = 0.00> <CoreInst = "LogicGate">   --->   Core 74 'LogicGate' <Latency = 0> <II = 1> <Delay = 0.80> <FuncUnit> <Opcode : 'and' 'or' 'xor'> <InPorts = 2> <OutPorts = 1>
ST_1 : Operation 35 [1/1] (0.00ns) (grouped into LUT with out node angulo_V_8)   --->   "%and_ln399_1 = and i1 %and_ln399, i1 %xor_ln1494" [../../C-Codes/Fixed_x64/PLL2026_x64.cpp:399]   --->   Operation 35 'and' 'and_ln399_1' <Predicate = true> <Delay = 0.00> <CoreInst = "LogicGate">   --->   Core 74 'LogicGate' <Latency = 0> <II = 1> <Delay = 0.80> <FuncUnit> <Opcode : 'and' 'or' 'xor'> <InPorts = 2> <OutPorts = 1>
ST_1 : Operation 36 [1/1] (0.83ns) (out node of the LUT)   --->   "%angulo_V_8 = select i1 %and_ln399_1, i64 %angulo_V_2, i64 %angulo_V_7" [../../C-Codes/Fixed_x64/PLL2026_x64.cpp:399]   --->   Operation 36 'select' 'angulo_V_8' <Predicate = true> <Delay = 0.83> <CoreInst = "Sel">   --->   Core 73 'Sel' <Latency = 0> <II = 1> <Delay = 0.74> <FuncUnit> <Opcode : 'select'> <InPorts = 3> <OutPorts = 1>
ST_1 : Operation 37 [1/1] (0.80ns)   --->   "%or_ln399 = or i1 %icmp_ln1494, i1 %and_ln399" [../../C-Codes/Fixed_x64/PLL2026_x64.cpp:399]   --->   Operation 37 'or' 'or_ln399' <Predicate = true> <Delay = 0.80> <CoreInst = "LogicGate">   --->   Core 74 'LogicGate' <Latency = 0> <II = 1> <Delay = 0.80> <FuncUnit> <Opcode : 'and' 'or' 'xor'> <InPorts = 2> <OutPorts = 1>
ST_1 : Operation 38 [1/1] (0.00ns) (grouped into LUT with out node angulo_V_9)   --->   "%xor_ln399 = xor i1 %or_ln399, i1 1" [../../C-Codes/Fixed_x64/PLL2026_x64.cpp:399]   --->   Operation 38 'xor' 'xor_ln399' <Predicate = true> <Delay = 0.00> <CoreInst = "LogicGate">   --->   Core 74 'LogicGate' <Latency = 0> <II = 1> <Delay = 0.80> <FuncUnit> <Opcode : 'and' 'or' 'xor'> <InPorts = 2> <OutPorts = 1>
ST_1 : Operation 39 [1/1] (0.00ns) (grouped into LUT with out node angulo_V_9)   --->   "%and_ln402_1 = and i1 %and_ln402, i1 %xor_ln399" [../../C-Codes/Fixed_x64/PLL2026_x64.cpp:402]   --->   Operation 39 'and' 'and_ln402_1' <Predicate = true> <Delay = 0.00> <CoreInst = "LogicGate">   --->   Core 74 'LogicGate' <Latency = 0> <II = 1> <Delay = 0.80> <FuncUnit> <Opcode : 'and' 'or' 'xor'> <InPorts = 2> <OutPorts = 1>
ST_1 : Operation 40 [1/1] (0.83ns) (out node of the LUT)   --->   "%angulo_V_9 = select i1 %and_ln402_1, i64 %angulo_V_3, i64 %angulo_V_8" [../../C-Codes/Fixed_x64/PLL2026_x64.cpp:402]   --->   Operation 40 'select' 'angulo_V_9' <Predicate = true> <Delay = 0.83> <CoreInst = "Sel">   --->   Core 73 'Sel' <Latency = 0> <II = 1> <Delay = 0.74> <FuncUnit> <Opcode : 'select'> <InPorts = 3> <OutPorts = 1>
ST_1 : Operation 41 [1/1] (0.80ns)   --->   "%or_ln402 = or i1 %or_ln399, i1 %and_ln402" [../../C-Codes/Fixed_x64/PLL2026_x64.cpp:402]   --->   Operation 41 'or' 'or_ln402' <Predicate = true> <Delay = 0.80> <CoreInst = "LogicGate">   --->   Core 74 'LogicGate' <Latency = 0> <II = 1> <Delay = 0.80> <FuncUnit> <Opcode : 'and' 'or' 'xor'> <InPorts = 2> <OutPorts = 1>
ST_1 : Operation 42 [1/1] (0.00ns) (grouped into LUT with out node angulo_V_10)   --->   "%xor_ln402 = xor i1 %or_ln402, i1 1" [../../C-Codes/Fixed_x64/PLL2026_x64.cpp:402]   --->   Operation 42 'xor' 'xor_ln402' <Predicate = true> <Delay = 0.00> <CoreInst = "LogicGate">   --->   Core 74 'LogicGate' <Latency = 0> <II = 1> <Delay = 0.80> <FuncUnit> <Opcode : 'and' 'or' 'xor'> <InPorts = 2> <OutPorts = 1>
ST_1 : Operation 43 [1/1] (0.00ns) (grouped into LUT with out node angulo_V_10)   --->   "%and_ln405_1 = and i1 %and_ln405, i1 %xor_ln402" [../../C-Codes/Fixed_x64/PLL2026_x64.cpp:405]   --->   Operation 43 'and' 'and_ln405_1' <Predicate = true> <Delay = 0.00> <CoreInst = "LogicGate">   --->   Core 74 'LogicGate' <Latency = 0> <II = 1> <Delay = 0.80> <FuncUnit> <Opcode : 'and' 'or' 'xor'> <InPorts = 2> <OutPorts = 1>
ST_1 : Operation 44 [1/1] (0.83ns) (out node of the LUT)   --->   "%angulo_V_10 = select i1 %and_ln405_1, i64 %angulo_V_4, i64 %angulo_V_9" [../../C-Codes/Fixed_x64/PLL2026_x64.cpp:405]   --->   Operation 44 'select' 'angulo_V_10' <Predicate = true> <Delay = 0.83> <CoreInst = "Sel">   --->   Core 73 'Sel' <Latency = 0> <II = 1> <Delay = 0.74> <FuncUnit> <Opcode : 'select'> <InPorts = 3> <OutPorts = 1>
ST_1 : Operation 45 [1/1] (0.00ns) (grouped into LUT with out node angulo_V)   --->   "%or_ln405 = or i1 %or_ln402, i1 %and_ln405" [../../C-Codes/Fixed_x64/PLL2026_x64.cpp:405]   --->   Operation 45 'or' 'or_ln405' <Predicate = true> <Delay = 0.00> <CoreInst = "LogicGate">   --->   Core 74 'LogicGate' <Latency = 0> <II = 1> <Delay = 0.80> <FuncUnit> <Opcode : 'and' 'or' 'xor'> <InPorts = 2> <OutPorts = 1>
ST_1 : Operation 46 [1/1] (0.00ns) (grouped into LUT with out node angulo_V)   --->   "%xor_ln405 = xor i1 %or_ln405, i1 1" [../../C-Codes/Fixed_x64/PLL2026_x64.cpp:405]   --->   Operation 46 'xor' 'xor_ln405' <Predicate = true> <Delay = 0.00> <CoreInst = "LogicGate">   --->   Core 74 'LogicGate' <Latency = 0> <II = 1> <Delay = 0.80> <FuncUnit> <Opcode : 'and' 'or' 'xor'> <InPorts = 2> <OutPorts = 1>
ST_1 : Operation 47 [1/1] (0.00ns) (grouped into LUT with out node angulo_V)   --->   "%and_ln408 = and i1 %icmp_ln1495_2, i1 %xor_ln405" [../../C-Codes/Fixed_x64/PLL2026_x64.cpp:408]   --->   Operation 47 'and' 'and_ln408' <Predicate = true> <Delay = 0.00> <CoreInst = "LogicGate">   --->   Core 74 'LogicGate' <Latency = 0> <II = 1> <Delay = 0.80> <FuncUnit> <Opcode : 'and' 'or' 'xor'> <InPorts = 2> <OutPorts = 1>
ST_1 : Operation 48 [1/1] (0.00ns) (grouped into LUT with out node angulo_V)   --->   "%and_ln408_1 = and i1 %and_ln408, i1 %icmp_ln1494_4" [../../C-Codes/Fixed_x64/PLL2026_x64.cpp:408]   --->   Operation 48 'and' 'and_ln408_1' <Predicate = true> <Delay = 0.00> <CoreInst = "LogicGate">   --->   Core 74 'LogicGate' <Latency = 0> <II = 1> <Delay = 0.80> <FuncUnit> <Opcode : 'and' 'or' 'xor'> <InPorts = 2> <OutPorts = 1>
ST_1 : Operation 49 [1/1] (0.83ns) (out node of the LUT)   --->   "%angulo_V = select i1 %and_ln408_1, i64 %angulo_V_5, i64 %angulo_V_10" [../../C-Codes/Fixed_x64/PLL2026_x64.cpp:408]   --->   Operation 49 'select' 'angulo_V' <Predicate = true> <Delay = 0.83> <CoreInst = "Sel">   --->   Core 73 'Sel' <Latency = 0> <II = 1> <Delay = 0.74> <FuncUnit> <Opcode : 'select'> <InPorts = 3> <OutPorts = 1>
ST_1 : Operation 50 [1/1] (0.00ns)   --->   "%p_Result_s = bitselect i1 @_ssdm_op_BitSelect.i1.i64.i32, i64 %angulo_V, i32 63"   --->   Operation 50 'bitselect' 'p_Result_s' <Predicate = true> <Delay = 0.00>

State 2 <SV = 1> <Delay = 3.82>
ST_2 : Operation 51 [1/1] (2.99ns)   --->   "%p_Val2_s = sub i64 0, i64 %angulo_V"   --->   Operation 51 'sub' 'p_Val2_s' <Predicate = (p_Result_s)> <Delay = 2.99> <CoreInst = "Adder">   --->   Core 1 'Adder' <Latency = 0> <II = 1> <Delay = 2.65> <FuncUnit> <Opcode : 'add' 'sub'> <InPorts = 2> <OutPorts = 1>
ST_2 : Operation 52 [1/1] (0.00ns)   --->   "%p_Result_2 = bitset i64 @_ssdm_op_BitSet.i64.i64.i32.i1, i64 %p_Val2_s, i32 63, i1 0"   --->   Operation 52 'bitset' 'p_Result_2' <Predicate = (p_Result_s)> <Delay = 0.00>
ST_2 : Operation 53 [1/1] (0.83ns)   --->   "%theta_abs_V = select i1 %p_Result_s, i64 %p_Result_2, i64 %angulo_V" [C:/Xilinx/Vitis_HLS/2020.2/common/technology/autopilot/hls_round_copysign_apfixed.h:180]   --->   Operation 53 'select' 'theta_abs_V' <Predicate = true> <Delay = 0.83> <CoreInst = "Sel">   --->   Core 73 'Sel' <Latency = 0> <II = 1> <Delay = 0.74> <FuncUnit> <Opcode : 'select'> <InPorts = 3> <OutPorts = 1>

State 3 <SV = 2> <Delay = 5.71>
ST_3 : Operation 54 [1/1] (0.00ns)   --->   "%sext_ln1118 = sext i64 %theta_abs_V"   --->   Operation 54 'sext' 'sext_ln1118' <Predicate = true> <Delay = 0.00>
ST_3 : Operation 55 [5/5] (5.71ns)   --->   "%r_V = mul i121 %sext_ln1118, i121 89775819439232432"   --->   Operation 55 'mul' 'r_V' <Predicate = true> <Delay = 5.71> <CoreInst = "Multiplier">   --->   Core 3 'Multiplier' <Latency = 4> <II = 1> <Delay = 5.71> <FuncUnit> <Opcode : 'mul'> <InPorts = 2> <OutPorts = 1>

State 4 <SV = 3> <Delay = 5.71>
ST_4 : Operation 56 [4/5] (5.71ns)   --->   "%r_V = mul i121 %sext_ln1118, i121 89775819439232432"   --->   Operation 56 'mul' 'r_V' <Predicate = true> <Delay = 5.71> <CoreInst = "Multiplier">   --->   Core 3 'Multiplier' <Latency = 4> <II = 1> <Delay = 5.71> <FuncUnit> <Opcode : 'mul'> <InPorts = 2> <OutPorts = 1>

State 5 <SV = 4> <Delay = 5.71>
ST_5 : Operation 57 [3/5] (5.71ns)   --->   "%r_V = mul i121 %sext_ln1118, i121 89775819439232432"   --->   Operation 57 'mul' 'r_V' <Predicate = true> <Delay = 5.71> <CoreInst = "Multiplier">   --->   Core 3 'Multiplier' <Latency = 4> <II = 1> <Delay = 5.71> <FuncUnit> <Opcode : 'mul'> <InPorts = 2> <OutPorts = 1>

State 6 <SV = 5> <Delay = 5.71>
ST_6 : Operation 58 [2/5] (5.71ns)   --->   "%r_V = mul i121 %sext_ln1118, i121 89775819439232432"   --->   Operation 58 'mul' 'r_V' <Predicate = true> <Delay = 5.71> <CoreInst = "Multiplier">   --->   Core 3 'Multiplier' <Latency = 4> <II = 1> <Delay = 5.71> <FuncUnit> <Opcode : 'mul'> <InPorts = 2> <OutPorts = 1>

State 7 <SV = 6> <Delay = 5.71>
ST_7 : Operation 59 [1/5] (5.71ns)   --->   "%r_V = mul i121 %sext_ln1118, i121 89775819439232432"   --->   Operation 59 'mul' 'r_V' <Predicate = true> <Delay = 5.71> <CoreInst = "Multiplier">   --->   Core 3 'Multiplier' <Latency = 4> <II = 1> <Delay = 5.71> <FuncUnit> <Opcode : 'mul'> <InPorts = 2> <OutPorts = 1>
ST_7 : Operation 60 [1/1] (0.00ns)   --->   "%ret_V = partselect i25 @_ssdm_op_PartSelect.i25.i121.i32.i32, i121 %r_V, i32 96, i32 120"   --->   Operation 60 'partselect' 'ret_V' <Predicate = true> <Delay = 0.00>
ST_7 : Operation 61 [1/1] (0.00ns)   --->   "%trunc_ln851 = trunc i121 %r_V"   --->   Operation 61 'trunc' 'trunc_ln851' <Predicate = true> <Delay = 0.00>

State 8 <SV = 7> <Delay = 5.61>
ST_8 : Operation 62 [1/1] (0.00ns)   --->   "%sext_ln831 = sext i25 %ret_V"   --->   Operation 62 'sext' 'sext_ln831' <Predicate = true> <Delay = 0.00>
ST_8 : Operation 63 [1/1] (0.00ns) (grouped into LUT with out node ret_V_2)   --->   "%p_Result_1 = bitselect i1 @_ssdm_op_BitSelect.i1.i121.i32, i121 %r_V, i32 120"   --->   Operation 63 'bitselect' 'p_Result_1' <Predicate = true> <Delay = 0.00>
ST_8 : Operation 64 [1/1] (2.62ns)   --->   "%icmp_ln851 = icmp_ne  i96 %trunc_ln851, i96 0"   --->   Operation 64 'icmp' 'icmp_ln851' <Predicate = true> <Delay = 2.62> <CoreInst = "Cmp">   --->   Core 9 'Cmp' <Latency = 0> <II = 1> <Delay = 2.06> <FuncUnit> <Opcode : 'icmp'> <InPorts = 2> <OutPorts = 1>
ST_8 : Operation 65 [1/1] (2.03ns)   --->   "%add_ln691 = add i26 %sext_ln831, i26 1"   --->   Operation 65 'add' 'add_ln691' <Predicate = true> <Delay = 2.03> <CoreInst = "Adder">   --->   Core 1 'Adder' <Latency = 0> <II = 1> <Delay = 2.65> <FuncUnit> <Opcode : 'add' 'sub'> <InPorts = 2> <OutPorts = 1>
ST_8 : Operation 66 [1/1] (0.00ns) (grouped into LUT with out node ret_V_2)   --->   "%select_ln850 = select i1 %icmp_ln851, i26 %add_ln691, i26 %sext_ln831"   --->   Operation 66 'select' 'select_ln850' <Predicate = true> <Delay = 0.00> <CoreInst = "Sel">   --->   Core 73 'Sel' <Latency = 0> <II = 1> <Delay = 0.74> <FuncUnit> <Opcode : 'select'> <InPorts = 3> <OutPorts = 1>
ST_8 : Operation 67 [1/1] (0.93ns) (out node of the LUT)   --->   "%ret_V_2 = select i1 %p_Result_1, i26 %select_ln850, i26 %sext_ln831"   --->   Operation 67 'select' 'ret_V_2' <Predicate = true> <Delay = 0.93> <CoreInst = "Sel">   --->   Core 73 'Sel' <Latency = 0> <II = 1> <Delay = 0.74> <FuncUnit> <Opcode : 'select'> <InPorts = 3> <OutPorts = 1>
ST_8 : Operation 68 [1/1] (0.00ns)   --->   "%trunc_ln831 = trunc i26 %ret_V_2"   --->   Operation 68 'trunc' 'trunc_ln831' <Predicate = true> <Delay = 0.00>
ST_8 : Operation 69 [1/1] (2.06ns)   --->   "%icmp_ln978 = icmp_slt  i26 %ret_V_2, i26 500" [../../C-Codes/Fixed_x64/PLL2026_x64.cpp:978]   --->   Operation 69 'icmp' 'icmp_ln978' <Predicate = true> <Delay = 2.06> <CoreInst = "Cmp">   --->   Core 9 'Cmp' <Latency = 0> <II = 1> <Delay = 2.06> <FuncUnit> <Opcode : 'icmp'> <InPorts = 2> <OutPorts = 1>
ST_8 : Operation 70 [1/1] (2.06ns)   --->   "%icmp_ln981 = icmp_slt  i26 %ret_V_2, i26 1000" [../../C-Codes/Fixed_x64/PLL2026_x64.cpp:981]   --->   Operation 70 'icmp' 'icmp_ln981' <Predicate = true> <Delay = 2.06> <CoreInst = "Cmp">   --->   Core 9 'Cmp' <Latency = 0> <II = 1> <Delay = 2.06> <FuncUnit> <Opcode : 'icmp'> <InPorts = 2> <OutPorts = 1>
ST_8 : Operation 71 [1/1] (2.06ns)   --->   "%icmp_ln985 = icmp_slt  i26 %ret_V_2, i26 1500" [../../C-Codes/Fixed_x64/PLL2026_x64.cpp:985]   --->   Operation 71 'icmp' 'icmp_ln985' <Predicate = true> <Delay = 2.06> <CoreInst = "Cmp">   --->   Core 9 'Cmp' <Latency = 0> <II = 1> <Delay = 2.06> <FuncUnit> <Opcode : 'icmp'> <InPorts = 2> <OutPorts = 1>

State 9 <SV = 8> <Delay = 4.50>
ST_9 : Operation 72 [1/1] (0.00ns)   --->   "%zext_ln979 = zext i9 %trunc_ln831" [../../C-Codes/Fixed_x64/PLL2026_x64.cpp:979]   --->   Operation 72 'zext' 'zext_ln979' <Predicate = (icmp_ln978)> <Delay = 0.00>
ST_9 : Operation 73 [1/1] (0.00ns)   --->   "%table_V_addr = getelementptr i49 %table_V, i64 0, i64 %zext_ln979" [../../C-Codes/Fixed_x64/PLL2026_x64.cpp:979]   --->   Operation 73 'getelementptr' 'table_V_addr' <Predicate = (icmp_ln978)> <Delay = 0.00>
ST_9 : Operation 74 [2/2] (2.77ns)   --->   "%out_sin_V = load i9 %table_V_addr" [../../C-Codes/Fixed_x64/PLL2026_x64.cpp:979]   --->   Operation 74 'load' 'out_sin_V' <Predicate = (icmp_ln978)> <Delay = 2.77> <CoreInst = "ROM">   --->   Core 95 'ROM' <Latency = 1> <II = 1> <Delay = 2.77> <Storage> <Opcode : 'load'> <Ports = 0> <Width = 49> <Depth = 500> <ROM>
ST_9 : Operation 75 [1/1] (1.73ns)   --->   "%sub_ln983 = sub i9 487, i9 %trunc_ln831" [../../C-Codes/Fixed_x64/PLL2026_x64.cpp:983]   --->   Operation 75 'sub' 'sub_ln983' <Predicate = true> <Delay = 1.73> <CoreInst = "Adder">   --->   Core 1 'Adder' <Latency = 0> <II = 1> <Delay = 2.65> <FuncUnit> <Opcode : 'add' 'sub'> <InPorts = 2> <OutPorts = 1>
ST_9 : Operation 76 [1/1] (0.00ns)   --->   "%zext_ln983 = zext i9 %sub_ln983" [../../C-Codes/Fixed_x64/PLL2026_x64.cpp:983]   --->   Operation 76 'zext' 'zext_ln983' <Predicate = true> <Delay = 0.00>
ST_9 : Operation 77 [1/1] (0.00ns)   --->   "%table_V_addr_1 = getelementptr i49 %table_V, i64 0, i64 %zext_ln983" [../../C-Codes/Fixed_x64/PLL2026_x64.cpp:983]   --->   Operation 77 'getelementptr' 'table_V_addr_1' <Predicate = true> <Delay = 0.00>
ST_9 : Operation 78 [2/2] (2.77ns)   --->   "%out_sin_V_1 = load i9 %table_V_addr_1" [../../C-Codes/Fixed_x64/PLL2026_x64.cpp:983]   --->   Operation 78 'load' 'out_sin_V_1' <Predicate = true> <Delay = 2.77> <CoreInst = "ROM">   --->   Core 95 'ROM' <Latency = 1> <II = 1> <Delay = 2.77> <Storage> <Opcode : 'load'> <Ports = 0> <Width = 49> <Depth = 500> <ROM>
ST_9 : Operation 79 [1/1] (1.73ns)   --->   "%n_aux = add i9 %trunc_ln831, i9 24" [../../C-Codes/Fixed_x64/PLL2026_x64.cpp:986]   --->   Operation 79 'add' 'n_aux' <Predicate = true> <Delay = 1.73> <CoreInst = "Adder">   --->   Core 1 'Adder' <Latency = 0> <II = 1> <Delay = 2.65> <FuncUnit> <Opcode : 'add' 'sub'> <InPorts = 2> <OutPorts = 1>
ST_9 : Operation 80 [1/1] (0.00ns)   --->   "%zext_ln987 = zext i9 %n_aux" [../../C-Codes/Fixed_x64/PLL2026_x64.cpp:987]   --->   Operation 80 'zext' 'zext_ln987' <Predicate = true> <Delay = 0.00>
ST_9 : Operation 81 [1/1] (0.00ns)   --->   "%table_V_addr_2 = getelementptr i49 %table_V, i64 0, i64 %zext_ln987"   --->   Operation 81 'getelementptr' 'table_V_addr_2' <Predicate = true> <Delay = 0.00>
ST_9 : Operation 82 [2/2] (2.77ns)   --->   "%table_V_load = load i9 %table_V_addr_2"   --->   Operation 82 'load' 'table_V_load' <Predicate = true> <Delay = 2.77> <CoreInst = "ROM">   --->   Core 95 'ROM' <Latency = 1> <II = 1> <Delay = 2.77> <Storage> <Opcode : 'load'> <Ports = 0> <Width = 49> <Depth = 500> <ROM>
ST_9 : Operation 83 [1/1] (1.73ns)   --->   "%sub_ln991 = sub i9 463, i9 %trunc_ln831" [../../C-Codes/Fixed_x64/PLL2026_x64.cpp:991]   --->   Operation 83 'sub' 'sub_ln991' <Predicate = (!icmp_ln978)> <Delay = 1.73> <CoreInst = "Adder">   --->   Core 1 'Adder' <Latency = 0> <II = 1> <Delay = 2.65> <FuncUnit> <Opcode : 'add' 'sub'> <InPorts = 2> <OutPorts = 1>
ST_9 : Operation 84 [1/1] (0.00ns)   --->   "%zext_ln991 = zext i9 %sub_ln991" [../../C-Codes/Fixed_x64/PLL2026_x64.cpp:991]   --->   Operation 84 'zext' 'zext_ln991' <Predicate = (!icmp_ln978)> <Delay = 0.00>
ST_9 : Operation 85 [1/1] (0.00ns)   --->   "%table_V_addr_3 = getelementptr i49 %table_V, i64 0, i64 %zext_ln991"   --->   Operation 85 'getelementptr' 'table_V_addr_3' <Predicate = (!icmp_ln978)> <Delay = 0.00>
ST_9 : Operation 86 [2/2] (2.77ns)   --->   "%table_V_load_1 = load i9 %table_V_addr_3"   --->   Operation 86 'load' 'table_V_load_1' <Predicate = (!icmp_ln978)> <Delay = 2.77> <CoreInst = "ROM">   --->   Core 95 'ROM' <Latency = 1> <II = 1> <Delay = 2.77> <Storage> <Opcode : 'load'> <Ports = 0> <Width = 49> <Depth = 500> <ROM>

State 10 <SV = 9> <Delay = 7.00>
ST_10 : Operation 87 [1/2] (2.77ns)   --->   "%out_sin_V = load i9 %table_V_addr" [../../C-Codes/Fixed_x64/PLL2026_x64.cpp:979]   --->   Operation 87 'load' 'out_sin_V' <Predicate = (icmp_ln978)> <Delay = 2.77> <CoreInst = "ROM">   --->   Core 95 'ROM' <Latency = 1> <II = 1> <Delay = 2.77> <Storage> <Opcode : 'load'> <Ports = 0> <Width = 49> <Depth = 500> <ROM>
ST_10 : Operation 88 [1/1] (0.00ns) (grouped into LUT with out node out_sin_V_5)   --->   "%zext_ln969 = zext i49 %out_sin_V" [../../C-Codes/Fixed_x64/PLL2026_x64.cpp:969]   --->   Operation 88 'zext' 'zext_ln969' <Predicate = (icmp_ln978)> <Delay = 0.00>
ST_10 : Operation 89 [1/2] (2.77ns)   --->   "%out_sin_V_1 = load i9 %table_V_addr_1" [../../C-Codes/Fixed_x64/PLL2026_x64.cpp:983]   --->   Operation 89 'load' 'out_sin_V_1' <Predicate = true> <Delay = 2.77> <CoreInst = "ROM">   --->   Core 95 'ROM' <Latency = 1> <II = 1> <Delay = 2.77> <Storage> <Opcode : 'load'> <Ports = 0> <Width = 49> <Depth = 500> <ROM>
ST_10 : Operation 90 [1/1] (0.00ns) (grouped into LUT with out node out_sin_V_5)   --->   "%zext_ln969_1 = zext i49 %out_sin_V_1" [../../C-Codes/Fixed_x64/PLL2026_x64.cpp:969]   --->   Operation 90 'zext' 'zext_ln969_1' <Predicate = true> <Delay = 0.00>
ST_10 : Operation 91 [1/2] (2.77ns)   --->   "%table_V_load = load i9 %table_V_addr_2"   --->   Operation 91 'load' 'table_V_load' <Predicate = true> <Delay = 2.77> <CoreInst = "ROM">   --->   Core 95 'ROM' <Latency = 1> <II = 1> <Delay = 2.77> <Storage> <Opcode : 'load'> <Ports = 0> <Width = 49> <Depth = 500> <ROM>
ST_10 : Operation 92 [1/1] (2.63ns)   --->   "%out_sin_V_2 = sub i49 0, i49 %table_V_load"   --->   Operation 92 'sub' 'out_sin_V_2' <Predicate = true> <Delay = 2.63> <CoreInst = "Adder">   --->   Core 1 'Adder' <Latency = 0> <II = 1> <Delay = 2.65> <FuncUnit> <Opcode : 'add' 'sub'> <InPorts = 2> <OutPorts = 1>
ST_10 : Operation 93 [1/1] (0.00ns) (grouped into LUT with out node out_sin_V_6)   --->   "%sext_ln969 = sext i49 %out_sin_V_2" [../../C-Codes/Fixed_x64/PLL2026_x64.cpp:969]   --->   Operation 93 'sext' 'sext_ln969' <Predicate = true> <Delay = 0.00>
ST_10 : Operation 94 [1/2] (2.77ns)   --->   "%table_V_load_1 = load i9 %table_V_addr_3"   --->   Operation 94 'load' 'table_V_load_1' <Predicate = (!icmp_ln978)> <Delay = 2.77> <CoreInst = "ROM">   --->   Core 95 'ROM' <Latency = 1> <II = 1> <Delay = 2.77> <Storage> <Opcode : 'load'> <Ports = 0> <Width = 49> <Depth = 500> <ROM>
ST_10 : Operation 95 [1/1] (2.63ns)   --->   "%out_sin_V_3 = sub i49 0, i49 %table_V_load_1"   --->   Operation 95 'sub' 'out_sin_V_3' <Predicate = (!icmp_ln978)> <Delay = 2.63> <CoreInst = "Adder">   --->   Core 1 'Adder' <Latency = 0> <II = 1> <Delay = 2.65> <FuncUnit> <Opcode : 'add' 'sub'> <InPorts = 2> <OutPorts = 1>
ST_10 : Operation 96 [1/1] (0.00ns) (grouped into LUT with out node out_sin_V_5)   --->   "%sext_ln969_1 = sext i49 %out_sin_V_3" [../../C-Codes/Fixed_x64/PLL2026_x64.cpp:969]   --->   Operation 96 'sext' 'sext_ln969_1' <Predicate = (!icmp_ln978)> <Delay = 0.00>
ST_10 : Operation 97 [1/1] (0.00ns) (grouped into LUT with out node out_sin_V_5)   --->   "%out_sin_V_4 = select i1 %icmp_ln978, i50 %zext_ln969, i50 %sext_ln969_1" [../../C-Codes/Fixed_x64/PLL2026_x64.cpp:978]   --->   Operation 97 'select' 'out_sin_V_4' <Predicate = true> <Delay = 0.00> <CoreInst = "Sel">   --->   Core 73 'Sel' <Latency = 0> <II = 1> <Delay = 0.74> <FuncUnit> <Opcode : 'select'> <InPorts = 3> <OutPorts = 1>
ST_10 : Operation 98 [1/1] (0.00ns) (grouped into LUT with out node out_sin_V_5)   --->   "%xor_ln978 = xor i1 %icmp_ln978, i1 1" [../../C-Codes/Fixed_x64/PLL2026_x64.cpp:978]   --->   Operation 98 'xor' 'xor_ln978' <Predicate = true> <Delay = 0.00> <CoreInst = "LogicGate">   --->   Core 74 'LogicGate' <Latency = 0> <II = 1> <Delay = 0.80> <FuncUnit> <Opcode : 'and' 'or' 'xor'> <InPorts = 2> <OutPorts = 1>
ST_10 : Operation 99 [1/1] (0.00ns) (grouped into LUT with out node out_sin_V_5)   --->   "%and_ln981 = and i1 %icmp_ln981, i1 %xor_ln978" [../../C-Codes/Fixed_x64/PLL2026_x64.cpp:981]   --->   Operation 99 'and' 'and_ln981' <Predicate = true> <Delay = 0.00> <CoreInst = "LogicGate">   --->   Core 74 'LogicGate' <Latency = 0> <II = 1> <Delay = 0.80> <FuncUnit> <Opcode : 'and' 'or' 'xor'> <InPorts = 2> <OutPorts = 1>
ST_10 : Operation 100 [1/1] (0.80ns) (out node of the LUT)   --->   "%out_sin_V_5 = select i1 %and_ln981, i50 %zext_ln969_1, i50 %out_sin_V_4" [../../C-Codes/Fixed_x64/PLL2026_x64.cpp:981]   --->   Operation 100 'select' 'out_sin_V_5' <Predicate = true> <Delay = 0.80> <CoreInst = "Sel">   --->   Core 73 'Sel' <Latency = 0> <II = 1> <Delay = 0.74> <FuncUnit> <Opcode : 'select'> <InPorts = 3> <OutPorts = 1>
ST_10 : Operation 101 [1/1] (0.00ns) (grouped into LUT with out node out_sin_V_6)   --->   "%xor_ln981 = xor i1 %icmp_ln981, i1 1" [../../C-Codes/Fixed_x64/PLL2026_x64.cpp:981]   --->   Operation 101 'xor' 'xor_ln981' <Predicate = true> <Delay = 0.00> <CoreInst = "LogicGate">   --->   Core 74 'LogicGate' <Latency = 0> <II = 1> <Delay = 0.80> <FuncUnit> <Opcode : 'and' 'or' 'xor'> <InPorts = 2> <OutPorts = 1>
ST_10 : Operation 102 [1/1] (0.00ns) (grouped into LUT with out node out_sin_V_6)   --->   "%and_ln985 = and i1 %icmp_ln985, i1 %xor_ln981" [../../C-Codes/Fixed_x64/PLL2026_x64.cpp:985]   --->   Operation 102 'and' 'and_ln985' <Predicate = true> <Delay = 0.00> <CoreInst = "LogicGate">   --->   Core 74 'LogicGate' <Latency = 0> <II = 1> <Delay = 0.80> <FuncUnit> <Opcode : 'and' 'or' 'xor'> <InPorts = 2> <OutPorts = 1>
ST_10 : Operation 103 [1/1] (0.80ns) (out node of the LUT)   --->   "%out_sin_V_6 = select i1 %and_ln985, i50 %sext_ln969, i50 %out_sin_V_5" [../../C-Codes/Fixed_x64/PLL2026_x64.cpp:985]   --->   Operation 103 'select' 'out_sin_V_6' <Predicate = true> <Delay = 0.80> <CoreInst = "Sel">   --->   Core 73 'Sel' <Latency = 0> <II = 1> <Delay = 0.74> <FuncUnit> <Opcode : 'select'> <InPorts = 3> <OutPorts = 1>

State 11 <SV = 10> <Delay = 3.40>
ST_11 : Operation 104 [1/1] (2.65ns)   --->   "%sub_ln703 = sub i50 0, i50 %out_sin_V_6"   --->   Operation 104 'sub' 'sub_ln703' <Predicate = (p_Result_s)> <Delay = 2.65> <CoreInst = "Adder">   --->   Core 1 'Adder' <Latency = 0> <II = 1> <Delay = 2.65> <FuncUnit> <Opcode : 'add' 'sub'> <InPorts = 2> <OutPorts = 1>
ST_11 : Operation 105 [1/1] (0.74ns)   --->   "%out_sin_V_8 = select i1 %p_Result_s, i50 %sub_ln703, i50 %out_sin_V_6" [../../C-Codes/Fixed_x64/PLL2026_x64.cpp:994]   --->   Operation 105 'select' 'out_sin_V_8' <Predicate = true> <Delay = 0.74> <CoreInst = "Sel">   --->   Core 73 'Sel' <Latency = 0> <II = 1> <Delay = 0.74> <FuncUnit> <Opcode : 'select'> <InPorts = 3> <OutPorts = 1>
ST_11 : Operation 106 [1/1] (0.00ns)   --->   "%ret_ln1001 = ret i50 %out_sin_V_8" [../../C-Codes/Fixed_x64/PLL2026_x64.cpp:1001]   --->   Operation 106 'ret' 'ret_ln1001' <Predicate = true> <Delay = 0.00>


============================================================
+ Verbose Summary: Timing violations
============================================================
Target clock period: 10ns, clock uncertainty: 2.7ns.

 <State 1>: 7.15ns
The critical path consists of the following:
	wire read on port 'theta_in' (../../C-Codes/Fixed_x64/PLL2026_x64.cpp:388) [4]  (0 ns)
	'add' operation ('angulo.V') [6]  (3 ns)
	'select' operation ('angulo.V') [25]  (0.831 ns)
	'select' operation ('angulo.V', ../../C-Codes/Fixed_x64/PLL2026_x64.cpp:399) [28]  (0.831 ns)
	'select' operation ('angulo.V', ../../C-Codes/Fixed_x64/PLL2026_x64.cpp:402) [32]  (0.831 ns)
	'select' operation ('angulo.V', ../../C-Codes/Fixed_x64/PLL2026_x64.cpp:405) [36]  (0.831 ns)
	'select' operation ('angulo.V', ../../C-Codes/Fixed_x64/PLL2026_x64.cpp:408) [41]  (0.831 ns)

 <State 2>: 3.83ns
The critical path consists of the following:
	'sub' operation ('__Val2__') [42]  (3 ns)
	'select' operation ('theta_abs.V', C:/Xilinx/Vitis_HLS/2020.2/common/technology/autopilot/hls_round_copysign_apfixed.h:180) [45]  (0.831 ns)

 <State 3>: 5.72ns
The critical path consists of the following:
	'mul' operation ('r.V') [47]  (5.72 ns)

 <State 4>: 5.72ns
The critical path consists of the following:
	'mul' operation ('r.V') [47]  (5.72 ns)

 <State 5>: 5.72ns
The critical path consists of the following:
	'mul' operation ('r.V') [47]  (5.72 ns)

 <State 6>: 5.72ns
The critical path consists of the following:
	'mul' operation ('r.V') [47]  (5.72 ns)

 <State 7>: 5.72ns
The critical path consists of the following:
	'mul' operation ('r.V') [47]  (5.72 ns)

 <State 8>: 5.62ns
The critical path consists of the following:
	'icmp' operation ('icmp_ln851') [52]  (2.63 ns)
	'select' operation ('select_ln850') [54]  (0 ns)
	'select' operation ('ret.V') [55]  (0.931 ns)
	'icmp' operation ('icmp_ln978', ../../C-Codes/Fixed_x64/PLL2026_x64.cpp:978) [57]  (2.06 ns)

 <State 9>: 4.51ns
The critical path consists of the following:
	'sub' operation ('sub_ln983', ../../C-Codes/Fixed_x64/PLL2026_x64.cpp:983) [63]  (1.73 ns)
	'getelementptr' operation ('table_V_addr_1', ../../C-Codes/Fixed_x64/PLL2026_x64.cpp:983) [65]  (0 ns)
	'load' operation ('out_sin.V', ../../C-Codes/Fixed_x64/PLL2026_x64.cpp:983) on array 'table_V' [66]  (2.77 ns)

 <State 10>: 7ns
The critical path consists of the following:
	'load' operation ('table_V_load_1') on array 'table_V' [78]  (2.77 ns)
	'sub' operation ('out_sin.V') [79]  (2.63 ns)
	'select' operation ('out_sin.V', ../../C-Codes/Fixed_x64/PLL2026_x64.cpp:978) [81]  (0 ns)
	'select' operation ('out_sin.V', ../../C-Codes/Fixed_x64/PLL2026_x64.cpp:981) [84]  (0.8 ns)
	'select' operation ('out_sin.V', ../../C-Codes/Fixed_x64/PLL2026_x64.cpp:985) [87]  (0.8 ns)

 <State 11>: 3.4ns
The critical path consists of the following:
	'sub' operation ('sub_ln703') [88]  (2.66 ns)
	'select' operation ('out_sin.V', ../../C-Codes/Fixed_x64/PLL2026_x64.cpp:994) [89]  (0.744 ns)


============================================================
+ Verbose Summary: Binding
============================================================
N/A
* FSMD analyzer results:
  - Output states:
 - Input state : 
  - Chain level:
	State 1
	State 2
	State 3
	State 4
	State 5
	State 6
	State 7
	State 8
	State 9
	State 10
	State 11


============================================================
+ Verbose Summary: Datapath Resource usage 
============================================================
N/A
