

================================================================
== Synthesis Summary Report of 'sin_gen_varAmp2_3phi_x64'
================================================================
+ General Information: 
    * Date:           Wed Jul  8 15:09:50 2026
    * Version:        2020.2 (Build 3064766 on Wed Nov 18 09:12:45 MST 2020)
    * Project:        sin_gen_varAmp2_3phi_x64
    * Solution:       solution1 (Vivado IP Flow Target)
    * Product family: artix7
    * Target device:  xc7a200t-fbg676-2
    

+ Performance & Resource Estimates: 
    
    PS: '+' for module; 'o' for loop; '*' for dataflow
    +----------------------------+--------+-------+---------+---------+----------+---------+------+----------+---------+---------+------------+-------------+-----+
    |           Modules          |  Issue |       | Latency | Latency | Iteration|         | Trip |          |         |         |            |             |     |
    |           & Loops          |  Type  | Slack | (cycles)|   (ns)  |  Latency | Interval| Count| Pipelined|  BRAM   |   DSP   |     FF     |     LUT     | URAM|
    +----------------------------+--------+-------+---------+---------+----------+---------+------+----------+---------+---------+------------+-------------+-----+
    |+ sin_gen_varAmp2_3phi_x64  |  Timing|   0.84|       76|  760.000|         -|       77|     -|        no|  36 (4%)|  70 (9%)|  20445 (7%)|  22242 (16%)|    -|
    | + grp_sin_2000_fu_237      |       -|  -0.15|       11|  110.000|         -|       11|     -|        no|  6 (~0%)|  4 (~0%)|   885 (~0%)|    2151 (1%)|    -|
    | + grp_sin_2000_fu_244      |       -|  -0.15|       11|  110.000|         -|       11|     -|        no|  6 (~0%)|  4 (~0%)|   885 (~0%)|    2151 (1%)|    -|
    | + grp_sin_2000_fu_251      |       -|  -0.15|       11|  110.000|         -|       11|     -|        no|  6 (~0%)|  4 (~0%)|   885 (~0%)|    2151 (1%)|    -|
    | + grp_sin_2000_fu_258      |       -|  -0.15|       11|  110.000|         -|       11|     -|        no|  6 (~0%)|  4 (~0%)|   885 (~0%)|    2151 (1%)|    -|
    | + grp_sin_2000_fu_265      |       -|  -0.15|       11|  110.000|         -|       11|     -|        no|  6 (~0%)|  4 (~0%)|   885 (~0%)|    2151 (1%)|    -|
    | + grp_sin_2000_fu_272      |       -|  -0.15|       11|  110.000|         -|       11|     -|        no|  6 (~0%)|  4 (~0%)|   885 (~0%)|    2151 (1%)|    -|
    +----------------------------+--------+-------+---------+---------+----------+---------+------+----------+---------+---------+------------+-------------+-----+

